<area shape="rect" href="$d5/de3/class_assembly.html#9653903bffdfd3072ac6ce69496c6ed3" title="Assembly.getDepth" alt="" coords="252,5,388,32">
<area shape="rect" href="$d5/de3/class_assembly.html#4fc5fbbf4b660caeb6a9ef9584586cbb" title="Assembly.getHeight" alt="" coords="251,56,389,83">
<area shape="rect" href="$d5/de3/class_assembly.html#751de7a93bd9568297d4714b196a312f" title="Assembly.getName" alt="" coords="252,107,388,133">
<area shape="rect" href="$d5/de3/class_assembly.html#ac0519cff9c90bba3c362349fe76eed2" title="Assembly.getScaleX" alt="" coords="249,157,391,184">
<area shape="rect" href="$d5/de3/class_assembly.html#8d3a77f94b2cfe82358008b8aad18fab" title="Assembly.getScaleY" alt="" coords="248,208,392,235">
<area shape="rect" href="$d5/de3/class_assembly.html#9b3bff9834170f24fcb5317f3a3df93b" title="Assembly.getScaleZ" alt="" coords="249,259,391,285">
<area shape="rect" href="$d5/de3/class_assembly.html#fbf13ccb35bf3b88d9f4705f5b35e5de" title="Assembly.getWidth" alt="" coords="252,309,388,336">
<area shape="rect" href="$d5/de3/class_assembly.html#6b765c1eb5e7b683ae30a388399c5931" title="Assembly.isVisible" alt="" coords="255,360,385,387">
