<area shape="rect" href="$d5/de3/class_assembly.html#0c5a3f1fa665d40344e648fd7e81996b" title="Assembly.getHeightMeters" alt="" coords="271,5,449,32">
<area shape="rect" href="$d5/de3/class_assembly.html#d219deaf4879084d154265840408a3d5" title="Assembly.getY" alt="" coords="305,56,415,83">
<area shape="rect" href="$d1/d0e/class_notify_event.html#f51e30f058656f7f19536efc049be923" title="NotifyEvent.setGNREventType" alt="" coords="263,107,457,133">
<area shape="rect" href="$d5/de3/class_assembly.html#838e47b4724e3405a08737b691ed5f51" title="Assembly.setName" alt="" coords="292,157,428,184">
<area shape="rect" href="$d5/de3/class_assembly.html#274a947300615fe3abb7626e5bc4ac2c" title="Assembly.setScaleX" alt="" coords="289,208,431,235">
<area shape="rect" href="$d5/de3/class_assembly.html#02945194ad4b2dba956d549488f450de" title="Assembly.setScaleY" alt="" coords="288,259,432,285">
<area shape="rect" href="$d5/de3/class_assembly.html#949d70948c166f36dd1c989dd5549361" title="Assembly.setScaleZ" alt="" coords="289,309,431,336">
<area shape="rect" href="$d5/de3/class_assembly.html#29396095e0edb6d35adc1f80f9c1e0a8" title="Assembly.setVisible" alt="" coords="291,360,429,387">
<area shape="rect" href="$d5/de3/class_assembly.html#7ac9226c8eaad8ff2f8c310b770b09c2" title="Assembly.setY" alt="" coords="305,411,415,437">
