<area shape="rect" href="$da/d43/class_g_l_camera.html" title="GLCamera" alt="" coords="204,356,287,383">
<area shape="rect" href="$d3/d90/class_g_l_camera_mediator.html" title="GLCameraMediator" alt="" coords="445,199,579,225">
<area shape="rect" href="$d6/db5/class_scene.html" title="Scene" alt="" coords="483,648,541,675">
<area shape="rect" href="$d0/d72/class_vertex.html" title="Vertex" alt="" coords="16,239,75,265">
<area shape="rect" href="$d0/d8e/class_wall_mediator.html" title="WallMediator" alt="" coords="464,36,560,63">
<area shape="rect" href="$df/dbe/class_assembly_mediator.html" title="AssemblyMediator" alt="" coords="448,279,576,305">
<area shape="rect" href="$d3/d14/class_mediator.html" title="Mediator" alt="" coords="209,97,281,124">
<area shape="rect" href="$d5/de3/class_assembly.html" title="Assembly" alt="" coords="205,509,285,536">
<area shape="rect" href="$d9/d49/class_g_l_camera_mediator2_d.html" title="GLCameraMediator2D" alt="" coords="707,148,856,175">
<area shape="rect" href="$d2/dd4/class_g_l_camera_mediator3_d.html" title="GLCameraMediator3D" alt="" coords="707,199,856,225">
<area shape="rect" href="$d5/d7b/class_g_l_canvas.html" title="GLCanvas" alt="" coords="5,716,85,743">
<area shape="rect" href="$d7/df1/class_g_l_canvas2_d.html" title="GLCanvas2D" alt="" coords="197,777,293,804">
<area shape="rect" href="$d5/dbf/class_g_l_canvas3_d.html" title="GLCanvas3D" alt="" coords="197,663,293,689">
<area shape="rect" href="$d4/d2a/class_assembly_mediator2_d.html" title="AssemblyMediator2D" alt="" coords="709,300,853,327">
<area shape="rect" href="$dc/d77/class_assembly_mediator3_d.html" title="AssemblyMediator3D" alt="" coords="709,249,853,276">
