<area shape="rect" href="$d7/d46/class_opx_export.html#90820b334c257f4c37fd4ffc1d713838" title="OpxExport.createOpxStream" alt="" coords="203,551,392,577">
<area shape="rect" href="$d7/d46/class_opx_export.html#56abdb21669dfda5c70672b7a10f28a5" title="OpxExport.createXmlEntry" alt="" coords="440,551,616,577">
<area shape="rect" href="$d7/d46/class_opx_export.html#d33f75991724965a6c5a9789f0a6dda4" title="OpxExport.createScene" alt="" coords="667,247,827,273">
<area shape="rect" href="$d5/de3/class_assembly.html#ed4ea8b1f7dc109c964eb8f0c3c53626" title="Assembly.getPartList" alt="" coords="1103,461,1249,488">
<area shape="rect" href="$d6/db5/class_scene.html#de5fa271cdbb9b7db995c5e4af1f3a48" title="Scene.getGLCamera3D" alt="" coords="668,424,825,451">
<area shape="rect" href="$da/d43/class_g_l_camera.html#df3a4dbe26a03d93fb56a4cb8a306b73" title="GLCamera.getPosition" alt="" coords="671,475,823,501">
<area shape="rect" href="$d6/db5/class_scene.html#9734d1bd04f724bc375d31915478470a" title="Scene.getRootAssembly" alt="" coords="664,525,829,552">
<area shape="rect" href="$da/d43/class_g_l_camera.html#159cef64f00a59131e4b719315c73134" title="GLCamera.getRotatedX" alt="" coords="668,576,825,603">
<area shape="rect" href="$da/d43/class_g_l_camera.html#11bc8c1ea6b37278efb1bb2b7adb7157" title="GLCamera.getRotatedY" alt="" coords="667,627,827,653">
<area shape="rect" href="$da/d43/class_g_l_camera.html#ed9a0b2f888246527b980551fea4baa8" title="GLCamera.getRotatedZ" alt="" coords="668,677,825,704">
<area shape="rect" href="$d0/d72/class_vertex.html#5052ff1eaa3994c79c8b693884127428" title="Vertex.getX" alt="" coords="703,728,791,755">
<area shape="rect" href="$d0/d72/class_vertex.html#ec30db203626f77d260e33726a30b5ca" title="Vertex.getY" alt="" coords="701,779,792,805">
<area shape="rect" href="$d7/d46/class_opx_export.html#06cb4ca246edac4de3f3579cbb963970" title="OpxExport.createAssembly" alt="" coords="1085,157,1267,184">
<area shape="rect" href="$d7/d46/class_opx_export.html#1b975d95a9e214ae701617a57c072a95" title="OpxExport.createGroup" alt="" coords="879,247,1036,273">
<area shape="rect" href="$d5/de3/class_assembly.html#b7d7843a3ab0d155eedbfa59ea109765" title="Assembly.getHash" alt="" coords="1317,157,1448,184">
<area shape="rect" href="$d5/de3/class_assembly.html#751de7a93bd9568297d4714b196a312f" title="Assembly.getName" alt="" coords="1315,208,1451,235">
<area shape="rect" href="$d5/de3/class_assembly.html#b4e654c172af4bcae37e719f94acb555" title="Assembly.getPhi" alt="" coords="1323,259,1443,285">
<area shape="rect" href="$d5/de3/class_assembly.html#34a8d045ba09fa4c42b0d661d1a39ad1" title="Assembly.getRho" alt="" coords="1321,309,1444,336">
<area shape="rect" href="$d5/de3/class_assembly.html#dd3e75ea0452b38a7be52572b0e68f05" title="Assembly.getTheta" alt="" coords="1316,411,1449,437">
<area shape="rect" href="$d5/de3/class_assembly.html#b8d061698a200a8ecc1d2a9f69661c07" title="Assembly.getX" alt="" coords="1329,5,1436,32">
<area shape="rect" href="$d5/de3/class_assembly.html#d219deaf4879084d154265840408a3d5" title="Assembly.getY" alt="" coords="1328,360,1437,387">
<area shape="rect" href="$d5/de3/class_assembly.html#6218514a20e8d802c89884c8a50a20fd" title="Assembly.getZ" alt="" coords="1329,56,1436,83">
<area shape="rect" href="$d5/de3/class_assembly.html#6b765c1eb5e7b683ae30a388399c5931" title="Assembly.isVisible" alt="" coords="1317,107,1448,133">
