<area shape="rect" href="$d5/de3/class_assembly.html#b7d7843a3ab0d155eedbfa59ea109765" title="Assembly.getHash" alt="" coords="237,5,368,32">
<area shape="rect" href="$d5/de3/class_assembly.html#751de7a93bd9568297d4714b196a312f" title="Assembly.getName" alt="" coords="235,56,371,83">
<area shape="rect" href="$d5/de3/class_assembly.html#b4e654c172af4bcae37e719f94acb555" title="Assembly.getPhi" alt="" coords="243,107,363,133">
<area shape="rect" href="$d5/de3/class_assembly.html#34a8d045ba09fa4c42b0d661d1a39ad1" title="Assembly.getRho" alt="" coords="241,157,364,184">
<area shape="rect" href="$d5/de3/class_assembly.html#dd3e75ea0452b38a7be52572b0e68f05" title="Assembly.getTheta" alt="" coords="236,208,369,235">
<area shape="rect" href="$d5/de3/class_assembly.html#b8d061698a200a8ecc1d2a9f69661c07" title="Assembly.getX" alt="" coords="249,259,356,285">
<area shape="rect" href="$d5/de3/class_assembly.html#d219deaf4879084d154265840408a3d5" title="Assembly.getY" alt="" coords="248,309,357,336">
<area shape="rect" href="$d5/de3/class_assembly.html#6218514a20e8d802c89884c8a50a20fd" title="Assembly.getZ" alt="" coords="249,360,356,387">
<area shape="rect" href="$d5/de3/class_assembly.html#6b765c1eb5e7b683ae30a388399c5931" title="Assembly.isVisible" alt="" coords="237,411,368,437">
