<area shape="rect" href="$d6/d71/_g_l_canvas_8cpp.html" title="Y:/PROJECTS/GNR/src/GLCanvas.cpp" alt="" coords="2055,304,2303,331">
<area shape="rect" href="$dd/df7/_g_l_canvas2_d_8h.html" title="Y:/PROJECTS/GNR/src/include/GLCanvas2D.h" alt="" coords="1239,379,1535,405">
<area shape="rect" href="$dc/d47/_g_l_canvas3_d_8h.html" title="Y:/PROJECTS/GNR/src/include/GLCanvas3D.h" alt="" coords="812,379,1108,405">
<area shape="rect" href="$d0/dbc/_g_l_canvas_preview_8h.html" title="Y:/PROJECTS/GNR/src/include/GLCanvasPreview.h" alt="" coords="2063,80,2385,107">
<area shape="rect" href="$d0/de8/_g_l_canvas2_d_8cpp.html" title="Y:/PROJECTS/GNR/src/GLCanvas2D.cpp" alt="" coords="1353,453,1617,480">
<area shape="rect" href="$d9/d11/_app_8h.html" title="Y:/PROJECTS/GNR/src/include/App.h" alt="" coords="1425,603,1668,629">
<area shape="rect" href="$de/d56/_scene_8h.html" title="Y:/PROJECTS/GNR/src/include/Scene.h" alt="" coords="1009,453,1265,480">
<area shape="rect" href="$dc/db4/_app_8cpp.html" title="Y:/PROJECTS/GNR/src/App.cpp" alt="" coords="1224,677,1435,704">
<area shape="rect" href="$d4/d18/_mouse_controller_8h.html" title="Y:/PROJECTS/GNR/src/include/MouseController.h" alt="" coords="4759,528,5073,555">
<area shape="rect" href="$d2/d31/_opx_export_8h.html" title="Y:/PROJECTS/GNR/src/include/OpxExport.h" alt="" coords="983,528,1265,555">
<area shape="rect" href="$df/d60/_opx_import_8h.html" title="Y:/PROJECTS/GNR/src/include/OpxImport.h" alt="" coords="679,528,959,555">
<area shape="rect" href="$d9/d44/_scene_8cpp.html" title="Y:/PROJECTS/GNR/src/Scene.cpp" alt="" coords="1391,528,1617,555">
<area shape="rect" href="$d7/d9d/_tree_library_controller_8cpp.html" title="Y:/PROJECTS/GNR/src/TreeLibraryController.cpp" alt="" coords="17,528,324,555">
<area shape="rect" href="$d2/d81/_tree_scene_controller_8cpp.html" title="Y:/PROJECTS/GNR/src/TreeSceneController.cpp" alt="" coords="348,528,655,555">
<area shape="rect" href="$d8/da4/_mouse_controller_8cpp.html" title="Y:/PROJECTS/GNR/src/MouseController.cpp" alt="" coords="4775,603,5057,629">
<area shape="rect" href="$d9/d6d/_opx_export_8cpp.html" title="Y:/PROJECTS/GNR/src/OpxExport.cpp" alt="" coords="1151,603,1401,629">
<area shape="rect" href="$d2/d85/_opx_import_8cpp.html" title="Y:/PROJECTS/GNR/src/OpxImport.cpp" alt="" coords="828,603,1076,629">
<area shape="rect" href="$d4/d15/_g_l_canvas3_d_8cpp.html" title="Y:/PROJECTS/GNR/src/GLCanvas3D.cpp" alt="" coords="721,453,985,480">
<area shape="rect" href="$d6/dc9/_g_l_canvas_preview_8cpp.html" title="Y:/PROJECTS/GNR/src/GLCanvasPreview.cpp" alt="" coords="2459,155,2749,181">
<area shape="rect" href="$d3/d32/_obj_oax_converter_8h.html" title="Y:/PROJECTS/GNR/src/include/ObjOaxConverter.h" alt="" coords="1637,229,1955,256">
<area shape="rect" href="$da/d14/_obj_oax_converter_frame_8h.html" title="Y:/PROJECTS/GNR/src/include/ObjOaxConverterFrame.h" alt="" coords="2080,155,2435,181">
<area shape="rect" href="$df/d4d/_obj_oax_converter_8cpp.html" title="Y:/PROJECTS/GNR/src/ObjOaxConverter.cpp" alt="" coords="1743,304,2031,331">
<area shape="rect" href="$da/dc5/_notify_event_8h.html" title="Y:/PROJECTS/GNR/src/include/NotifyEvent.h" alt="" coords="3448,229,3733,256">
<area shape="rect" href="$de/dcd/_obj_oax_converter_frame_8cpp.html" title="Y:/PROJECTS/GNR/src/ObjOaxConverterFrame.cpp" alt="" coords="2327,304,2649,331">
<area shape="rect" href="$d4/dc2/_assembly_data_frame_8cpp.html" title="Y:/PROJECTS/GNR/src/AssemblyDataFrame.cpp" alt="" coords="3241,304,3553,331">
<area shape="rect" href="$d2/dcd/_mediator_8h.html" title="Y:/PROJECTS/GNR/src/include/Mediator.h" alt="" coords="4483,304,4752,331">
<area shape="rect" href="$d2/d47/_main_frame_8cpp.html" title="Y:/PROJECTS/GNR/src/MainFrame.cpp" alt="" coords="3628,304,3881,331">
<area shape="rect" href="$d8/dda/_notify_event_8cpp.html" title="Y:/PROJECTS/GNR/src/NotifyEvent.cpp" alt="" coords="3905,304,4159,331">
<area shape="rect" href="$d8/d9d/_tree_panel_library_8cpp.html" title="Y:/PROJECTS/GNR/src/TreePanelLibrary.cpp" alt="" coords="4776,304,5061,331">
<area shape="rect" href="$d6/d89/_tree_panel_my_scene_8cpp.html" title="Y:/PROJECTS/GNR/src/TreePanelMyScene.cpp" alt="" coords="5085,304,5387,331">
<area shape="rect" href="$d2/d23/_tree_scene_ctrl_8cpp.html" title="Y:/PROJECTS/GNR/src/TreeSceneCtrl.cpp" alt="" coords="2673,304,2945,331">
<area shape="rect" href="$d2/d55/_undo_redo_8cpp.html" title="Y:/PROJECTS/GNR/src/UndoRedo.cpp" alt="" coords="2969,304,3217,331">
<area shape="rect" href="$d4/da2/_assembly_mediator_8h.html" title="Y:/PROJECTS/GNR/src/include/AssemblyMediator.h" alt="" coords="4187,379,4515,405">
<area shape="rect" href="$d0/d58/_g_l_camera_mediator_8h.html" title="Y:/PROJECTS/GNR/src/include/GLCameraMediator.h" alt="" coords="5132,379,5463,405">
<area shape="rect" href="$d8/d07/_wall_mediator_8h.html" title="Y:/PROJECTS/GNR/src/include/WallMediator.h" alt="" coords="4719,379,5015,405">
<area shape="rect" href="$dd/d36/_mediator_8cpp.html" title="Y:/PROJECTS/GNR/src/Mediator.cpp" alt="" coords="5487,379,5727,405">
<area shape="rect" href="$d6/d8a/_assembly_mediator_8cpp.html" title="Y:/PROJECTS/GNR/src/AssemblyMediator.cpp" alt="" coords="3679,453,3975,480">
<area shape="rect" href="$dc/d15/_assembly_mediator2_d_8h.html" title="Y:/PROJECTS/GNR/src/include/AssemblyMediator2D.h" alt="" coords="4367,453,4711,480">
<area shape="rect" href="$d0/d01/_assembly_mediator3_d_8h.html" title="Y:/PROJECTS/GNR/src/include/AssemblyMediator3D.h" alt="" coords="3999,453,4343,480">
<area shape="rect" href="$dc/d6c/_assembly_mediator2_d_8cpp.html" title="Y:/PROJECTS/GNR/src/AssemblyMediator2D.cpp" alt="" coords="4383,528,4695,555">
<area shape="rect" href="$d6/d7c/_assembly_mediator3_d_8cpp.html" title="Y:/PROJECTS/GNR/src/AssemblyMediator3D.cpp" alt="" coords="4015,528,4327,555">
<area shape="rect" href="$d4/d6d/_g_l_camera_mediator_8cpp.html" title="Y:/PROJECTS/GNR/src/GLCameraMediator.cpp" alt="" coords="5495,453,5796,480">
<area shape="rect" href="$dd/d27/_g_l_camera_mediator2_d_8h.html" title="Y:/PROJECTS/GNR/src/include/GLCameraMediator2D.h" alt="" coords="5820,453,6167,480">
<area shape="rect" href="$dc/d83/_g_l_camera_mediator3_d_8h.html" title="Y:/PROJECTS/GNR/src/include/GLCameraMediator3D.h" alt="" coords="5124,453,5471,480">
<area shape="rect" href="$d6/d92/_g_l_camera_mediator2_d_8cpp.html" title="Y:/PROJECTS/GNR/src/GLCameraMediator2D.cpp" alt="" coords="5835,528,6152,555">
<area shape="rect" href="$db/d51/_g_l_camera_mediator3_d_8cpp.html" title="Y:/PROJECTS/GNR/src/GLCameraMediator3D.cpp" alt="" coords="5139,528,5456,555">
<area shape="rect" href="$d3/dca/_wall_mediator_8cpp.html" title="Y:/PROJECTS/GNR/src/WallMediator.cpp" alt="" coords="4735,453,4999,480">
