<area shape="rect" href="$d3/d14/class_mediator.html#700daebacedd247847bfbbfe0145a6c2" title="Mediator.doSnapMove" alt="" coords="261,5,411,32">
<area shape="rect" href="$d5/de3/class_assembly.html#1eff075eba31ab535908f3ffa1115a83" title="Assembly.getOverGround" alt="" coords="252,56,420,83">
<area shape="rect" href="$d0/d72/class_vertex.html#5052ff1eaa3994c79c8b693884127428" title="Vertex.getX" alt="" coords="292,107,380,133">
<area shape="rect" href="$d0/d72/class_vertex.html#ec30db203626f77d260e33726a30b5ca" title="Vertex.getY" alt="" coords="291,157,381,184">
<area shape="rect" href="$d0/d72/class_vertex.html#194518d7172844246326629b192e9773" title="Vertex.length" alt="" coords="287,208,385,235">
<area shape="rect" href="$d0/d72/class_vertex.html#40a9d8a482417b54f069af45dd27370c" title="Vertex.rotate" alt="" coords="288,259,384,285">
<area shape="rect" href="$d5/de3/class_assembly.html#07da46a086265e97eb381e66ad360f08" title="Assembly.setX" alt="" coords="283,309,389,336">
<area shape="rect" href="$d5/de3/class_assembly.html#7ac9226c8eaad8ff2f8c310b770b09c2" title="Assembly.setY" alt="" coords="281,360,391,387">
