<area shape="rect" href="$d8/d07/_wall_mediator_8h.html" title="WallMediator.h" alt="" coords="377,80,484,107">
<area shape="rect" href="$d5/d44/_line_draw_event_8h.html" title="LineDrawEvent.h" alt="" coords="181,229,299,256">
<area shape="rect" href="$d3/d60/_create_primitive_event_8h.html" title="CreatePrimitiveEvent.h" alt="" coords="5,229,157,256">
<area shape="rect" href="$d2/dcd/_mediator_8h.html" title="Mediator.h" alt="" coords="484,155,567,181">
<area shape="rect" href="$df/d57/_g_l_notify_event_8h.html" title="GLNotifyEvent.h" alt="" coords="373,229,488,256">
<area shape="rect" href="$d8/dcb/_vertex_8h.html" title="Vertex.h" alt="" coords="376,752,445,779">
<area shape="rect" href="$d6/ded/_assembly_8h.html" title="Assembly.h" alt="" coords="1277,528,1368,555">
<area shape="rect" href="$d5/de8/_g_l_camera_8h.html" title="GLCamera.h" alt="" coords="325,528,419,555">
<area shape="rect" href="$da/dc5/_notify_event_8h.html" title="NotifyEvent.h" alt="" coords="787,229,883,256">
<area shape="rect" href="$dd/dd8/_enum_8h.html" title="Enum.h" alt="" coords="520,603,587,629">
<area shape="rect" href="$db/d71/_face_8h.html" title="Face.h" alt="" coords="1328,603,1389,629">
<area shape="rect" href="$d3/d09/_material_8h.html" title="Material.h" alt="" coords="1421,603,1499,629">
<area shape="rect" href="$d7/d43/_v_n_t_8h.html" title="VNT.h" alt="" coords="1297,677,1353,704">
<area shape="rect" href="$d8/d09/_t_coord_8h.html" title="TCoord.h" alt="" coords="1289,752,1361,779">
<area shape="rect" href="$da/d14/_obj_oax_converter_frame_8h.html" title="ObjOaxConverterFrame.h" alt="" coords="943,304,1111,331">
<area shape="rect" href="$d0/d7f/_assembly_data_8h.html" title="AssemblyData.h" alt="" coords="725,603,843,629">
<area shape="rect" href="$d0/dbc/_g_l_canvas_preview_8h.html" title="GLCanvasPreview.h" alt="" coords="544,379,680,405">
<area shape="rect" href="$d2/d46/_global_define_8h.html" title="GlobalDefine.h" alt="" coords="1099,379,1203,405">
<area shape="rect" href="$d1/d5b/_g_l_canvas_8h.html" title="GLCanvas.h" alt="" coords="567,453,657,480">
