<area shape="rect" href="$d6/ded/_assembly_8h.html" title="Assembly.h" alt="" coords="1140,603,1231,629">
<area shape="rect" href="$dc/d15/_assembly_mediator2_d_8h.html" title="AssemblyMediator2D.h" alt="" coords="1272,80,1427,107">
<area shape="rect" href="$d2/dcd/_mediator_8h.html" title="Mediator.h" alt="" coords="1680,229,1763,256">
<area shape="rect" href="$df/d57/_g_l_notify_event_8h.html" title="GLNotifyEvent.h" alt="" coords="1819,304,1933,331">
<area shape="rect" href="$d5/de8/_g_l_camera_8h.html" title="GLCamera.h" alt="" coords="2175,603,2268,629">
<area shape="rect" href="$d0/d01/_assembly_mediator3_d_8h.html" title="AssemblyMediator3D.h" alt="" coords="1451,80,1605,107">
<area shape="rect" href="$dd/d27/_g_l_camera_mediator2_d_8h.html" title="GLCameraMediator2D.h" alt="" coords="1939,80,2099,107">
<area shape="rect" href="$dc/d83/_g_l_camera_mediator3_d_8h.html" title="GLCameraMediator3D.h" alt="" coords="2123,80,2283,107">
<area shape="rect" href="$de/d56/_scene_8h.html" title="Scene.h" alt="" coords="1676,379,1745,405">
<area shape="rect" href="$d8/d07/_wall_mediator_8h.html" title="WallMediator.h" alt="" coords="1757,155,1864,181">
<area shape="rect" href="$dd/dd8/_enum_8h.html" title="Enum.h" alt="" coords="1463,677,1529,704">
<area shape="rect" href="$db/d71/_face_8h.html" title="Face.h" alt="" coords="1049,677,1111,704">
<area shape="rect" href="$d8/dcb/_vertex_8h.html" title="Vertex.h" alt="" coords="2043,827,2112,853">
<area shape="rect" href="$d3/d09/_material_8h.html" title="Material.h" alt="" coords="245,677,323,704">
<area shape="rect" href="$d7/d43/_v_n_t_8h.html" title="VNT.h" alt="" coords="1123,752,1179,779">
<area shape="rect" href="$d8/d09/_t_coord_8h.html" title="TCoord.h" alt="" coords="1107,827,1179,853">
<area shape="rect" href="$d4/da2/_assembly_mediator_8h.html" title="AssemblyMediator.h" alt="" coords="1369,155,1508,181">
<area shape="rect" href="$da/dc5/_notify_event_8h.html" title="NotifyEvent.h" alt="" coords="1336,304,1432,331">
<area shape="rect" href="$da/d14/_obj_oax_converter_frame_8h.html" title="ObjOaxConverterFrame.h" alt="" coords="511,379,679,405">
<area shape="rect" href="$d0/d7f/_assembly_data_8h.html" title="AssemblyData.h" alt="" coords="808,677,925,704">
<area shape="rect" href="$d0/dbc/_g_l_canvas_preview_8h.html" title="GLCanvasPreview.h" alt="" coords="1349,453,1485,480">
<area shape="rect" href="$d2/d46/_global_define_8h.html" title="GlobalDefine.h" alt="" coords="1019,453,1123,480">
<area shape="rect" href="$d1/d5b/_g_l_canvas_8h.html" title="GLCanvas.h" alt="" coords="1565,528,1656,555">
<area shape="rect" href="$d0/d58/_g_l_camera_mediator_8h.html" title="GLCameraMediator.h" alt="" coords="2131,155,2275,181">
<area shape="rect" href="$dd/df7/_g_l_canvas2_d_8h.html" title="GLCanvas2D.h" alt="" coords="1560,453,1667,480">
<area shape="rect" href="$dc/d47/_g_l_canvas3_d_8h.html" title="GLCanvas3D.h" alt="" coords="1691,453,1797,480">
<area shape="rect" href="$d5/d44/_line_draw_event_8h.html" title="LineDrawEvent.h" alt="" coords="1872,453,1989,480">
