<area shape="rect" href="$d6/ded/_assembly_8h.html" title="Y:/PROJECTS/GNR/src/include/Assembly.h" alt="" coords="1757,80,2035,107">
<area shape="rect" href="$d1/d5b/_g_l_canvas_8h.html" title="Y:/PROJECTS/GNR/src/include/GLCanvas.h" alt="" coords="3173,155,3453,181">
<area shape="rect" href="$d0/dbc/_g_l_canvas_preview_8h.html" title="Y:/PROJECTS/GNR/src/include/GLCanvasPreview.h" alt="" coords="3409,229,3732,256">
<area shape="rect" href="$d2/d47/_main_frame_8cpp.html" title="Y:/PROJECTS/GNR/src/MainFrame.cpp" alt="" coords="4128,453,4381,480">
<area shape="rect" href="$d8/d9d/_tree_panel_library_8cpp.html" title="Y:/PROJECTS/GNR/src/TreePanelLibrary.cpp" alt="" coords="651,453,936,480">
<area shape="rect" href="$d6/d89/_tree_panel_my_scene_8cpp.html" title="Y:/PROJECTS/GNR/src/TreePanelMyScene.cpp" alt="" coords="1011,453,1312,480">
<area shape="rect" href="$d2/d55/_undo_redo_8cpp.html" title="Y:/PROJECTS/GNR/src/UndoRedo.cpp" alt="" coords="1387,453,1635,480">
<area shape="rect" href="$d1/d76/_tree_control_event_8h.html" title="Y:/PROJECTS/GNR/src/include/TreeControlEvent.h" alt="" coords="4384,155,4701,181">
<area shape="rect" href="$d4/d1a/_tree_library_ctrl_8cpp.html" title="Y:/PROJECTS/GNR/src/TreeLibraryCtrl.cpp" alt="" coords="4904,229,5176,256">
<area shape="rect" href="$db/d74/_object_import_8cpp.html" title="Y:/PROJECTS/GNR/src/ObjectImport.cpp" alt="" coords="645,304,909,331">
<area shape="rect" href="$d3/d60/_create_primitive_event_8h.html" title="Y:/PROJECTS/GNR/src/include/CreatePrimitiveEvent.h" alt="" coords="597,528,936,555">
<area shape="rect" href="$df/d57/_g_l_notify_event_8h.html" title="Y:/PROJECTS/GNR/src/include/GLNotifyEvent.h" alt="" coords="3351,379,3652,405">
<area shape="rect" href="$d9/d6d/_opx_export_8cpp.html" title="Y:/PROJECTS/GNR/src/OpxExport.cpp" alt="" coords="4776,80,5027,107">
<area shape="rect" href="$d3/dfc/_assembly_8cpp.html" title="Y:/PROJECTS/GNR/src/Assembly.cpp" alt="" coords="1459,155,1707,181">
<area shape="rect" href="$d5/d67/_assembly_data_frame_8h.html" title="Y:/PROJECTS/GNR/src/include/AssemblyDataFrame.h" alt="" coords="2035,304,2376,331">
<area shape="rect" href="$de/d56/_scene_8h.html" title="Y:/PROJECTS/GNR/src/include/Scene.h" alt="" coords="3064,528,3320,555">
<area shape="rect" href="$d4/d18/_mouse_controller_8h.html" title="Y:/PROJECTS/GNR/src/include/MouseController.h" alt="" coords="1948,603,2263,629">
<area shape="rect" href="$da/dc5/_notify_event_8h.html" title="Y:/PROJECTS/GNR/src/include/NotifyEvent.h" alt="" coords="2381,379,2667,405">
<area shape="rect" href="$d2/dcd/_mediator_8h.html" title="Y:/PROJECTS/GNR/src/include/Mediator.h" alt="" coords="2045,453,2315,480">
<area shape="rect" href="$d4/da2/_assembly_mediator_8h.html" title="Y:/PROJECTS/GNR/src/include/AssemblyMediator.h" alt="" coords="1503,528,1831,555">
<area shape="rect" href="$d8/d07/_wall_mediator_8h.html" title="Y:/PROJECTS/GNR/src/include/WallMediator.h" alt="" coords="1183,528,1479,555">
<area shape="rect" href="$df/db9/_tree_scene_controller_8h.html" title="Y:/PROJECTS/GNR/src/include/TreeSceneController.h" alt="" coords="1971,379,2307,405">
<area shape="rect" href="$d0/d3e/_tree_scene_item_data_8h.html" title="Y:/PROJECTS/GNR/src/include/TreeSceneItemData.h" alt="" coords="2261,229,2595,256">
<area shape="rect" href="$d5/d8c/_command_transform_8h.html" title="Y:/PROJECTS/GNR/src/include/CommandTransform.h" alt="" coords="2136,155,2472,181">
<area shape="rect" href="$d9/dd2/_grid_scene_controller_8h.html" title="Y:/PROJECTS/GNR/src/include/GridSceneController.h" alt="" coords="1048,155,1384,181">
<area shape="rect" href="$de/d4a/_import_file_8h.html" title="Y:/PROJECTS/GNR/src/include/ImportFile.h" alt="" coords="747,155,1024,181">
<area shape="rect" href="$d9/db5/_object_import_8h.html" title="Y:/PROJECTS/GNR/src/include/ObjectImport.h" alt="" coords="800,229,1093,256">
<area shape="rect" href="$df/d4a/_oax_import_8h.html" title="Y:/PROJECTS/GNR/src/include/OaxImport.h" alt="" coords="984,304,1264,331">
<area shape="rect" href="$df/d28/_oax_export_8h.html" title="Y:/PROJECTS/GNR/src/include/OaxExport.h" alt="" coords="5,677,288,704">
<area shape="rect" href="$d1/d82/_primitive_creator_8h.html" title="Y:/PROJECTS/GNR/src/include/PrimitiveCreator.h" alt="" coords="163,379,475,405">
<area shape="rect" href="$d4/dc2/_assembly_data_frame_8cpp.html" title="Y:/PROJECTS/GNR/src/AssemblyDataFrame.cpp" alt="" coords="1659,453,1971,480">
<area shape="rect" href="$d9/d63/_tree_scene_ctrl_8h.html" title="Y:/PROJECTS/GNR/src/include/TreeSceneCtrl.h" alt="" coords="2691,379,2992,405">
<area shape="rect" href="$d9/d11/_app_8h.html" title="Y:/PROJECTS/GNR/src/include/App.h" alt="" coords="3181,677,3424,704">
<area shape="rect" href="$d2/d23/_tree_scene_ctrl_8cpp.html" title="Y:/PROJECTS/GNR/src/TreeSceneCtrl.cpp" alt="" coords="2667,453,2939,480">
<area shape="rect" href="$dc/db4/_app_8cpp.html" title="Y:/PROJECTS/GNR/src/App.cpp" alt="" coords="407,752,617,779">
<area shape="rect" href="$d6/d71/_g_l_canvas_8cpp.html" title="Y:/PROJECTS/GNR/src/GLCanvas.cpp" alt="" coords="3485,453,3733,480">
<area shape="rect" href="$dd/df7/_g_l_canvas2_d_8h.html" title="Y:/PROJECTS/GNR/src/include/GLCanvas2D.h" alt="" coords="3115,453,3411,480">
<area shape="rect" href="$dc/d47/_g_l_canvas3_d_8h.html" title="Y:/PROJECTS/GNR/src/include/GLCanvas3D.h" alt="" coords="3757,453,4053,480">
<area shape="rect" href="$d8/da4/_mouse_controller_8cpp.html" title="Y:/PROJECTS/GNR/src/MouseController.cpp" alt="" coords="1964,677,2247,704">
<area shape="rect" href="$d6/dc9/_g_l_canvas_preview_8cpp.html" title="Y:/PROJECTS/GNR/src/GLCanvasPreview.cpp" alt="" coords="3780,304,4071,331">
<area shape="rect" href="$d3/d32/_obj_oax_converter_8h.html" title="Y:/PROJECTS/GNR/src/include/ObjOaxConverter.h" alt="" coords="4295,603,4612,629">
<area shape="rect" href="$da/d14/_obj_oax_converter_frame_8h.html" title="Y:/PROJECTS/GNR/src/include/ObjOaxConverterFrame.h" alt="" coords="3401,304,3756,331">
<area shape="rect" href="$d8/dda/_notify_event_8cpp.html" title="Y:/PROJECTS/GNR/src/NotifyEvent.cpp" alt="" coords="2389,453,2643,480">
<area shape="rect" href="$d0/d58/_g_l_camera_mediator_8h.html" title="Y:/PROJECTS/GNR/src/include/GLCameraMediator.h" alt="" coords="2169,528,2500,555">
<area shape="rect" href="$dd/d36/_mediator_8cpp.html" title="Y:/PROJECTS/GNR/src/Mediator.cpp" alt="" coords="1905,528,2145,555">
<area shape="rect" href="$d3/dca/_wall_mediator_8cpp.html" title="Y:/PROJECTS/GNR/src/WallMediator.cpp" alt="" coords="1097,603,1361,629">
<area shape="rect" href="$d8/d26/_tree_control_event_8cpp.html" title="Y:/PROJECTS/GNR/src/TreeControlEvent.cpp" alt="" coords="4443,229,4731,256">
<area shape="rect" href="$d7/d02/_create_primitive_event_8cpp.html" title="Y:/PROJECTS/GNR/src/CreatePrimitiveEvent.cpp" alt="" coords="613,603,920,629">
<area shape="rect" href="$db/d08/_g_l_notify_event_8cpp.html" title="Y:/PROJECTS/GNR/src/GLNotifyEvent.cpp" alt="" coords="4405,453,4677,480">
