<area shape="rect" href="$d3/dfc/_assembly_8cpp.html" title="Y:/PROJECTS/GNR/src/Assembly.cpp" alt="" coords="1500,80,1748,107">
<area shape="rect" href="$d5/d67/_assembly_data_frame_8h.html" title="Y:/PROJECTS/GNR/src/include/AssemblyDataFrame.h" alt="" coords="1345,304,1687,331">
<area shape="rect" href="$d1/d5b/_g_l_canvas_8h.html" title="Y:/PROJECTS/GNR/src/include/GLCanvas.h" alt="" coords="2788,80,3068,107">
<area shape="rect" href="$de/d56/_scene_8h.html" title="Y:/PROJECTS/GNR/src/include/Scene.h" alt="" coords="4096,304,4352,331">
<area shape="rect" href="$d4/d18/_mouse_controller_8h.html" title="Y:/PROJECTS/GNR/src/include/MouseController.h" alt="" coords="3941,603,4256,629">
<area shape="rect" href="$d0/dbc/_g_l_canvas_preview_8h.html" title="Y:/PROJECTS/GNR/src/include/GLCanvasPreview.h" alt="" coords="2419,155,2741,181">
<area shape="rect" href="$da/dc5/_notify_event_8h.html" title="Y:/PROJECTS/GNR/src/include/NotifyEvent.h" alt="" coords="1711,304,1996,331">
<area shape="rect" href="$d2/dcd/_mediator_8h.html" title="Y:/PROJECTS/GNR/src/include/Mediator.h" alt="" coords="4112,379,4381,405">
<area shape="rect" href="$d4/da2/_assembly_mediator_8h.html" title="Y:/PROJECTS/GNR/src/include/AssemblyMediator.h" alt="" coords="4648,453,4976,480">
<area shape="rect" href="$d8/d07/_wall_mediator_8h.html" title="Y:/PROJECTS/GNR/src/include/WallMediator.h" alt="" coords="4328,453,4624,480">
<area shape="rect" href="$d1/d76/_tree_control_event_8h.html" title="Y:/PROJECTS/GNR/src/include/TreeControlEvent.h" alt="" coords="2611,379,2928,405">
<area shape="rect" href="$df/db9/_tree_scene_controller_8h.html" title="Y:/PROJECTS/GNR/src/include/TreeSceneController.h" alt="" coords="3736,304,4072,331">
<area shape="rect" href="$d0/d3e/_tree_scene_item_data_8h.html" title="Y:/PROJECTS/GNR/src/include/TreeSceneItemData.h" alt="" coords="3379,304,3712,331">
<area shape="rect" href="$d5/d8c/_command_transform_8h.html" title="Y:/PROJECTS/GNR/src/include/CommandTransform.h" alt="" coords="4568,155,4904,181">
<area shape="rect" href="$d9/dd2/_grid_scene_controller_8h.html" title="Y:/PROJECTS/GNR/src/include/GridSceneController.h" alt="" coords="4708,80,5044,107">
<area shape="rect" href="$de/d4a/_import_file_8h.html" title="Y:/PROJECTS/GNR/src/include/ImportFile.h" alt="" coords="5169,155,5447,181">
<area shape="rect" href="$d9/db5/_object_import_8h.html" title="Y:/PROJECTS/GNR/src/include/ObjectImport.h" alt="" coords="5136,229,5429,256">
<area shape="rect" href="$df/d4a/_oax_import_8h.html" title="Y:/PROJECTS/GNR/src/include/OaxImport.h" alt="" coords="4989,304,5269,331">
<area shape="rect" href="$df/d28/_oax_export_8h.html" title="Y:/PROJECTS/GNR/src/include/OaxExport.h" alt="" coords="5395,677,5677,704">
<area shape="rect" href="$d1/d82/_primitive_creator_8h.html" title="Y:/PROJECTS/GNR/src/include/PrimitiveCreator.h" alt="" coords="5577,155,5889,181">
<area shape="rect" href="$d4/dc2/_assembly_data_frame_8cpp.html" title="Y:/PROJECTS/GNR/src/AssemblyDataFrame.cpp" alt="" coords="43,379,355,405">
<area shape="rect" href="$d9/d63/_tree_scene_ctrl_8h.html" title="Y:/PROJECTS/GNR/src/include/TreeSceneCtrl.h" alt="" coords="2952,379,3253,405">
<area shape="rect" href="$d9/d11/_app_8h.html" title="Y:/PROJECTS/GNR/src/include/App.h" alt="" coords="3195,677,3437,704">
<area shape="rect" href="$d2/d23/_tree_scene_ctrl_8cpp.html" title="Y:/PROJECTS/GNR/src/TreeSceneCtrl.cpp" alt="" coords="2807,453,3079,480">
<area shape="rect" href="$dc/db4/_app_8cpp.html" title="Y:/PROJECTS/GNR/src/App.cpp" alt="" coords="5151,752,5361,779">
<area shape="rect" href="$d6/d71/_g_l_canvas_8cpp.html" title="Y:/PROJECTS/GNR/src/GLCanvas.cpp" alt="" coords="2339,379,2587,405">
<area shape="rect" href="$dd/df7/_g_l_canvas2_d_8h.html" title="Y:/PROJECTS/GNR/src/include/GLCanvas2D.h" alt="" coords="3143,229,3439,256">
<area shape="rect" href="$dc/d47/_g_l_canvas3_d_8h.html" title="Y:/PROJECTS/GNR/src/include/GLCanvas3D.h" alt="" coords="3463,229,3759,256">
<area shape="rect" href="$d2/d31/_opx_export_8h.html" title="Y:/PROJECTS/GNR/src/include/OpxExport.h" alt="" coords="3596,603,3879,629">
<area shape="rect" href="$df/d60/_opx_import_8h.html" title="Y:/PROJECTS/GNR/src/include/OpxImport.h" alt="" coords="4989,379,5269,405">
<area shape="rect" href="$d9/d44/_scene_8cpp.html" title="Y:/PROJECTS/GNR/src/Scene.cpp" alt="" coords="3379,379,3605,405">
<area shape="rect" href="$d7/d9d/_tree_library_controller_8cpp.html" title="Y:/PROJECTS/GNR/src/TreeLibraryController.cpp" alt="" coords="4557,379,4864,405">
<area shape="rect" href="$d2/d81/_tree_scene_controller_8cpp.html" title="Y:/PROJECTS/GNR/src/TreeSceneController.cpp" alt="" coords="3680,379,3987,405">
<area shape="rect" href="$d8/da4/_mouse_controller_8cpp.html" title="Y:/PROJECTS/GNR/src/MouseController.cpp" alt="" coords="3957,677,4240,704">
<area shape="rect" href="$d6/dc9/_g_l_canvas_preview_8cpp.html" title="Y:/PROJECTS/GNR/src/GLCanvasPreview.cpp" alt="" coords="2252,229,2543,256">
<area shape="rect" href="$d3/d32/_obj_oax_converter_8h.html" title="Y:/PROJECTS/GNR/src/include/ObjOaxConverter.h" alt="" coords="2143,603,2460,629">
<area shape="rect" href="$da/d14/_obj_oax_converter_frame_8h.html" title="Y:/PROJECTS/GNR/src/include/ObjOaxConverterFrame.h" alt="" coords="1873,229,2228,256">
<area shape="rect" href="$de/dcd/_obj_oax_converter_frame_8cpp.html" title="Y:/PROJECTS/GNR/src/ObjOaxConverterFrame.cpp" alt="" coords="1941,379,2264,405">
<area shape="rect" href="$d2/d47/_main_frame_8cpp.html" title="Y:/PROJECTS/GNR/src/MainFrame.cpp" alt="" coords="651,379,904,405">
<area shape="rect" href="$d8/dda/_notify_event_8cpp.html" title="Y:/PROJECTS/GNR/src/NotifyEvent.cpp" alt="" coords="928,379,1181,405">
<area shape="rect" href="$d8/d9d/_tree_panel_library_8cpp.html" title="Y:/PROJECTS/GNR/src/TreePanelLibrary.cpp" alt="" coords="1205,379,1491,405">
<area shape="rect" href="$d6/d89/_tree_panel_my_scene_8cpp.html" title="Y:/PROJECTS/GNR/src/TreePanelMyScene.cpp" alt="" coords="1515,379,1816,405">
<area shape="rect" href="$d2/d55/_undo_redo_8cpp.html" title="Y:/PROJECTS/GNR/src/UndoRedo.cpp" alt="" coords="379,379,627,405">
<area shape="rect" href="$d0/d58/_g_l_camera_mediator_8h.html" title="Y:/PROJECTS/GNR/src/include/GLCameraMediator.h" alt="" coords="3872,453,4203,480">
<area shape="rect" href="$dd/d36/_mediator_8cpp.html" title="Y:/PROJECTS/GNR/src/Mediator.cpp" alt="" coords="3608,453,3848,480">
<area shape="rect" href="$d6/d8a/_assembly_mediator_8cpp.html" title="Y:/PROJECTS/GNR/src/AssemblyMediator.cpp" alt="" coords="4872,528,5168,555">
<area shape="rect" href="$dc/d15/_assembly_mediator2_d_8h.html" title="Y:/PROJECTS/GNR/src/include/AssemblyMediator2D.h" alt="" coords="4504,528,4848,555">
<area shape="rect" href="$d0/d01/_assembly_mediator3_d_8h.html" title="Y:/PROJECTS/GNR/src/include/AssemblyMediator3D.h" alt="" coords="4136,528,4480,555">
<area shape="rect" href="$d3/dca/_wall_mediator_8cpp.html" title="Y:/PROJECTS/GNR/src/WallMediator.cpp" alt="" coords="3797,528,4061,555">
