<area shape="rect" href="$d9/db5/_object_import_8h.html" title="Y:/PROJECTS/GNR/src/include/ObjectImport.h" alt="" coords="683,80,976,107">
<area shape="rect" href="$db/d74/_object_import_8cpp.html" title="Y:/PROJECTS/GNR/src/ObjectImport.cpp" alt="" coords="1000,155,1264,181">
<area shape="rect" href="$d1/d82/_primitive_creator_8h.html" title="Y:/PROJECTS/GNR/src/include/PrimitiveCreator.h" alt="" coords="1145,80,1457,107">
<area shape="rect" href="$d5/d69/_primitive_creator_8cpp.html" title="Y:/PROJECTS/GNR/src/PrimitiveCreator.cpp" alt="" coords="1347,155,1627,181">
<area shape="rect" href="$d5/db5/_material_library_8cpp.html" title="Y:/PROJECTS/GNR/src/MaterialLibrary.cpp" alt="" coords="1532,80,1807,107">
<area shape="rect" href="$dc/db4/_app_8cpp.html" title="Y:/PROJECTS/GNR/src/App.cpp" alt="" coords="871,304,1081,331">
<area shape="rect" href="$df/d4a/_oax_import_8h.html" title="Y:/PROJECTS/GNR/src/include/OaxImport.h" alt="" coords="620,155,900,181">
<area shape="rect" href="$dc/d55/_oax_import_8cpp.html" title="Y:/PROJECTS/GNR/src/OaxImport.cpp" alt="" coords="5,229,253,256">
<area shape="rect" href="$df/d4d/_obj_oax_converter_8cpp.html" title="Y:/PROJECTS/GNR/src/ObjOaxConverter.cpp" alt="" coords="308,155,596,181">
<area shape="rect" href="$df/d60/_opx_import_8h.html" title="Y:/PROJECTS/GNR/src/include/OpxImport.h" alt="" coords="608,229,888,256">
<area shape="rect" href="$d7/d9d/_tree_library_controller_8cpp.html" title="Y:/PROJECTS/GNR/src/TreeLibraryController.cpp" alt="" coords="277,229,584,256">
<area shape="rect" href="$d2/d85/_opx_import_8cpp.html" title="Y:/PROJECTS/GNR/src/OpxImport.cpp" alt="" coords="599,304,847,331">
