<area shape="rect" href="$da/dc5/_notify_event_8h.html" title="NotifyEvent.h" alt="" coords="324,80,420,107">
<area shape="rect" href="$da/d14/_obj_oax_converter_frame_8h.html" title="ObjOaxConverterFrame.h" alt="" coords="396,155,564,181">
<area shape="rect" href="$d2/d46/_global_define_8h.html" title="GlobalDefine.h" alt="" coords="1192,229,1296,256">
<area shape="rect" href="$d6/ded/_assembly_8h.html" title="Assembly.h" alt="" coords="495,379,585,405">
<area shape="rect" href="$dd/dd8/_enum_8h.html" title="Enum.h" alt="" coords="883,453,949,480">
<area shape="rect" href="$db/d71/_face_8h.html" title="Face.h" alt="" coords="552,453,613,480">
<area shape="rect" href="$d8/dcb/_vertex_8h.html" title="Vertex.h" alt="" coords="615,603,684,629">
<area shape="rect" href="$d3/d09/_material_8h.html" title="Material.h" alt="" coords="427,453,504,480">
<area shape="rect" href="$d7/d43/_v_n_t_8h.html" title="VNT.h" alt="" coords="556,528,612,555">
<area shape="rect" href="$d8/d09/_t_coord_8h.html" title="TCoord.h" alt="" coords="519,603,591,629">
<area shape="rect" href="$d0/d7f/_assembly_data_8h.html" title="AssemblyData.h" alt="" coords="973,453,1091,480">
<area shape="rect" href="$d0/dbc/_g_l_canvas_preview_8h.html" title="GLCanvasPreview.h" alt="" coords="755,229,891,256">
<area shape="rect" href="$d1/d5b/_g_l_canvas_8h.html" title="GLCanvas.h" alt="" coords="695,304,785,331">
<area shape="rect" href="$d5/de8/_g_l_camera_8h.html" title="GLCamera.h" alt="" coords="609,379,703,405">
