<area shape="rect" href="$d4/d15/_g_l_canvas3_d_8cpp.html" title="Y:/PROJECTS/GNR/src/GLCanvas3D.cpp" alt="" coords="5,80,269,107">
<area shape="rect" href="$d9/d11/_app_8h.html" title="Y:/PROJECTS/GNR/src/include/App.h" alt="" coords="211,229,453,256">
<area shape="rect" href="$de/d56/_scene_8h.html" title="Y:/PROJECTS/GNR/src/include/Scene.h" alt="" coords="899,80,1155,107">
<area shape="rect" href="$dc/db4/_app_8cpp.html" title="Y:/PROJECTS/GNR/src/App.cpp" alt="" coords="692,304,903,331">
<area shape="rect" href="$d4/d18/_mouse_controller_8h.html" title="Y:/PROJECTS/GNR/src/include/MouseController.h" alt="" coords="395,155,709,181">
<area shape="rect" href="$d2/d31/_opx_export_8h.html" title="Y:/PROJECTS/GNR/src/include/OpxExport.h" alt="" coords="733,155,1016,181">
<area shape="rect" href="$df/d60/_opx_import_8h.html" title="Y:/PROJECTS/GNR/src/include/OpxImport.h" alt="" coords="1040,155,1320,181">
<area shape="rect" href="$d9/d44/_scene_8cpp.html" title="Y:/PROJECTS/GNR/src/Scene.cpp" alt="" coords="1344,155,1571,181">
<area shape="rect" href="$d7/d9d/_tree_library_controller_8cpp.html" title="Y:/PROJECTS/GNR/src/TreeLibraryController.cpp" alt="" coords="1595,155,1901,181">
<area shape="rect" href="$d2/d81/_tree_scene_controller_8cpp.html" title="Y:/PROJECTS/GNR/src/TreeSceneController.cpp" alt="" coords="1925,155,2232,181">
<area shape="rect" href="$d8/da4/_mouse_controller_8cpp.html" title="Y:/PROJECTS/GNR/src/MouseController.cpp" alt="" coords="477,229,760,256">
<area shape="rect" href="$d9/d6d/_opx_export_8cpp.html" title="Y:/PROJECTS/GNR/src/OpxExport.cpp" alt="" coords="835,229,1085,256">
<area shape="rect" href="$d2/d85/_opx_import_8cpp.html" title="Y:/PROJECTS/GNR/src/OpxImport.cpp" alt="" coords="1160,229,1408,256">
