<area shape="rect" href="$d7/d43/_v_n_t_8h.html" title="Y:/PROJECTS/GNR/src/include/VNT.h" alt="" coords="176,80,421,107">
<area shape="rect" href="$d6/ded/_assembly_8h.html" title="Y:/PROJECTS/GNR/src/include/Assembly.h" alt="" coords="1704,229,1981,256">
<area shape="rect" href="$d0/d58/_g_l_camera_mediator_8h.html" title="Y:/PROJECTS/GNR/src/include/GLCameraMediator.h" alt="" coords="3567,453,3897,480">
<area shape="rect" href="$d8/d07/_wall_mediator_8h.html" title="Y:/PROJECTS/GNR/src/include/WallMediator.h" alt="" coords="3921,453,4217,480">
<area shape="rect" href="$d5/d8c/_command_transform_8h.html" title="Y:/PROJECTS/GNR/src/include/CommandTransform.h" alt="" coords="3033,304,3369,331">
<area shape="rect" href="$d9/db5/_object_import_8h.html" title="Y:/PROJECTS/GNR/src/include/ObjectImport.h" alt="" coords="1393,379,1687,405">
<area shape="rect" href="$d1/d82/_primitive_creator_8h.html" title="Y:/PROJECTS/GNR/src/include/PrimitiveCreator.h" alt="" coords="225,304,537,331">
<area shape="rect" href="$d3/d60/_create_primitive_event_8h.html" title="Y:/PROJECTS/GNR/src/include/CreatePrimitiveEvent.h" alt="" coords="5148,453,5487,480">
<area shape="rect" href="$d5/de8/_g_l_camera_8h.html" title="Y:/PROJECTS/GNR/src/include/GLCamera.h" alt="" coords="4119,304,4401,331">
<area shape="rect" href="$df/d57/_g_l_notify_event_8h.html" title="Y:/PROJECTS/GNR/src/include/GLNotifyEvent.h" alt="" coords="3393,304,3695,331">
<area shape="rect" href="$d5/d44/_line_draw_event_8h.html" title="Y:/PROJECTS/GNR/src/include/LineDrawEvent.h" alt="" coords="4621,379,4925,405">
<area shape="rect" href="$dd/d6f/_vertex_8cpp.html" title="Y:/PROJECTS/GNR/src/Vertex.cpp" alt="" coords="5199,80,5425,107">
<area shape="rect" href="$db/d71/_face_8h.html" title="Y:/PROJECTS/GNR/src/include/Face.h" alt="" coords="175,155,423,181">
<area shape="rect" href="$db/d74/_object_import_8cpp.html" title="Y:/PROJECTS/GNR/src/ObjectImport.cpp" alt="" coords="5,453,269,480">
<area shape="rect" href="$d5/d69/_primitive_creator_8cpp.html" title="Y:/PROJECTS/GNR/src/PrimitiveCreator.cpp" alt="" coords="208,379,488,405">
<area shape="rect" href="$d4/d8c/_v_n_t_8cpp.html" title="Y:/PROJECTS/GNR/src/VNT.cpp" alt="" coords="447,155,660,181">
<area shape="rect" href="$d3/dfc/_assembly_8cpp.html" title="Y:/PROJECTS/GNR/src/Assembly.cpp" alt="" coords="663,304,911,331">
<area shape="rect" href="$d5/d67/_assembly_data_frame_8h.html" title="Y:/PROJECTS/GNR/src/include/AssemblyDataFrame.h" alt="" coords="935,304,1276,331">
<area shape="rect" href="$d1/d5b/_g_l_canvas_8h.html" title="Y:/PROJECTS/GNR/src/include/GLCanvas.h" alt="" coords="2467,379,2747,405">
<area shape="rect" href="$d0/dbc/_g_l_canvas_preview_8h.html" title="Y:/PROJECTS/GNR/src/include/GLCanvasPreview.h" alt="" coords="1855,453,2177,480">
<area shape="rect" href="$d4/d18/_mouse_controller_8h.html" title="Y:/PROJECTS/GNR/src/include/MouseController.h" alt="" coords="3140,603,3455,629">
<area shape="rect" href="$d2/dcd/_mediator_8h.html" title="Y:/PROJECTS/GNR/src/include/Mediator.h" alt="" coords="3597,379,3867,405">
<area shape="rect" href="$d4/da2/_assembly_mediator_8h.html" title="Y:/PROJECTS/GNR/src/include/AssemblyMediator.h" alt="" coords="2252,453,2580,480">
<area shape="rect" href="$da/dc5/_notify_event_8h.html" title="Y:/PROJECTS/GNR/src/include/NotifyEvent.h" alt="" coords="2673,304,2959,331">
<area shape="rect" href="$de/d56/_scene_8h.html" title="Y:/PROJECTS/GNR/src/include/Scene.h" alt="" coords="4405,453,4661,480">
<area shape="rect" href="$d1/d76/_tree_control_event_8h.html" title="Y:/PROJECTS/GNR/src/include/TreeControlEvent.h" alt="" coords="695,603,1012,629">
<area shape="rect" href="$df/db9/_tree_scene_controller_8h.html" title="Y:/PROJECTS/GNR/src/include/TreeSceneController.h" alt="" coords="1720,603,2056,629">
<area shape="rect" href="$d0/d3e/_tree_scene_item_data_8h.html" title="Y:/PROJECTS/GNR/src/include/TreeSceneItemData.h" alt="" coords="1956,304,2289,331">
<area shape="rect" href="$d9/dd2/_grid_scene_controller_8h.html" title="Y:/PROJECTS/GNR/src/include/GridSceneController.h" alt="" coords="2313,304,2649,331">
<area shape="rect" href="$de/d4a/_import_file_8h.html" title="Y:/PROJECTS/GNR/src/include/ImportFile.h" alt="" coords="1401,304,1679,331">
<area shape="rect" href="$df/d4a/_oax_import_8h.html" title="Y:/PROJECTS/GNR/src/include/OaxImport.h" alt="" coords="1087,453,1367,480">
<area shape="rect" href="$df/d28/_oax_export_8h.html" title="Y:/PROJECTS/GNR/src/include/OaxExport.h" alt="" coords="620,677,903,704">
<area shape="rect" href="$d6/d71/_g_l_canvas_8cpp.html" title="Y:/PROJECTS/GNR/src/GLCanvas.cpp" alt="" coords="2604,453,2852,480">
<area shape="rect" href="$d9/d11/_app_8h.html" title="Y:/PROJECTS/GNR/src/include/App.h" alt="" coords="2864,677,3107,704">
<area shape="rect" href="$dc/db4/_app_8cpp.html" title="Y:/PROJECTS/GNR/src/App.cpp" alt="" coords="944,752,1155,779">
<area shape="rect" href="$d6/d8a/_assembly_mediator_8cpp.html" title="Y:/PROJECTS/GNR/src/AssemblyMediator.cpp" alt="" coords="2477,528,2773,555">
<area shape="rect" href="$d4/d6d/_g_l_camera_mediator_8cpp.html" title="Y:/PROJECTS/GNR/src/GLCameraMediator.cpp" alt="" coords="3495,528,3796,555">
<area shape="rect" href="$dd/d27/_g_l_camera_mediator2_d_8h.html" title="Y:/PROJECTS/GNR/src/include/GLCameraMediator2D.h" alt="" coords="3820,528,4167,555">
<area shape="rect" href="$dc/d83/_g_l_camera_mediator3_d_8h.html" title="Y:/PROJECTS/GNR/src/include/GLCameraMediator3D.h" alt="" coords="3124,528,3471,555">
<area shape="rect" href="$d3/dca/_wall_mediator_8cpp.html" title="Y:/PROJECTS/GNR/src/WallMediator.cpp" alt="" coords="4697,528,4961,555">
<area shape="rect" href="$d2/d47/_main_frame_8cpp.html" title="Y:/PROJECTS/GNR/src/MainFrame.cpp" alt="" coords="2189,379,2443,405">
<area shape="rect" href="$df/d60/_opx_import_8h.html" title="Y:/PROJECTS/GNR/src/include/OpxImport.h" alt="" coords="4393,528,4673,555">
<area shape="rect" href="$db/d55/_command_transform_8cpp.html" title="Y:/PROJECTS/GNR/src/CommandTransform.cpp" alt="" coords="2821,379,3125,405">
<area shape="rect" href="$dc/d55/_oax_import_8cpp.html" title="Y:/PROJECTS/GNR/src/OaxImport.cpp" alt="" coords="1244,528,1492,555">
<area shape="rect" href="$df/d4d/_obj_oax_converter_8cpp.html" title="Y:/PROJECTS/GNR/src/ObjOaxConverter.cpp" alt="" coords="1441,453,1729,480">
<area shape="rect" href="$d7/d02/_create_primitive_event_8cpp.html" title="Y:/PROJECTS/GNR/src/CreatePrimitiveEvent.cpp" alt="" coords="5164,528,5471,555">
<area shape="rect" href="$d2/d60/_g_l_camera_8cpp.html" title="Y:/PROJECTS/GNR/src/GLCamera.cpp" alt="" coords="4245,379,4496,405">
<area shape="rect" href="$db/d08/_g_l_notify_event_8cpp.html" title="Y:/PROJECTS/GNR/src/GLNotifyEvent.cpp" alt="" coords="3301,379,3573,405">
<area shape="rect" href="$d5/de2/_line_draw_event_8cpp.html" title="Y:/PROJECTS/GNR/src/LineDrawEvent.cpp" alt="" coords="4799,453,5073,480">
