<area shape="rect" href="$d5/d67/_assembly_data_frame_8h.html" title="include/AssemblyDataFrame.h" alt="" coords="247,155,447,181">
<area shape="rect" href="$da/dc5/_notify_event_8h.html" title="NotifyEvent.h" alt="" coords="644,80,740,107">
<area shape="rect" href="$d2/d46/_global_define_8h.html" title="GlobalDefine.h" alt="" coords="1268,229,1372,256">
<area shape="rect" href="$d6/ded/_assembly_8h.html" title="Assembly.h" alt="" coords="521,379,612,405">
<area shape="rect" href="$dd/dd8/_enum_8h.html" title="Enum.h" alt="" coords="815,453,881,480">
<area shape="rect" href="$db/d71/_face_8h.html" title="Face.h" alt="" coords="503,453,564,480">
<area shape="rect" href="$d8/dcb/_vertex_8h.html" title="Vertex.h" alt="" coords="785,603,855,629">
<area shape="rect" href="$d3/d09/_material_8h.html" title="Material.h" alt="" coords="588,453,665,480">
<area shape="rect" href="$d7/d43/_v_n_t_8h.html" title="VNT.h" alt="" coords="492,528,548,555">
<area shape="rect" href="$d8/d09/_t_coord_8h.html" title="TCoord.h" alt="" coords="484,603,556,629">
<area shape="rect" href="$da/d14/_obj_oax_converter_frame_8h.html" title="ObjOaxConverterFrame.h" alt="" coords="679,155,847,181">
<area shape="rect" href="$d0/d7f/_assembly_data_8h.html" title="AssemblyData.h" alt="" coords="159,453,276,480">
<area shape="rect" href="$d0/dbc/_g_l_canvas_preview_8h.html" title="GLCanvasPreview.h" alt="" coords="889,229,1025,256">
<area shape="rect" href="$d1/d5b/_g_l_canvas_8h.html" title="GLCanvas.h" alt="" coords="808,304,899,331">
<area shape="rect" href="$d5/de8/_g_l_camera_8h.html" title="GLCamera.h" alt="" coords="807,379,900,405">
