<area shape="rect" href="$d6/db5/class_scene.html#30ed9011a03ff4a6891084318d0b0942" title="Scene.getCanvas2D" alt="" coords="320,5,459,32">
<area shape="rect" href="$d6/db5/class_scene.html#9bbf5ca7b9e14e18c99a895fa181801d" title="Scene.getCanvas3D" alt="" coords="320,56,459,83">
<area shape="rect" href="$d8/d62/class_g_l_notify_event.html#b22c1a3f69e4fe9f14e74f2a62c2eb7d" title="GLNotifyEvent.getCanvasID" alt="" coords="300,107,479,133">
<area shape="rect" href="$d6/db5/class_scene.html#438c0c7ede2054c0a9eee18f05045ce5" title="Scene.getGLCamera2D" alt="" coords="311,157,468,184">
<area shape="rect" href="$d6/db5/class_scene.html#de5fa271cdbb9b7db995c5e4af1f3a48" title="Scene.getGLCamera3D" alt="" coords="311,208,468,235">
<area shape="rect" href="$d6/db5/class_scene.html#9734d1bd04f724bc375d31915478470a" title="Scene.getRootAssembly" alt="" coords="307,259,472,285">
<area shape="rect" href="$d3/d14/class_mediator.html#c93e45c621909e22e9382c694d1061a5" title="Mediator.setAssembly" alt="" coords="313,309,465,336">
