<area shape="rect" href="$de/de1/class_obj_oax_converter_frame.html#4f1b2e2eeab8c69ccaf0171335de2dc0" title="ObjOaxConverterFrame.OnBtnCancel" alt="" coords="383,5,620,32">
<area shape="rect" href="$de/de1/class_obj_oax_converter_frame.html#d7b6bfe8b10659d0d556f4f6dcf0d8b1" title="ObjOaxConverterFrame.OnBtnCreate" alt="" coords="384,56,619,83">
<area shape="rect" href="$de/de1/class_obj_oax_converter_frame.html#6bd58df9262f0aca0e2d011607e7fe02" title="ObjOaxConverterFrame.OnCbxCategoryChanged" alt="" coords="349,107,653,133">
<area shape="rect" href="$de/de1/class_obj_oax_converter_frame.html#34d9a413ce0e13abc3c90b65866b30c4" title="ObjOaxConverterFrame.OnClose" alt="" coords="396,157,607,184">
<area shape="rect" href="$de/de1/class_obj_oax_converter_frame.html#cff87a71a423f4cfe3393364f80a2457" title="ObjOaxConverterFrame.OnSpcDepthChanged" alt="" coords="359,208,644,235">
<area shape="rect" href="$de/de1/class_obj_oax_converter_frame.html#704cd6e46cf6594f81de4bd691463c5a" title="ObjOaxConverterFrame.OnSpcHeightChanged" alt="" coords="357,259,645,285">
<area shape="rect" href="$de/de1/class_obj_oax_converter_frame.html#48aa5b2e8d324fa6d20530864df0fcd2" title="ObjOaxConverterFrame.OnSpcWidthChanged" alt="" coords="359,309,644,336">
<area shape="rect" href="$de/de1/class_obj_oax_converter_frame.html#39b5e20287e76ebf855fbf9a47b1b830" title="ObjOaxConverterFrame.OnTxcNameChanged" alt="" coords="360,360,643,387">
<area shape="rect" href="$de/de1/class_obj_oax_converter_frame.html#63311802ac8232ef5608edb0d98608c8" title="ObjOaxConverterFrame.updateFrame" alt="" coords="703,259,937,285">
