<area shape="rect" href="$d5/d7b/class_g_l_canvas.html#b4e6ae8f602fc07245efada8748755fc" title="GLCanvas.OnEnterWindow" alt="" coords="953,968,1132,995">
<area shape="rect" href="$d5/d7b/class_g_l_canvas.html#24d5a64dbaff4ed9cb0b4d3330bb1663" title="GLCanvas.OnLeaveWindow" alt="" coords="236,639,415,665">
<area shape="rect" href="$d5/d7b/class_g_l_canvas.html#f9433bb2fc89d5cf34e8f5ec612c692e" title="GLCanvas.OnLMouseDblClick" alt="" coords="700,284,895,311">
<area shape="rect" href="$d5/d7b/class_g_l_canvas.html#c16c8800b9e0b1c331ed8b101105dfd9" title="GLCanvas.OnLMouseDown" alt="" coords="708,335,887,361">
<area shape="rect" href="$d5/d7b/class_g_l_canvas.html#323b997139b831be89e5261b8b7e0921" title="GLCanvas.OnLMouseUp" alt="" coords="716,715,879,741">
<area shape="rect" href="$d5/d7b/class_g_l_canvas.html#ba23b380a18875d724dc7a016c2b05da" title="GLCanvas.OnMMouseDown" alt="" coords="705,487,889,513">
<area shape="rect" href="$d5/d7b/class_g_l_canvas.html#007fe2117e30a84741a4fe51a9332423" title="GLCanvas.OnMMouseUp" alt="" coords="713,613,881,640">
<area shape="rect" href="$d5/d7b/class_g_l_canvas.html#cf0359e835c15a90866e57402b69b8d6" title="GLCanvas.OnRMouseDown" alt="" coords="707,397,888,424">
<area shape="rect" href="$d5/d7b/class_g_l_canvas.html#d907e11b1764b46b6306e1f7757511fe" title="GLCanvas.OnRMouseUp" alt="" coords="715,840,880,867">
<area shape="rect" href="$d5/d7b/class_g_l_canvas.html#254f62d9c93277417edb63558fb784c0" title="GLCanvas.getCanvasID" alt="" coords="1211,335,1365,361">
<area shape="rect" href="$d8/d62/class_g_l_notify_event.html#db25c9341ddf61b769de3640494a7e4e" title="GLNotifyEvent.setCanvasID" alt="" coords="1199,816,1377,843">
<area shape="rect" href="$d8/d62/class_g_l_notify_event.html#3d6be51eb2bbabbe03b6891597b3b5f6" title="GLNotifyEvent.setMouseEvent" alt="" coords="1191,613,1385,640">
<area shape="rect" href="$d5/d7b/class_g_l_canvas.html#b8bd09c1f440f3279860be0d94b1f62a" title="GLCanvas.disconnectEvents" alt="" coords="464,613,651,640">
<area shape="rect" href="$d5/d7b/class_g_l_canvas.html#0028f416a721ca54453caf4966d5252b" title="GLCanvas.getGLDim" alt="" coords="972,56,1113,83">
<area shape="rect" href="$d5/d7b/class_g_l_canvas.html#f2ece97f8cc1a09dd253d18021300073" title="GLCanvas.OnMouseMove" alt="" coords="957,411,1128,437">
<area shape="rect" href="$d5/d7b/class_g_l_canvas.html#28cf40decc11df184a592be1cc75cb6a" title="GLCanvas.OnMouseWheel" alt="" coords="955,309,1131,336">
<area shape="rect" href="$d0/d72/class_vertex.html#d2c370f9731b0c2f10e97962c1813e64" title="Vertex.setX" alt="" coords="1244,5,1332,32">
<area shape="rect" href="$d0/d72/class_vertex.html#4f844b660a6ba3d69f5dbf320aae9b79" title="Vertex.setY" alt="" coords="1243,56,1333,83">
<area shape="rect" href="$d0/d72/class_vertex.html#78a5114dee466cc217883443b9e5f017" title="Vertex.setZ" alt="" coords="1244,107,1332,133">
<area shape="rect" href="$d8/d62/class_g_l_notify_event.html#6f5c9665914485f2028102899c831098" title="GLNotifyEvent.setWindowSize" alt="" coords="944,461,1141,488">
