<area shape="rect" href="$d5/d7b/class_g_l_canvas.html#b8bd09c1f440f3279860be0d94b1f62a" title="GLCanvas.disconnectEvents" alt="" coords="235,499,421,525">
<area shape="rect" href="$d5/d7b/class_g_l_canvas.html#254f62d9c93277417edb63558fb784c0" title="GLCanvas.getCanvasID" alt="" coords="1437,296,1592,323">
<area shape="rect" href="$d8/d62/class_g_l_notify_event.html#db25c9341ddf61b769de3640494a7e4e" title="GLNotifyEvent.setCanvasID" alt="" coords="1425,879,1604,905">
<area shape="rect" href="$d8/d62/class_g_l_notify_event.html#3d6be51eb2bbabbe03b6891597b3b5f6" title="GLNotifyEvent.setMouseEvent" alt="" coords="1417,676,1612,703">
<area shape="rect" href="$d5/d7b/class_g_l_canvas.html#b4e6ae8f602fc07245efada8748755fc" title="GLCanvas.OnEnterWindow" alt="" coords="469,473,648,500">
<area shape="rect" href="$d5/d7b/class_g_l_canvas.html#f9433bb2fc89d5cf34e8f5ec612c692e" title="GLCanvas.OnLMouseDblClick" alt="" coords="927,372,1121,399">
<area shape="rect" href="$d5/d7b/class_g_l_canvas.html#c16c8800b9e0b1c331ed8b101105dfd9" title="GLCanvas.OnLMouseDown" alt="" coords="935,321,1113,348">
<area shape="rect" href="$d5/d7b/class_g_l_canvas.html#323b997139b831be89e5261b8b7e0921" title="GLCanvas.OnLMouseUp" alt="" coords="943,676,1105,703">
<area shape="rect" href="$d5/d7b/class_g_l_canvas.html#ba23b380a18875d724dc7a016c2b05da" title="GLCanvas.OnMMouseDown" alt="" coords="932,473,1116,500">
<area shape="rect" href="$d5/d7b/class_g_l_canvas.html#007fe2117e30a84741a4fe51a9332423" title="GLCanvas.OnMMouseUp" alt="" coords="940,575,1108,601">
<area shape="rect" href="$d5/d7b/class_g_l_canvas.html#cf0359e835c15a90866e57402b69b8d6" title="GLCanvas.OnRMouseDown" alt="" coords="933,220,1115,247">
<area shape="rect" href="$d5/d7b/class_g_l_canvas.html#d907e11b1764b46b6306e1f7757511fe" title="GLCanvas.OnRMouseUp" alt="" coords="941,271,1107,297">
<area shape="rect" href="$d5/d7b/class_g_l_canvas.html#6f7d0591bfd0587c181844de6cfa2ab9" title="GLCanvas.reconnectEvents" alt="" coords="697,473,876,500">
<area shape="rect" href="$d5/d7b/class_g_l_canvas.html#0028f416a721ca54453caf4966d5252b" title="GLCanvas.getGLDim" alt="" coords="1199,119,1340,145">
<area shape="rect" href="$d5/d7b/class_g_l_canvas.html#f2ece97f8cc1a09dd253d18021300073" title="GLCanvas.OnMouseMove" alt="" coords="1184,423,1355,449">
<area shape="rect" href="$d5/d7b/class_g_l_canvas.html#28cf40decc11df184a592be1cc75cb6a" title="GLCanvas.OnMouseWheel" alt="" coords="1181,321,1357,348">
<area shape="rect" href="$d0/d72/class_vertex.html#d2c370f9731b0c2f10e97962c1813e64" title="Vertex.setX" alt="" coords="1471,68,1559,95">
<area shape="rect" href="$d0/d72/class_vertex.html#4f844b660a6ba3d69f5dbf320aae9b79" title="Vertex.setY" alt="" coords="1469,119,1560,145">
<area shape="rect" href="$d0/d72/class_vertex.html#78a5114dee466cc217883443b9e5f017" title="Vertex.setZ" alt="" coords="1471,169,1559,196">
<area shape="rect" href="$d8/d62/class_g_l_notify_event.html#6f5c9665914485f2028102899c831098" title="GLNotifyEvent.setWindowSize" alt="" coords="1171,473,1368,500">
