<area shape="rect" href="$d5/d7b/class_g_l_canvas.html#254f62d9c93277417edb63558fb784c0" title="GLCanvas.getCanvasID" alt="" coords="499,5,653,32">
<area shape="rect" href="$d5/d7b/class_g_l_canvas.html#0028f416a721ca54453caf4966d5252b" title="GLCanvas.getGLDim" alt="" coords="269,183,411,209">
<area shape="rect" href="$d5/d7b/class_g_l_canvas.html#f2ece97f8cc1a09dd253d18021300073" title="GLCanvas.OnMouseMove" alt="" coords="255,56,425,83">
<area shape="rect" href="$d5/d7b/class_g_l_canvas.html#28cf40decc11df184a592be1cc75cb6a" title="GLCanvas.OnMouseWheel" alt="" coords="252,107,428,133">
<area shape="rect" href="$d0/d72/class_vertex.html#d2c370f9731b0c2f10e97962c1813e64" title="Vertex.setX" alt="" coords="532,157,620,184">
<area shape="rect" href="$d0/d72/class_vertex.html#4f844b660a6ba3d69f5dbf320aae9b79" title="Vertex.setY" alt="" coords="531,208,621,235">
<area shape="rect" href="$d0/d72/class_vertex.html#78a5114dee466cc217883443b9e5f017" title="Vertex.setZ" alt="" coords="532,259,620,285">
<area shape="rect" href="$d8/d62/class_g_l_notify_event.html#db25c9341ddf61b769de3640494a7e4e" title="GLNotifyEvent.setCanvasID" alt="" coords="487,56,665,83">
<area shape="rect" href="$d8/d62/class_g_l_notify_event.html#3d6be51eb2bbabbe03b6891597b3b5f6" title="GLNotifyEvent.setMouseEvent" alt="" coords="479,107,673,133">
