<area shape="rect" href="$d5/d7b/class_g_l_canvas.html#42bf00c8be8be81b7c45f24b85023389" title="GLCanvas.connectEvents" alt="" coords="199,613,367,640">
<area shape="rect" href="$d5/d7b/class_g_l_canvas.html#a2dff33914abd5c0454c4300648fa1f5" title="GLCanvas.initGL" alt="" coords="224,968,341,995">
<area shape="rect" href="$d5/d7b/class_g_l_canvas.html#b4e6ae8f602fc07245efada8748755fc" title="GLCanvas.OnEnterWindow" alt="" coords="420,563,599,589">
<area shape="rect" href="$d5/d7b/class_g_l_canvas.html#24d5a64dbaff4ed9cb0b4d3330bb1663" title="GLCanvas.OnLeaveWindow" alt="" coords="897,664,1076,691">
<area shape="rect" href="$d5/d7b/class_g_l_canvas.html#f9433bb2fc89d5cf34e8f5ec612c692e" title="GLCanvas.OnLMouseDblClick" alt="" coords="1361,461,1556,488">
<area shape="rect" href="$d5/d7b/class_g_l_canvas.html#c16c8800b9e0b1c331ed8b101105dfd9" title="GLCanvas.OnLMouseDown" alt="" coords="1369,360,1548,387">
<area shape="rect" href="$d5/d7b/class_g_l_canvas.html#323b997139b831be89e5261b8b7e0921" title="GLCanvas.OnLMouseUp" alt="" coords="1377,816,1540,843">
<area shape="rect" href="$d5/d7b/class_g_l_canvas.html#ba23b380a18875d724dc7a016c2b05da" title="GLCanvas.OnMMouseDown" alt="" coords="1367,664,1551,691">
<area shape="rect" href="$d5/d7b/class_g_l_canvas.html#007fe2117e30a84741a4fe51a9332423" title="GLCanvas.OnMMouseUp" alt="" coords="1375,765,1543,792">
<area shape="rect" href="$d5/d7b/class_g_l_canvas.html#cf0359e835c15a90866e57402b69b8d6" title="GLCanvas.OnRMouseDown" alt="" coords="1368,512,1549,539">
<area shape="rect" href="$d5/d7b/class_g_l_canvas.html#d907e11b1764b46b6306e1f7757511fe" title="GLCanvas.OnRMouseUp" alt="" coords="1376,259,1541,285">
<area shape="rect" href="$d5/d7b/class_g_l_canvas.html#42ed2359ee7be45d2baa44a8b6224da1" title="GLCanvas.OnPaint" alt="" coords="444,5,575,32">
<area shape="rect" href="$d5/d7b/class_g_l_canvas.html#fd5d1c7ed2e534235d49878c32a6fd74" title="GLCanvas.OnResize" alt="" coords="439,715,580,741">
<area shape="rect" href="$d5/d7b/class_g_l_canvas.html#254f62d9c93277417edb63558fb784c0" title="GLCanvas.getCanvasID" alt="" coords="1872,487,2027,513">
<area shape="rect" href="$d5/d7b/class_g_l_canvas.html#6f7d0591bfd0587c181844de6cfa2ab9" title="GLCanvas.reconnectEvents" alt="" coords="660,563,839,589">
<area shape="rect" href="$d8/d62/class_g_l_notify_event.html#db25c9341ddf61b769de3640494a7e4e" title="GLNotifyEvent.setCanvasID" alt="" coords="1860,715,2039,741">
<area shape="rect" href="$d8/d62/class_g_l_notify_event.html#3d6be51eb2bbabbe03b6891597b3b5f6" title="GLNotifyEvent.setMouseEvent" alt="" coords="1852,1069,2047,1096">
<area shape="rect" href="$d5/d7b/class_g_l_canvas.html#b8bd09c1f440f3279860be0d94b1f62a" title="GLCanvas.disconnectEvents" alt="" coords="1125,664,1312,691">
<area shape="rect" href="$d5/d7b/class_g_l_canvas.html#0028f416a721ca54453caf4966d5252b" title="GLCanvas.getGLDim" alt="" coords="1633,208,1775,235">
<area shape="rect" href="$d5/d7b/class_g_l_canvas.html#f2ece97f8cc1a09dd253d18021300073" title="GLCanvas.OnMouseMove" alt="" coords="1619,613,1789,640">
<area shape="rect" href="$d5/d7b/class_g_l_canvas.html#28cf40decc11df184a592be1cc75cb6a" title="GLCanvas.OnMouseWheel" alt="" coords="1616,512,1792,539">
<area shape="rect" href="$d0/d72/class_vertex.html#d2c370f9731b0c2f10e97962c1813e64" title="Vertex.setX" alt="" coords="1905,157,1993,184">
<area shape="rect" href="$d0/d72/class_vertex.html#4f844b660a6ba3d69f5dbf320aae9b79" title="Vertex.setY" alt="" coords="1904,208,1995,235">
<area shape="rect" href="$d0/d72/class_vertex.html#78a5114dee466cc217883443b9e5f017" title="Vertex.setZ" alt="" coords="1905,259,1993,285">
<area shape="rect" href="$d8/d62/class_g_l_notify_event.html#6f5c9665914485f2028102899c831098" title="GLNotifyEvent.setWindowSize" alt="" coords="1605,664,1803,691">
<area shape="rect" href="$d1/d0e/class_notify_event.html#f51e30f058656f7f19536efc049be923" title="NotifyEvent.setGNREventType" alt="" coords="652,5,847,32">
<area shape="rect" href="$d5/d7b/class_g_l_canvas.html#29ac8160a7547bfc444db8a732b31949" title="GLCanvas.loadFloorTexture" alt="" coords="420,968,599,995">
<area shape="rect" href="$d5/d7b/class_g_l_canvas.html#e43fb0482c7c503786f7c4d7d79c7d04" title="GLCanvas.SetShadowMatrix" alt="" coords="416,1019,603,1045">
