<area shape="rect" href="$d8/d62/class_g_l_notify_event.html#d5b8a284660354258246b4abe71b6c7e" title="GLNotifyEvent.getMouseEvent" alt="" coords="260,5,455,32">
<area shape="rect" href="$d0/d72/class_vertex.html#ec30db203626f77d260e33726a30b5ca" title="Vertex.getY" alt="" coords="312,56,403,83">
<area shape="rect" href="$d0/d72/class_vertex.html#4443fbe7be5882e4f662ac874f63f0a8" title="Vertex.normalize" alt="" coords="297,107,417,133">
<area shape="rect" href="$da/d43/class_g_l_camera.html#787247064401178dcf90933bc6f61cc2" title="GLCamera.setRightVector" alt="" coords="271,157,444,184">
<area shape="rect" href="$da/d43/class_g_l_camera.html#4498ed9d4cbed052656766131b924e3a" title="GLCamera.setRotatedX" alt="" coords="279,208,436,235">
<area shape="rect" href="$da/d43/class_g_l_camera.html#6ba5a225882e28a8166e890515dd7ff7" title="GLCamera.setRotatedZ" alt="" coords="279,259,436,285">
<area shape="rect" href="$da/d43/class_g_l_camera.html#fdf8b8ae61cfa781814e971835e19a18" title="GLCamera.setUpVector" alt="" coords="277,309,437,336">
<area shape="rect" href="$da/d43/class_g_l_camera.html#eb845a7fbdc1bbb081e34e6ff5b881d4" title="GLCamera.setViewDir" alt="" coords="283,360,432,387">
<area shape="rect" href="$d0/d72/class_vertex.html#4f844b660a6ba3d69f5dbf320aae9b79" title="Vertex.setY" alt="" coords="312,411,403,437">
<area shape="rect" href="$d0/d72/class_vertex.html#194518d7172844246326629b192e9773" title="Vertex.length" alt="" coords="504,107,603,133">
