<area shape="rect" href="$d6/d7e/class_tree_scene_controller.html#e4e3ae5eb085c6462013449173bb015f" title="TreeSceneController.createSceneTree" alt="" coords="293,56,533,83">
<area shape="rect" href="$d5/de3/class_assembly.html#a198c1cc52fd68222ceb4230d23f7f2e" title="Assembly.getMaster" alt="" coords="343,107,484,133">
<area shape="rect" href="$d5/de3/class_assembly.html#751de7a93bd9568297d4714b196a312f" title="Assembly.getName" alt="" coords="345,157,481,184">
<area shape="rect" href="$d5/de3/class_assembly.html#ed4ea8b1f7dc109c964eb8f0c3c53626" title="Assembly.getPartList" alt="" coords="340,208,487,235">
<area shape="rect" href="$d5/de3/class_assembly.html#51cb8253761a90ca12d6653d685aa19f" title="Assembly.getType" alt="" coords="349,259,477,285">
<area shape="rect" href="$d5/de3/class_assembly.html#6b765c1eb5e7b683ae30a388399c5931" title="Assembly.isVisible" alt="" coords="348,309,479,336">
<area shape="rect" href="$d0/d89/class_tree_scene_item_data.html#3a1ee348dac82528b54e9441ff9a6fc1" title="TreeSceneItemData.setAssembly" alt="" coords="305,360,521,387">
<area shape="rect" href="$d6/db5/class_scene.html#e4f764527c8b962eba443129e023492c" title="Scene.getInstance" alt="" coords="600,5,728,32">
<area shape="rect" href="$d6/db5/class_scene.html#9734d1bd04f724bc375d31915478470a" title="Scene.getRootAssembly" alt="" coords="581,56,747,83">
<area shape="rect" href="$d6/db5/class_scene.html#107c53e38c8cdf2554fb210774329757" title="Scene.getTrash" alt="" coords="608,107,720,133">
