<area shape="rect" href="$d9/d11/_app_8h.html" title="Y:/PROJECTS/GNR/src/include/App.h" alt="" coords="5,229,248,256">
<area shape="rect" href="$de/d56/_scene_8h.html" title="Y:/PROJECTS/GNR/src/include/Scene.h" alt="" coords="693,80,949,107">
<area shape="rect" href="$d5/de2/_line_draw_event_8cpp.html" title="Y:/PROJECTS/GNR/src/LineDrawEvent.cpp" alt="" coords="973,80,1248,107">
<area shape="rect" href="$d3/dca/_wall_mediator_8cpp.html" title="Y:/PROJECTS/GNR/src/WallMediator.cpp" alt="" coords="1272,80,1536,107">
<area shape="rect" href="$dc/db4/_app_8cpp.html" title="Y:/PROJECTS/GNR/src/App.cpp" alt="" coords="487,304,697,331">
<area shape="rect" href="$d4/d18/_mouse_controller_8h.html" title="Y:/PROJECTS/GNR/src/include/MouseController.h" alt="" coords="189,155,504,181">
<area shape="rect" href="$d2/d31/_opx_export_8h.html" title="Y:/PROJECTS/GNR/src/include/OpxExport.h" alt="" coords="528,155,811,181">
<area shape="rect" href="$df/d60/_opx_import_8h.html" title="Y:/PROJECTS/GNR/src/include/OpxImport.h" alt="" coords="835,155,1115,181">
<area shape="rect" href="$d9/d44/_scene_8cpp.html" title="Y:/PROJECTS/GNR/src/Scene.cpp" alt="" coords="1139,155,1365,181">
<area shape="rect" href="$d7/d9d/_tree_library_controller_8cpp.html" title="Y:/PROJECTS/GNR/src/TreeLibraryController.cpp" alt="" coords="1389,155,1696,181">
<area shape="rect" href="$d2/d81/_tree_scene_controller_8cpp.html" title="Y:/PROJECTS/GNR/src/TreeSceneController.cpp" alt="" coords="1720,155,2027,181">
<area shape="rect" href="$d8/da4/_mouse_controller_8cpp.html" title="Y:/PROJECTS/GNR/src/MouseController.cpp" alt="" coords="272,229,555,256">
<area shape="rect" href="$d9/d6d/_opx_export_8cpp.html" title="Y:/PROJECTS/GNR/src/OpxExport.cpp" alt="" coords="629,229,880,256">
<area shape="rect" href="$d2/d85/_opx_import_8cpp.html" title="Y:/PROJECTS/GNR/src/OpxImport.cpp" alt="" coords="955,229,1203,256">
