<area shape="rect" href="$d3/d60/_create_primitive_event_8h.html" title="CreatePrimitiveEvent.h" alt="" coords="936,304,1088,331">
<area shape="rect" href="$dd/df7/_g_l_canvas2_d_8h.html" title="GLCanvas2D.h" alt="" coords="677,304,784,331">
<area shape="rect" href="$dc/d47/_g_l_canvas3_d_8h.html" title="GLCanvas3D.h" alt="" coords="355,304,461,331">
<area shape="rect" href="$df/d57/_g_l_notify_event_8h.html" title="GLNotifyEvent.h" alt="" coords="1112,304,1227,331">
<area shape="rect" href="$d5/d44/_line_draw_event_8h.html" title="LineDrawEvent.h" alt="" coords="536,304,653,331">
<area shape="rect" href="$d3/d32/_obj_oax_converter_8h.html" title="ObjOaxConverter.h" alt="" coords="2069,304,2200,331">
<area shape="rect" href="$d8/d6d/_main_frame_8h.html" title="MainFrame.h" alt="" coords="2691,80,2787,107">
<area shape="rect" href="$d4/d18/_mouse_controller_8h.html" title="MouseController.h" alt="" coords="1009,80,1135,107">
<area shape="rect" href="$da/dc5/_notify_event_8h.html" title="NotifyEvent.h" alt="" coords="1705,304,1801,331">
<area shape="rect" href="$de/d56/_scene_8h.html" title="Scene.h" alt="" coords="355,229,424,256">
<area shape="rect" href="$d1/d76/_tree_control_event_8h.html" title="TreeControlEvent.h" alt="" coords="1551,304,1681,331">
<area shape="rect" href="$dc/d1f/_tree_library_controller_8h.html" title="TreeLibraryController.h" alt="" coords="2247,80,2399,107">
<area shape="rect" href="$d5/da3/_tree_library_ctrl_8h.html" title="TreeLibraryCtrl.h" alt="" coords="2035,155,2149,181">
<area shape="rect" href="$df/db9/_tree_scene_controller_8h.html" title="TreeSceneController.h" alt="" coords="1760,155,1909,181">
<area shape="rect" href="$d7/db4/_tree_panel_library_8h.html" title="TreePanelLibrary.h" alt="" coords="2979,80,3107,107">
<area shape="rect" href="$d4/dea/_tree_panel_my_scene_8h.html" title="TreePanelMyScene.h" alt="" coords="2811,80,2955,107">
<area shape="rect" href="$d9/d63/_tree_scene_ctrl_8h.html" title="TreeSceneCtrl.h" alt="" coords="1940,80,2055,107">
<area shape="rect" href="$de/d85/_undo_redo_8h.html" title="UndoRedo.h" alt="" coords="1468,229,1559,256">
<area shape="rect" href="$dd/dd8/_enum_8h.html" title="Enum.h" alt="" coords="1237,677,1304,704">
<area shape="rect" href="$d8/dcb/_vertex_8h.html" title="Vertex.h" alt="" coords="917,677,987,704">
<area shape="rect" href="$d1/d5b/_g_l_canvas_8h.html" title="GLCanvas.h" alt="" coords="685,528,776,555">
<area shape="rect" href="$d6/ded/_assembly_8h.html" title="Assembly.h" alt="" coords="1509,603,1600,629">
<area shape="rect" href="$d5/de8/_g_l_camera_8h.html" title="GLCamera.h" alt="" coords="452,603,545,629">
<area shape="rect" href="$d0/dbc/_g_l_canvas_preview_8h.html" title="GLCanvasPreview.h" alt="" coords="1876,453,2012,480">
<area shape="rect" href="$da/d14/_obj_oax_converter_frame_8h.html" title="ObjOaxConverterFrame.h" alt="" coords="2329,379,2497,405">
<area shape="rect" href="$dc/d15/_assembly_mediator2_d_8h.html" title="AssemblyMediator2D.h" alt="" coords="1149,155,1304,181">
<area shape="rect" href="$d0/d01/_assembly_mediator3_d_8h.html" title="AssemblyMediator3D.h" alt="" coords="1328,155,1483,181">
<area shape="rect" href="$dd/d27/_g_l_camera_mediator2_d_8h.html" title="GLCameraMediator2D.h" alt="" coords="600,155,760,181">
<area shape="rect" href="$dc/d83/_g_l_camera_mediator3_d_8h.html" title="GLCameraMediator3D.h" alt="" coords="835,155,995,181">
<area shape="rect" href="$d2/dcd/_mediator_8h.html" title="Mediator.h" alt="" coords="1337,229,1420,256">
<area shape="rect" href="$d8/d07/_wall_mediator_8h.html" title="WallMediator.h" alt="" coords="1019,155,1125,181">
<area shape="rect" href="$db/dfc/_library_8h.html" title="Library.h" alt="" coords="2827,603,2899,629">
