<area shape="rect" href="$d8/d97/class_app.html#f65e2abdd91c4eed729ff75ec28c6ddf" title="App.cancelConvertion" alt="" coords="225,107,372,133">
<area shape="rect" href="$d6/db5/class_scene.html#94adb30b6b661dcdf107a642d78a5d42" title="Scene.cloneSelectedAssemblies" alt="" coords="193,208,404,235">
<area shape="rect" href="$d6/db5/class_scene.html#7fce66ce263e0499779599c4571c9238" title="Scene.copySelectedAssemblies" alt="" coords="195,512,403,539">
<area shape="rect" href="$d6/d7e/class_tree_scene_controller.html#e4e3ae5eb085c6462013449173bb015f" title="TreeSceneController.createSceneTree" alt="" coords="179,917,419,944">
<area shape="rect" href="$d8/d97/class_app.html#601515e5b019bc28091636b1d74c7152" title="App.createScreenshot" alt="" coords="224,968,373,995">
<area shape="rect" href="$d6/db5/class_scene.html#ded34c658cbeb426939ed8a3f3b070b8" title="Scene.cutSelectedAssemblies" alt="" coords="199,411,399,437">
<area shape="rect" href="$d6/db5/class_scene.html#c382a1cd67afddacdb9602d7467e1476" title="Scene.deleteSelectedAssemblies" alt="" coords="191,360,407,387">
<area shape="rect" href="$d6/db5/class_scene.html#5600c74be3413bd9c2bf056cf5c2b1dd" title="Scene.deleteTrashAssemblies" alt="" coords="200,563,397,589">
<area shape="rect" href="$d1/d0e/class_notify_event.html#1a98f20cdf4cabdcc50b1164c74dc8dd" title="NotifyEvent.getAssemblyDataPointer" alt="" coords="181,1019,416,1045">
<area shape="rect" href="$d1/d0e/class_notify_event.html#988dbce3e7ec778fef81f08a0c784c2b" title="NotifyEvent.getBoolean" alt="" coords="221,1069,376,1096">
<area shape="rect" href="$d1/d0e/class_notify_event.html#bb5dadd6a7d128296322dc9651c70d41" title="NotifyEvent.getGNREventType" alt="" coords="201,1120,396,1147">
<area shape="rect" href="$df/d88/class_main_frame.html#0305c8fb50da9473fd553cef312c75b0" title="MainFrame.getStatusbar" alt="" coords="217,1171,380,1197">
<area shape="rect" href="$d6/db5/class_scene.html#5b81137c9b7c995108175d8a24f822ae" title="Scene.glRefresh" alt="" coords="241,1221,356,1248">
<area shape="rect" href="$d6/db5/class_scene.html#25bd4ad6562470b9c059a52096eeaec5" title="Scene.groupSelectedAssemblies" alt="" coords="192,461,405,488">
<area shape="rect" href="$d6/db5/class_scene.html#75e7779708f1a2b27c63941fc0f6d3d6" title="Scene.hideSelectedAssemblies" alt="" coords="196,259,401,285">
<area shape="rect" href="$d6/db5/class_scene.html#5d485458c29ad4bed4110d40b1cd445d" title="Scene.insertCopiedAssemblies" alt="" coords="197,613,400,640">
<area shape="rect" href="$d6/db5/class_scene.html#311e8fa66af7b561ae49a49290e31b69" title="Scene.newRoom" alt="" coords="495,791,615,817">
<area shape="rect" href="$d6/db5/class_scene.html#93d9a1c2b5ffbc686d77e3791c3a6ff0" title="Scene.resetCamera" alt="" coords="721,829,857,856">
<area shape="rect" href="$d8/d97/class_app.html#08a31d56c8562ec19a8ec8c9ca2a82e1" title="App.OAXExport" alt="" coords="243,1272,355,1299">
<area shape="rect" href="$d8/d97/class_app.html#1541479c7e93982396cc1914ad13451e" title="App.OAXImport" alt="" coords="244,1323,353,1349">
<area shape="rect" href="$d8/d97/class_app.html#ff8b92427a32dab79fb06db3786aa320" title="App.OBJExport" alt="" coords="243,1373,355,1400">
<area shape="rect" href="$d8/d97/class_app.html#5a8c964c9f2d9a36cbdaa6c7b798aaaa" title="App.OBJImport" alt="" coords="244,1424,353,1451">
<area shape="rect" href="$d8/d97/class_app.html#80ce3970314b046c67eded97f400b7a3" title="App.ObjOaxConversion" alt="" coords="221,1475,376,1501">
<area shape="rect" href="$d8/d97/class_app.html#10de3c62a9ac595b223ca61e4e925d53" title="App.OPXOpen" alt="" coords="247,816,351,843">
<area shape="rect" href="$d8/d97/class_app.html#e2a45043f31103c8cc1655802be516fa" title="App.OPXSave" alt="" coords="248,1525,349,1552">
<area shape="rect" href="$df/de4/class_undo_redo.html#edc90647cff6bca0ed338993feca25fc" title="UndoRedo.redo" alt="" coords="500,5,609,32">
<area shape="rect" href="$d6/db5/class_scene.html#614d61ecdb9dbcbad7f868f9bd1e6ec5" title="Scene.resetSelectedAssemblies" alt="" coords="193,664,404,691">
<area shape="rect" href="$df/d88/class_main_frame.html#0323355da3bab33088dca45242ff1c09" title="MainFrame.setRedoEnabled" alt="" coords="207,1576,391,1603">
<area shape="rect" href="$d9/d3a/class_mouse_controller.html#7547eb84897d7d898016ef701d15dc7e" title="MouseController.setSnapfunction" alt="" coords="193,1627,404,1653">
<area shape="rect" href="$d9/d3a/class_mouse_controller.html#48fe1b7712ce0a3ff91a29794a591b9b" title="MouseController.setTranslation" alt="" coords="199,1677,399,1704">
<area shape="rect" href="$df/d88/class_main_frame.html#7be81c6fbb4809fe7917dba16a31dd88" title="MainFrame.setUndoEnabled" alt="" coords="207,1728,391,1755">
<area shape="rect" href="$d6/db5/class_scene.html#3bd288f5220316ab4af5b44bfa12ac90" title="Scene.toggleShadows" alt="" coords="224,1779,373,1805">
<area shape="rect" href="$df/de4/class_undo_redo.html#ffa7d589c2ce7262759a81a0bd937a7a" title="UndoRedo.undo" alt="" coords="499,715,611,741">
<area shape="rect" href="$d6/db5/class_scene.html#90452b898b5f166f9eee9bfc0893dab9" title="Scene.ungroupSelectedAssemblies" alt="" coords="185,309,412,336">
<area shape="rect" href="$d8/d97/class_app.html#203f713a1093d0f22a0ec651163f627f" title="App.updateSize" alt="" coords="243,1829,355,1856">
<area shape="rect" href="$d8/d97/class_app.html#c169c79e0b5d42ffc79c0ac4d20f5fc4" title="App.updateSplitters" alt="" coords="231,1880,367,1907">
<area shape="rect" href="$d5/de3/class_assembly.html#81b768170169fb530d07052578fbfcbc" title="Assembly.addPart" alt="" coords="491,411,619,437">
<area shape="rect" href="$d5/de3/class_assembly.html#db9582f954f8764cd1431455af7fff6f" title="Assembly.delPart" alt="" coords="493,360,616,387">
<area shape="rect" href="$d5/de3/class_assembly.html#ed4ea8b1f7dc109c964eb8f0c3c53626" title="Assembly.getPartList" alt="" coords="481,461,628,488">
<area shape="rect" href="$d5/de3/class_assembly.html#f00519c08826233f0fcba35315f8e597" title="Assembly.getWidthMeters" alt="" coords="467,56,643,83">
<area shape="rect" href="$d5/de3/class_assembly.html#8ede7e45c400b1290cc6cf31d24ce2b6" title="Assembly.move" alt="" coords="499,107,611,133">
<area shape="rect" href="$d1/d0e/class_notify_event.html#f51e30f058656f7f19536efc049be923" title="NotifyEvent.setGNREventType" alt="" coords="692,411,887,437">
<area shape="rect" href="$d6/db5/class_scene.html#e4f764527c8b962eba443129e023492c" title="Scene.getInstance" alt="" coords="491,1019,619,1045">
<area shape="rect" href="$d6/db5/class_scene.html#9734d1bd04f724bc375d31915478470a" title="Scene.getRootAssembly" alt="" coords="472,917,637,944">
<area shape="rect" href="$d6/db5/class_scene.html#107c53e38c8cdf2554fb210774329757" title="Scene.getTrash" alt="" coords="499,968,611,995">
<area shape="rect" href="$d5/d7b/class_g_l_canvas.html#d94bbf944aa55e5ebc442b696416a611" title="GLCanvas.setActive" alt="" coords="487,1069,623,1096">
<area shape="rect" href="$d5/de3/class_assembly.html#a441eb90c7cf5dfd3a843dda7c3c795e" title="Assembly.findCloneOf" alt="" coords="480,563,629,589">
<area shape="rect" href="$d6/db5/class_scene.html#580685ed1d9c3532b7bdc7490e7fabd6" title="Scene.glRefresh2D" alt="" coords="489,1247,620,1273">
<area shape="rect" href="$d6/db5/class_scene.html#878e7df9248559e82a5a6ec8195ff536" title="Scene.glRefresh3D" alt="" coords="489,1196,620,1223">
