<area shape="rect" href="$da/db9/class_tree_library_controller.html#16ee8a0d6261e8f4f1a36dc440e9fcba" title="TreeLibraryController.addCategory" alt="" coords="217,167,433,193">
<area shape="rect" href="$d6/db5/class_scene.html#13c6fa8a3cea94036dba715ac4dbe49e" title="Scene.deleteAssembly" alt="" coords="248,268,403,295">
<area shape="rect" href="$da/db9/class_tree_library_controller.html#a4a8342f424c9514b44d29dfcb02be4c" title="TreeLibraryController.deleteCategory" alt="" coords="209,863,441,889">
<area shape="rect" href="$da/db9/class_tree_library_controller.html#873f05c456cbe2609fe329cb64a0b4e9" title="TreeLibraryController.deleteEntry" alt="" coords="220,964,431,991">
<area shape="rect" href="$df/d02/class_tree_control_event.html#8a9fd70074155f4e962caa3d07766b78" title="TreeControlEvent.getAssembly" alt="" coords="225,1065,425,1092">
<area shape="rect" href="$df/d02/class_tree_control_event.html#840c728832d39ef36bd28eca47f67d1a" title="TreeControlEvent.getCat" alt="" coords="245,1116,405,1143">
<area shape="rect" href="$df/d02/class_tree_control_event.html#89e79c0a1d76ee786416fc6486dbdea5" title="TreeControlEvent.getEventType" alt="" coords="225,1167,425,1193">
<area shape="rect" href="$df/d02/class_tree_control_event.html#d12e85b03dd0fb8ac3cd62e0292091ee" title="TreeControlEvent.getNewName" alt="" coords="225,1217,425,1244">
<area shape="rect" href="$d6/db5/class_scene.html#9a010b9864607b15db5c92ae4764788b" title="Scene.hideAssembly" alt="" coords="253,420,397,447">
<area shape="rect" href="$d8/d97/class_app.html#08a31d56c8562ec19a8ec8c9ca2a82e1" title="App.OAXExport" alt="" coords="269,812,381,839">
<area shape="rect" href="$da/db9/class_tree_library_controller.html#67d89b70fcda4389b546a5294b2a1c0f" title="TreeLibraryController.pasteEntry" alt="" coords="221,699,429,725">
<area shape="rect" href="$da/db9/class_tree_library_controller.html#312d93873e36eaa987aec4132a917c2b" title="TreeLibraryController.renameCategory" alt="" coords="205,913,445,940">
<area shape="rect" href="$da/db9/class_tree_library_controller.html#a83118115928d47940f0fc067f3464f2" title="TreeLibraryController.renameEntry" alt="" coords="216,1015,435,1041">
<area shape="rect" href="$d6/db5/class_scene.html#ca172dd29a5b1bb1580cc0e85bbc5164" title="Scene.restoreAssembly" alt="" coords="245,217,405,244">
<area shape="rect" href="$d6/db5/class_scene.html#7815a58ce8043a463095199f1a2f7331" title="Scene.selectAssembly" alt="" coords="248,319,403,345">
<area shape="rect" href="$d6/db5/class_scene.html#1cf180915979dd477654e96fc76755b7" title="Scene.showAssembly" alt="" coords="251,369,400,396">
<area shape="rect" href="$d5/de3/class_assembly.html#81b768170169fb530d07052578fbfcbc" title="Assembly.addPart" alt="" coords="791,217,919,244">
<area shape="rect" href="$d5/de3/class_assembly.html#db9582f954f8764cd1431455af7fff6f" title="Assembly.delPart" alt="" coords="540,65,663,92">
<area shape="rect" href="$d5/de3/class_assembly.html#058c470dea4bb4219b91f55845d0a1ed" title="Assembly.getParent" alt="" coords="532,167,671,193">
<area shape="rect" href="$d6/db5/class_scene.html#5b81137c9b7c995108175d8a24f822ae" title="Scene.glRefresh" alt="" coords="544,369,659,396">
<area shape="rect" href="$d1/d0e/class_notify_event.html#f51e30f058656f7f19536efc049be923" title="NotifyEvent.setGNREventType" alt="" coords="504,268,699,295">
<area shape="rect" href="$d5/de3/class_assembly.html#e1d579217f8c210460273ca630a1fed2" title="Assembly.setParent" alt="" coords="1001,217,1140,244">
<area shape="rect" href="$d6/db5/class_scene.html#580685ed1d9c3532b7bdc7490e7fabd6" title="Scene.glRefresh2D" alt="" coords="789,344,920,371">
<area shape="rect" href="$d6/db5/class_scene.html#878e7df9248559e82a5a6ec8195ff536" title="Scene.glRefresh3D" alt="" coords="789,395,920,421">
<area shape="rect" href="$da/db9/class_tree_library_controller.html#a5412c72591c9b11834cb38828adb02e" title="TreeLibraryController.buildTreeCtrl" alt="" coords="493,1079,709,1105">
<area shape="rect" href="$d7/d55/class_library.html#1277292119340c68eca04f5459b5b854" title="Library.deleteEntry" alt="" coords="536,1129,667,1156">
<area shape="rect" href="$d9/d69/class_tree_library_item_data.html#e78b2089aa650bacbac41f6d3668bf99" title="TreeLibraryItemData.setCat" alt="" coords="765,1028,944,1055">
<area shape="rect" href="$d9/d69/class_tree_library_item_data.html#2e527b77a97a46c7057fb695362d13a6" title="TreeLibraryItemData.setName" alt="" coords="759,1079,951,1105">
<area shape="rect" href="$d7/d55/class_library.html#4798cf4aa4eb9684fc602929bc83df41" title="Library.deleteXmlEntry" alt="" coords="779,1129,931,1156">
<area shape="rect" href="$d5/de3/class_assembly.html#29396095e0edb6d35adc1f80f9c1e0a8" title="Assembly.setVisible" alt="" coords="532,420,671,447">
<area shape="rect" href="$da/db9/class_tree_library_controller.html#76b25000274afa4781de600885ec31e8" title="TreeLibraryController.exportEntry" alt="" coords="496,977,707,1004">
<area shape="rect" href="$d7/d55/class_library.html#6125a6ed0fc782572e2ea808321601cb" title="Library.getEntryData" alt="" coords="785,927,924,953">
<area shape="rect" href="$d5/de3/class_assembly.html#db46f2745da0c026d61dadba969edc2e" title="Assembly.clone" alt="" coords="544,572,659,599">
<area shape="rect" href="$d6/db5/class_scene.html#e4f764527c8b962eba443129e023492c" title="Scene.getInstance" alt="" coords="537,825,665,852">
<area shape="rect" href="$d6/db5/class_scene.html#4e030c19b81cbd09c4fe5b77bf5fa9ee" title="Scene.getOrigialFromHash" alt="" coords="513,775,689,801">
<area shape="rect" href="$d6/db5/class_scene.html#9135a73ff87c44f77ac667aafc68bf61" title="Scene.insertAssembly" alt="" coords="525,471,677,497">
<area shape="rect" href="$d5/de3/class_assembly.html#6578bc13aaab387dc7f618832501cd1b" title="Assembly.setHash" alt="" coords="536,927,667,953">
<area shape="rect" href="$d5/de3/class_assembly.html#d6715a05dd1d5240b8b0e6345fb5bf16" title="Assembly.setPhi" alt="" coords="541,521,661,548">
<area shape="rect" href="$d5/de3/class_assembly.html#3acb7ddc0768b9df3d3d64b3da257502" title="Assembly.setRho" alt="" coords="540,623,663,649">
<area shape="rect" href="$d5/de3/class_assembly.html#e50db1dfa2b5b4a70a282d81575505cd" title="Assembly.setTheta" alt="" coords="535,673,668,700">
<area shape="rect" href="$d5/de3/class_assembly.html#21678e96e6476f9428f9c47245819cad" title="Assembly.setXYZ" alt="" coords="540,724,663,751">
<area shape="rect" href="$d5/de3/class_assembly.html#7be3f46629ec867b77bdb20dd8c5761f" title="Assembly.addTag" alt="" coords="792,572,917,599">
<area shape="rect" href="$d5/de3/class_assembly.html#906d16dba9ed0f072f89782a131b8b22" title="Assembly.Assembly" alt="" coords="784,623,925,649">
<area shape="rect" href="$d5/de3/class_assembly.html#86749aeff54e2e938f786724ca9f5d24" title="Assembly.setChildMaterial" alt="" coords="767,521,943,548">
<area shape="rect" href="$d5/de3/class_assembly.html#ce517fe3f2489421af16176f574a7a56" title="Assembly.getHashOriginal" alt="" coords="767,775,943,801">
<area shape="rect" href="$d5/de3/class_assembly.html#29c4ddd858d5dd7d25cecfb466eba4a5" title="Assembly.putOnGround" alt="" coords="775,471,935,497">
<area shape="rect" href="$d7/d55/class_library.html#03d8b5d5fc37e96780ee6a3ccbee093a" title="Library.renameCategory" alt="" coords="521,1028,681,1055">
<area shape="rect" href="$d7/d55/class_library.html#c74228da9ee7430eaed6d170481b7a63" title="Library.renameEntry" alt="" coords="532,1180,671,1207">
<area shape="rect" href="$d5/de3/class_assembly.html#146464ddfbfb9f65e6ef05e6fec12729" title="Assembly.isType" alt="" coords="541,319,661,345">
