<area shape="rect" href="$d9/d3a/class_mouse_controller.html#0a11cd89286000db207ba4b1731fcbf7" title="MouseController.activateMediator" alt="" coords="176,40,389,67">
<area shape="rect" href="$d9/d3a/class_mouse_controller.html#62085eb6098dc764455dec705d6fa188" title="MouseController.deactivateMediator" alt="" coords="169,91,396,117">
<area shape="rect" href="$d8/d62/class_g_l_notify_event.html#d5b8a284660354258246b4abe71b6c7e" title="GLNotifyEvent.getMouseEvent" alt="" coords="471,141,665,168">
<area shape="rect" href="$d9/d3a/class_mouse_controller.html#92297c7ff1644324d8ec52c3b634905c" title="MouseController.setMediator" alt="" coords="189,395,376,421">
<area shape="rect" href="$d9/d3a/class_mouse_controller.html#2e7c9521f7f9f9fb789e8aeadaacd6b9" title="MouseController.setSelected" alt="" coords="475,699,661,725">
<area shape="rect" href="$d6/db5/class_scene.html#5b81137c9b7c995108175d8a24f822ae" title="Scene.glRefresh" alt="" coords="1009,268,1124,295">
<area shape="rect" href="$d3/d14/class_mediator.html#22838c63d0789d2800bbe21b841d245d" title="Mediator.translate" alt="" coords="505,40,631,67">
<area shape="rect" href="$d6/db5/class_scene.html#580685ed1d9c3532b7bdc7490e7fabd6" title="Scene.glRefresh2D" alt="" coords="1219,268,1349,295">
<area shape="rect" href="$d6/db5/class_scene.html#878e7df9248559e82a5a6ec8195ff536" title="Scene.glRefresh3D" alt="" coords="1219,319,1349,345">
<area shape="rect" href="$d6/db5/class_scene.html#dea4ebae5d8170217e1a979855c55917" title="Scene.glRefreshCanvas" alt="" coords="1404,293,1561,320">
<area shape="rect" href="$d5/de3/class_assembly.html#c9d3e547dd21a926b9f152bd42b01418" title="Assembly.draw" alt="" coords="1652,15,1761,41">
<area shape="rect" href="$d5/d7b/class_g_l_canvas.html#4e773fd347676178e60015ddd22768ad" title="GLCanvas.drawBaseFloor" alt="" coords="1621,65,1792,92">
<area shape="rect" href="$d5/de3/class_assembly.html#af5da3f7a8447c83399e0b58596450e1" title="Assembly.drawShadow" alt="" coords="1629,116,1784,143">
<area shape="rect" href="$d5/d7b/class_g_l_canvas.html#58d78457618b3e3c0120ab9a7fd8addb" title="GLCanvas.endDraw" alt="" coords="1640,167,1773,193">
<area shape="rect" href="$d5/d7b/class_g_l_canvas.html#049a8ed970f34623a8845e19ae42ff5e" title="GLCanvas.endPixelBuffer" alt="" coords="1623,217,1791,244">
<area shape="rect" href="$d5/d7b/class_g_l_canvas.html#0a217a6dac41d7d16cb51bc2880b5e46" title="GLCanvas.initLights" alt="" coords="1639,268,1775,295">
<area shape="rect" href="$d5/d7b/class_g_l_canvas.html#a22fa22319bb80b056e1abf991cad0d7" title="GLCanvas.loadShadowMatrix" alt="" coords="1612,319,1801,345">
<area shape="rect" href="$d5/d7b/class_g_l_canvas.html#68ae53195e0e85373c2914c0f714b1ef" title="GLCanvas.prepareDraw" alt="" coords="1629,369,1784,396">
<area shape="rect" href="$d5/d7b/class_g_l_canvas.html#c791e43686e1f7139ecccf8019a83db9" title="GLCanvas.preparePixelBuffer" alt="" coords="1612,420,1801,447">
<area shape="rect" href="$da/d43/class_g_l_camera.html#23734ccf4e8be643e3c6b7bc3d2626c8" title="GLCamera.render" alt="" coords="1645,471,1768,497">
<area shape="rect" href="$d5/d7b/class_g_l_canvas.html#77c335465036944eda1a962c0ccd9a5d" title="GLCanvas.shadowColorOff" alt="" coords="1620,521,1793,548">
<area shape="rect" href="$d5/d7b/class_g_l_canvas.html#391b3812152e7cd5b5e6727b81f04905" title="GLCanvas.shadowColorOn" alt="" coords="1619,572,1795,599">
<area shape="rect" href="$d0/d72/class_vertex.html#5052ff1eaa3994c79c8b693884127428" title="Vertex.getX" alt="" coords="1852,395,1940,421">
<area shape="rect" href="$d0/d72/class_vertex.html#ec30db203626f77d260e33726a30b5ca" title="Vertex.getY" alt="" coords="1851,445,1941,472">
<area shape="rect" href="$d0/d72/class_vertex.html#c6e94e1a137dd360f9dce1ccfa6058d7" title="Vertex.getZ" alt="" coords="1852,496,1940,523">
<area shape="rect" href="$d0/d72/class_vertex.html#4f844b660a6ba3d69f5dbf320aae9b79" title="Vertex.setY" alt="" coords="1851,547,1941,573">
<area shape="rect" href="$d3/d14/class_mediator.html#0eddddb069e68001e75093b66ef0445e" title="Mediator.finalize" alt="" coords="511,91,625,117">
<area shape="rect" href="$d8/d62/class_g_l_notify_event.html#b22c1a3f69e4fe9f14e74f2a62c2eb7d" title="GLNotifyEvent.getCanvasID" alt="" coords="740,445,919,472">
<area shape="rect" href="$d6/db5/class_scene.html#438c0c7ede2054c0a9eee18f05045ce5" title="Scene.getGLCamera2D" alt="" coords="751,496,908,523">
<area shape="rect" href="$d6/db5/class_scene.html#de5fa271cdbb9b7db995c5e4af1f3a48" title="Scene.getGLCamera3D" alt="" coords="751,749,908,776">
<area shape="rect" href="$da/d43/class_g_l_camera.html#df3a4dbe26a03d93fb56a4cb8a306b73" title="GLCamera.getPosition" alt="" coords="492,547,644,573">
<area shape="rect" href="$da/d43/class_g_l_camera.html#159cef64f00a59131e4b719315c73134" title="GLCamera.getRotatedX" alt="" coords="489,597,647,624">
<area shape="rect" href="$da/d43/class_g_l_camera.html#11bc8c1ea6b37278efb1bb2b7adb7157" title="GLCamera.getRotatedY" alt="" coords="488,648,648,675">
<area shape="rect" href="$d3/d14/class_mediator.html#14f84856ee423ff7c07518e3a8c3b86d" title="Mediator.getTranslation" alt="" coords="491,192,645,219">
<area shape="rect" href="$d3/d14/class_mediator.html#885628cf4a40774b5573b47587d2f7b9" title="Mediator.initialize" alt="" coords="507,243,629,269">
<area shape="rect" href="$d9/d3a/class_mouse_controller.html#cc4a44493625acf5d75f2e734b58f346" title="MouseController.setAssemblyMediator" alt="" coords="445,496,691,523">
<area shape="rect" href="$d3/d14/class_mediator.html#51131e733b1829a43003a90bbd6c42f3" title="Mediator.setGLCamera" alt="" coords="491,344,645,371">
<area shape="rect" href="$d9/d3a/class_mouse_controller.html#bfa4c0722ce224fc8780d14a7e3c7979" title="MouseController.updateMouse" alt="" coords="469,395,667,421">
<area shape="rect" href="$d6/db5/class_scene.html#30ed9011a03ff4a6891084318d0b0942" title="Scene.getCanvas2D" alt="" coords="760,547,899,573">
<area shape="rect" href="$d6/db5/class_scene.html#9bbf5ca7b9e14e18c99a895fa181801d" title="Scene.getCanvas3D" alt="" coords="760,597,899,624">
<area shape="rect" href="$d6/db5/class_scene.html#9734d1bd04f724bc375d31915478470a" title="Scene.getRootAssembly" alt="" coords="747,648,912,675">
<area shape="rect" href="$d3/d14/class_mediator.html#c93e45c621909e22e9382c694d1061a5" title="Mediator.setAssembly" alt="" coords="753,395,905,421">
<area shape="rect" href="$d6/db5/class_scene.html#7815a58ce8043a463095199f1a2f7331" title="Scene.selectAssembly" alt="" coords="752,699,907,725">
<area shape="rect" href="$d5/de3/class_assembly.html#81b768170169fb530d07052578fbfcbc" title="Assembly.addPart" alt="" coords="1003,648,1131,675">
<area shape="rect" href="$d5/de3/class_assembly.html#db9582f954f8764cd1431455af7fff6f" title="Assembly.delPart" alt="" coords="1005,699,1128,725">
<area shape="rect" href="$d5/de3/class_assembly.html#058c470dea4bb4219b91f55845d0a1ed" title="Assembly.getParent" alt="" coords="997,749,1136,776">
<area shape="rect" href="$d5/de3/class_assembly.html#146464ddfbfb9f65e6ef05e6fec12729" title="Assembly.isType" alt="" coords="1007,800,1127,827">
<area shape="rect" href="$d1/d0e/class_notify_event.html#f51e30f058656f7f19536efc049be923" title="NotifyEvent.setGNREventType" alt="" coords="969,597,1164,624">
<area shape="rect" href="$d5/de3/class_assembly.html#e1d579217f8c210460273ca630a1fed2" title="Assembly.setParent" alt="" coords="1215,648,1353,675">
