<area shape="rect" href="$da/dc5/_notify_event_8h.html" title="NotifyEvent.h" alt="" coords="575,80,671,107">
<area shape="rect" href="$d6/ded/_assembly_8h.html" title="Assembly.h" alt="" coords="831,379,921,405">
<area shape="rect" href="$da/d14/_obj_oax_converter_frame_8h.html" title="ObjOaxConverterFrame.h" alt="" coords="539,155,707,181">
<area shape="rect" href="$dd/dd8/_enum_8h.html" title="Enum.h" alt="" coords="971,453,1037,480">
<area shape="rect" href="$db/d71/_face_8h.html" title="Face.h" alt="" coords="603,453,664,480">
<area shape="rect" href="$d8/dcb/_vertex_8h.html" title="Vertex.h" alt="" coords="436,603,505,629">
<area shape="rect" href="$d3/d09/_material_8h.html" title="Material.h" alt="" coords="741,453,819,480">
<area shape="rect" href="$d7/d43/_v_n_t_8h.html" title="VNT.h" alt="" coords="605,528,661,555">
<area shape="rect" href="$d8/d09/_t_coord_8h.html" title="TCoord.h" alt="" coords="597,603,669,629">
<area shape="rect" href="$d0/d7f/_assembly_data_8h.html" title="AssemblyData.h" alt="" coords="11,453,128,480">
<area shape="rect" href="$d0/dbc/_g_l_canvas_preview_8h.html" title="GLCanvasPreview.h" alt="" coords="941,229,1077,256">
<area shape="rect" href="$d2/d46/_global_define_8h.html" title="GlobalDefine.h" alt="" coords="813,229,917,256">
<area shape="rect" href="$d1/d5b/_g_l_canvas_8h.html" title="GLCanvas.h" alt="" coords="831,304,921,331">
<area shape="rect" href="$d5/de8/_g_l_camera_8h.html" title="GLCamera.h" alt="" coords="179,379,272,405">
