<area shape="rect" href="$d0/d58/_g_l_camera_mediator_8h.html" title="GLCameraMediator.h" alt="" coords="84,80,228,107">
<area shape="rect" href="$d2/dcd/_mediator_8h.html" title="Mediator.h" alt="" coords="267,155,349,181">
<area shape="rect" href="$d8/dcb/_vertex_8h.html" title="Vertex.h" alt="" coords="301,752,371,779">
<area shape="rect" href="$d5/de8/_g_l_camera_8h.html" title="GLCamera.h" alt="" coords="127,528,220,555">
<area shape="rect" href="$df/d57/_g_l_notify_event_8h.html" title="GLNotifyEvent.h" alt="" coords="251,229,365,256">
<area shape="rect" href="$d6/ded/_assembly_8h.html" title="Assembly.h" alt="" coords="623,528,713,555">
<area shape="rect" href="$da/dc5/_notify_event_8h.html" title="NotifyEvent.h" alt="" coords="463,229,559,256">
<area shape="rect" href="$dd/dd8/_enum_8h.html" title="Enum.h" alt="" coords="305,603,372,629">
<area shape="rect" href="$db/d71/_face_8h.html" title="Face.h" alt="" coords="679,603,740,629">
<area shape="rect" href="$d3/d09/_material_8h.html" title="Material.h" alt="" coords="552,603,629,629">
<area shape="rect" href="$d7/d43/_v_n_t_8h.html" title="VNT.h" alt="" coords="681,677,737,704">
<area shape="rect" href="$d8/d09/_t_coord_8h.html" title="TCoord.h" alt="" coords="673,752,745,779">
<area shape="rect" href="$da/d14/_obj_oax_converter_frame_8h.html" title="ObjOaxConverterFrame.h" alt="" coords="1033,304,1201,331">
<area shape="rect" href="$d0/d7f/_assembly_data_8h.html" title="AssemblyData.h" alt="" coords="1541,603,1659,629">
<area shape="rect" href="$d0/dbc/_g_l_canvas_preview_8h.html" title="GLCanvasPreview.h" alt="" coords="447,379,583,405">
<area shape="rect" href="$d2/d46/_global_define_8h.html" title="GlobalDefine.h" alt="" coords="945,379,1049,405">
<area shape="rect" href="$d1/d5b/_g_l_canvas_8h.html" title="GLCanvas.h" alt="" coords="447,453,537,480">
