<area shape="rect" href="$d5/de3/class_assembly.html#aedb42cf43697bf3e556470061014425" title="Assembly.addFace" alt="" coords="269,5,403,32">
<area shape="rect" href="$d3/db8/class_primitive_creator.html#422e0fdd8f82a266c4c9114e5de1111e" title="PrimitiveCreator.createFace" alt="" coords="245,56,427,83">
<area shape="rect" href="$d0/d72/class_vertex.html#5052ff1eaa3994c79c8b693884127428" title="Vertex.getX" alt="" coords="292,107,380,133">
<area shape="rect" href="$d0/d72/class_vertex.html#ec30db203626f77d260e33726a30b5ca" title="Vertex.getY" alt="" coords="291,157,381,184">
<area shape="rect" href="$d0/d72/class_vertex.html#c6e94e1a137dd360f9dce1ccfa6058d7" title="Vertex.getZ" alt="" coords="292,208,380,235">
<area shape="rect" href="$d5/de3/class_assembly.html#5e37277f1bd431563e8ad8c4878f9e23" title="Assembly.setCuboid" alt="" coords="265,259,407,285">
<area shape="rect" href="$d5/de3/class_assembly.html#d6715a05dd1d5240b8b0e6345fb5bf16" title="Assembly.setPhi" alt="" coords="276,309,396,336">
<area shape="rect" href="$d5/de3/class_assembly.html#3acb7ddc0768b9df3d3d64b3da257502" title="Assembly.setRho" alt="" coords="275,360,397,387">
<area shape="rect" href="$d5/de3/class_assembly.html#e50db1dfa2b5b4a70a282d81575505cd" title="Assembly.setTheta" alt="" coords="269,411,403,437">
<area shape="rect" href="$d5/de3/class_assembly.html#56f378fe7ea1f382ebf0e74f58a57de5" title="Assembly.setType" alt="" coords="272,461,400,488">
<area shape="rect" href="$d0/d72/class_vertex.html#0609f54d5d3f6b3b790e963fb6d90e70" title="Vertex.setXYZ" alt="" coords="284,512,388,539">
<area shape="rect" href="$d5/d2a/class_face.html#9097e3115d342543545a53cbfb62c5cf" title="Face.addVNT" alt="" coords="476,56,575,83">
