<area shape="rect" href="$d5/de3/class_assembly.html#81b768170169fb530d07052578fbfcbc" title="Assembly.addPart" alt="" coords="285,5,413,32">
<area shape="rect" href="$d5/de3/class_assembly.html#db9582f954f8764cd1431455af7fff6f" title="Assembly.delPart" alt="" coords="288,56,411,83">
<area shape="rect" href="$d5/de3/class_assembly.html#a441eb90c7cf5dfd3a843dda7c3c795e" title="Assembly.findCloneOf" alt="" coords="275,107,424,133">
<area shape="rect" href="$d5/de3/class_assembly.html#ed4ea8b1f7dc109c964eb8f0c3c53626" title="Assembly.getPartList" alt="" coords="276,157,423,184">
<area shape="rect" href="$d1/d0e/class_notify_event.html#f51e30f058656f7f19536efc049be923" title="NotifyEvent.setGNREventType" alt="" coords="252,208,447,235">
<area shape="rect" href="$d5/de3/class_assembly.html#e1d579217f8c210460273ca630a1fed2" title="Assembly.setParent" alt="" coords="497,5,636,32">
<area shape="rect" href="$d5/de3/class_assembly.html#cc8c740ec4173badcda2902e89dc3ef3" title="Assembly.getOrigin" alt="" coords="499,107,635,133">
