<area shape="rect" href="$da/d43/class_g_l_camera.html#ac5f61e9969d0ce0f9be70db857eb139" title="GLCamera.changeDistance" alt="" coords="191,31,369,57">
<area shape="rect" href="$da/d43/class_g_l_camera.html#2c5e42bda3b533852a83fd62608ae3db" title="GLCamera.reset" alt="" coords="223,81,337,108">
<area shape="rect" href="$da/d43/class_g_l_camera.html#613fa99c37d6f1c9da2147a6e4ce0fc2" title="GLCamera.rotateX" alt="" coords="216,132,344,159">
<area shape="rect" href="$da/d43/class_g_l_camera.html#b81e70d92516943286c89c69a2cb86a8" title="GLCamera.setViewPoint" alt="" coords="420,31,583,57">
<area shape="rect" href="$d0/d72/class_vertex.html#ec30db203626f77d260e33726a30b5ca" title="Vertex.getY" alt="" coords="636,5,727,32">
<area shape="rect" href="$d0/d72/class_vertex.html#4f844b660a6ba3d69f5dbf320aae9b79" title="Vertex.setY" alt="" coords="636,56,727,83">
<area shape="rect" href="$d0/d72/class_vertex.html#4443fbe7be5882e4f662ac874f63f0a8" title="Vertex.normalize" alt="" coords="441,132,561,159">
<area shape="rect" href="$d0/d72/class_vertex.html#194518d7172844246326629b192e9773" title="Vertex.length" alt="" coords="632,132,731,159">
