<area shape="rect" href="$d5/de3/class_assembly.html#81b768170169fb530d07052578fbfcbc" title="Assembly.addPart" alt="" coords="245,132,373,159">
<area shape="rect" href="$d5/de3/class_assembly.html#db9582f954f8764cd1431455af7fff6f" title="Assembly.delPart" alt="" coords="248,183,371,209">
<area shape="rect" href="$d5/de3/class_assembly.html#058c470dea4bb4219b91f55845d0a1ed" title="Assembly.getParent" alt="" coords="240,233,379,260">
<area shape="rect" href="$d6/db5/class_scene.html#5b81137c9b7c995108175d8a24f822ae" title="Scene.glRefresh" alt="" coords="252,284,367,311">
<area shape="rect" href="$d1/d0e/class_notify_event.html#f51e30f058656f7f19536efc049be923" title="NotifyEvent.setGNREventType" alt="" coords="212,335,407,361">
<area shape="rect" href="$d5/de3/class_assembly.html#e1d579217f8c210460273ca630a1fed2" title="Assembly.setParent" alt="" coords="457,132,596,159">
<area shape="rect" href="$d6/db5/class_scene.html#580685ed1d9c3532b7bdc7490e7fabd6" title="Scene.glRefresh2D" alt="" coords="461,259,592,285">
<area shape="rect" href="$d6/db5/class_scene.html#878e7df9248559e82a5a6ec8195ff536" title="Scene.glRefresh3D" alt="" coords="461,309,592,336">
<area shape="rect" href="$d6/db5/class_scene.html#dea4ebae5d8170217e1a979855c55917" title="Scene.glRefreshCanvas" alt="" coords="647,284,804,311">
<area shape="rect" href="$d5/de3/class_assembly.html#c9d3e547dd21a926b9f152bd42b01418" title="Assembly.draw" alt="" coords="895,5,1004,32">
<area shape="rect" href="$d5/d7b/class_g_l_canvas.html#4e773fd347676178e60015ddd22768ad" title="GLCanvas.drawBaseFloor" alt="" coords="864,56,1035,83">
<area shape="rect" href="$d5/de3/class_assembly.html#af5da3f7a8447c83399e0b58596450e1" title="Assembly.drawShadow" alt="" coords="872,107,1027,133">
<area shape="rect" href="$d5/d7b/class_g_l_canvas.html#58d78457618b3e3c0120ab9a7fd8addb" title="GLCanvas.endDraw" alt="" coords="883,157,1016,184">
<area shape="rect" href="$d5/d7b/class_g_l_canvas.html#049a8ed970f34623a8845e19ae42ff5e" title="GLCanvas.endPixelBuffer" alt="" coords="865,208,1033,235">
<area shape="rect" href="$d5/d7b/class_g_l_canvas.html#0a217a6dac41d7d16cb51bc2880b5e46" title="GLCanvas.initLights" alt="" coords="881,259,1017,285">
<area shape="rect" href="$d5/d7b/class_g_l_canvas.html#a22fa22319bb80b056e1abf991cad0d7" title="GLCanvas.loadShadowMatrix" alt="" coords="855,309,1044,336">
<area shape="rect" href="$d5/d7b/class_g_l_canvas.html#68ae53195e0e85373c2914c0f714b1ef" title="GLCanvas.prepareDraw" alt="" coords="872,360,1027,387">
<area shape="rect" href="$d5/d7b/class_g_l_canvas.html#c791e43686e1f7139ecccf8019a83db9" title="GLCanvas.preparePixelBuffer" alt="" coords="855,411,1044,437">
<area shape="rect" href="$da/d43/class_g_l_camera.html#23734ccf4e8be643e3c6b7bc3d2626c8" title="GLCamera.render" alt="" coords="888,461,1011,488">
<area shape="rect" href="$d5/d7b/class_g_l_canvas.html#77c335465036944eda1a962c0ccd9a5d" title="GLCanvas.shadowColorOff" alt="" coords="863,512,1036,539">
<area shape="rect" href="$d5/d7b/class_g_l_canvas.html#391b3812152e7cd5b5e6727b81f04905" title="GLCanvas.shadowColorOn" alt="" coords="861,563,1037,589">
<area shape="rect" href="$d0/d72/class_vertex.html#5052ff1eaa3994c79c8b693884127428" title="Vertex.getX" alt="" coords="1095,385,1183,412">
<area shape="rect" href="$d0/d72/class_vertex.html#ec30db203626f77d260e33726a30b5ca" title="Vertex.getY" alt="" coords="1093,436,1184,463">
<area shape="rect" href="$d0/d72/class_vertex.html#c6e94e1a137dd360f9dce1ccfa6058d7" title="Vertex.getZ" alt="" coords="1095,487,1183,513">
<area shape="rect" href="$d0/d72/class_vertex.html#4f844b660a6ba3d69f5dbf320aae9b79" title="Vertex.setY" alt="" coords="1093,537,1184,564">
