<area shape="rect" href="$d6/db5/class_scene.html#89095bc8392804acb0280712e3c0d5ee" title="Scene.initContainers" alt="" coords="155,19,296,45">
<area shape="rect" href="$d6/db5/class_scene.html#93d9a1c2b5ffbc686d77e3791c3a6ff0" title="Scene.resetCamera" alt="" coords="157,95,293,121">
<area shape="rect" href="$d5/de3/class_assembly.html#81b768170169fb530d07052578fbfcbc" title="Assembly.addPart" alt="" coords="371,5,499,32">
<area shape="rect" href="$d5/de3/class_assembly.html#e1d579217f8c210460273ca630a1fed2" title="Assembly.setParent" alt="" coords="587,5,725,32">
<area shape="rect" href="$da/d43/class_g_l_camera.html#ac5f61e9969d0ce0f9be70db857eb139" title="GLCamera.changeDistance" alt="" coords="345,56,524,83">
<area shape="rect" href="$da/d43/class_g_l_camera.html#2c5e42bda3b533852a83fd62608ae3db" title="GLCamera.reset" alt="" coords="377,107,492,133">
<area shape="rect" href="$da/d43/class_g_l_camera.html#613fa99c37d6f1c9da2147a6e4ce0fc2" title="GLCamera.rotateX" alt="" coords="371,157,499,184">
<area shape="rect" href="$da/d43/class_g_l_camera.html#b81e70d92516943286c89c69a2cb86a8" title="GLCamera.setViewPoint" alt="" coords="575,56,737,83">
<area shape="rect" href="$d0/d72/class_vertex.html#ec30db203626f77d260e33726a30b5ca" title="Vertex.getY" alt="" coords="791,31,881,57">
<area shape="rect" href="$d0/d72/class_vertex.html#4f844b660a6ba3d69f5dbf320aae9b79" title="Vertex.setY" alt="" coords="791,81,881,108">
<area shape="rect" href="$d0/d72/class_vertex.html#4443fbe7be5882e4f662ac874f63f0a8" title="Vertex.normalize" alt="" coords="596,157,716,184">
<area shape="rect" href="$d0/d72/class_vertex.html#194518d7172844246326629b192e9773" title="Vertex.length" alt="" coords="787,157,885,184">
