<area shape="rect" href="$d6/db5/class_scene.html#dea4ebae5d8170217e1a979855c55917" title="Scene.glRefreshCanvas" alt="" coords="188,284,345,311">
<area shape="rect" href="$d5/de3/class_assembly.html#c9d3e547dd21a926b9f152bd42b01418" title="Assembly.draw" alt="" coords="436,5,545,32">
<area shape="rect" href="$d5/d7b/class_g_l_canvas.html#4e773fd347676178e60015ddd22768ad" title="GLCanvas.drawBaseFloor" alt="" coords="405,56,576,83">
<area shape="rect" href="$d5/de3/class_assembly.html#af5da3f7a8447c83399e0b58596450e1" title="Assembly.drawShadow" alt="" coords="413,107,568,133">
<area shape="rect" href="$d5/d7b/class_g_l_canvas.html#58d78457618b3e3c0120ab9a7fd8addb" title="GLCanvas.endDraw" alt="" coords="424,157,557,184">
<area shape="rect" href="$d5/d7b/class_g_l_canvas.html#049a8ed970f34623a8845e19ae42ff5e" title="GLCanvas.endPixelBuffer" alt="" coords="407,208,575,235">
<area shape="rect" href="$d5/d7b/class_g_l_canvas.html#0a217a6dac41d7d16cb51bc2880b5e46" title="GLCanvas.initLights" alt="" coords="423,259,559,285">
<area shape="rect" href="$d5/d7b/class_g_l_canvas.html#a22fa22319bb80b056e1abf991cad0d7" title="GLCanvas.loadShadowMatrix" alt="" coords="396,309,585,336">
<area shape="rect" href="$d5/d7b/class_g_l_canvas.html#68ae53195e0e85373c2914c0f714b1ef" title="GLCanvas.prepareDraw" alt="" coords="413,360,568,387">
<area shape="rect" href="$d5/d7b/class_g_l_canvas.html#c791e43686e1f7139ecccf8019a83db9" title="GLCanvas.preparePixelBuffer" alt="" coords="396,411,585,437">
<area shape="rect" href="$da/d43/class_g_l_camera.html#23734ccf4e8be643e3c6b7bc3d2626c8" title="GLCamera.render" alt="" coords="429,461,552,488">
<area shape="rect" href="$d5/d7b/class_g_l_canvas.html#77c335465036944eda1a962c0ccd9a5d" title="GLCanvas.shadowColorOff" alt="" coords="404,512,577,539">
<area shape="rect" href="$d5/d7b/class_g_l_canvas.html#391b3812152e7cd5b5e6727b81f04905" title="GLCanvas.shadowColorOn" alt="" coords="403,563,579,589">
<area shape="rect" href="$d0/d72/class_vertex.html#5052ff1eaa3994c79c8b693884127428" title="Vertex.getX" alt="" coords="636,385,724,412">
<area shape="rect" href="$d0/d72/class_vertex.html#ec30db203626f77d260e33726a30b5ca" title="Vertex.getY" alt="" coords="635,436,725,463">
<area shape="rect" href="$d0/d72/class_vertex.html#c6e94e1a137dd360f9dce1ccfa6058d7" title="Vertex.getZ" alt="" coords="636,487,724,513">
<area shape="rect" href="$d0/d72/class_vertex.html#4f844b660a6ba3d69f5dbf320aae9b79" title="Vertex.setY" alt="" coords="635,537,725,564">
