<area shape="rect" href="$da/d43/class_g_l_camera.html#8a3c75a09e27547204bcb45aca580df5" title="GLCamera.getDistance" alt="" coords="247,5,401,32">
<area shape="rect" href="$da/d43/class_g_l_camera.html#35976545adea184577d2d34c63f489ba" title="GLCamera.getRightVector" alt="" coords="237,56,411,83">
<area shape="rect" href="$da/d43/class_g_l_camera.html#159cef64f00a59131e4b719315c73134" title="GLCamera.getRotatedX" alt="" coords="245,107,403,133">
<area shape="rect" href="$da/d43/class_g_l_camera.html#11bc8c1ea6b37278efb1bb2b7adb7157" title="GLCamera.getRotatedY" alt="" coords="244,157,404,184">
<area shape="rect" href="$da/d43/class_g_l_camera.html#ed9a0b2f888246527b980551fea4baa8" title="GLCamera.getRotatedZ" alt="" coords="245,208,403,235">
<area shape="rect" href="$da/d43/class_g_l_camera.html#395219cbe9c427e18c0997e9cd31fa79" title="GLCamera.getUpVector" alt="" coords="244,259,404,285">
<area shape="rect" href="$da/d43/class_g_l_camera.html#0e134e03205b92aeb763a818916c6699" title="GLCamera.getViewDir" alt="" coords="249,309,399,336">
<area shape="rect" href="$da/d43/class_g_l_camera.html#7e9f1d00f4a429379580adc02ac7b830" title="GLCamera.getViewPoint" alt="" coords="243,360,405,387">
