<area shape="rect" href="$d0/dc9/class_object_import.html#16b3c5781d6d878b79fd434eb2a898a3" title="ObjectImport.read" alt="" coords="228,349,351,376">
<area shape="rect" href="$d0/dc9/class_object_import.html#a3245f8ce00b4671ba8fb5c4efacd97d" title="ObjectImport.addAtomic" alt="" coords="599,96,759,123">
<area shape="rect" href="$d5/de3/class_assembly.html#81b768170169fb530d07052578fbfcbc" title="Assembly.addPart" alt="" coords="832,45,960,72">
<area shape="rect" href="$d0/dc9/class_object_import.html#a392749cdaa51818b1ae71b2538dda2a" title="ObjectImport.getF" alt="" coords="412,248,537,275">
<area shape="rect" href="$d0/dc9/class_object_import.html#50156248daf02710726f585c99239367" title="ObjectImport.getO" alt="" coords="411,96,539,123">
<area shape="rect" href="$d0/dc9/class_object_import.html#766f8855b840547454042591e69f5058" title="ObjectImport.getU" alt="" coords="616,147,741,173">
<area shape="rect" href="$d0/dc9/class_object_import.html#fcb2e50f976ac8e6ffbfb62f908ea76a" title="ObjectImport.getVs" alt="" coords="408,299,541,325">
<area shape="rect" href="$d5/de3/class_assembly.html#2336de4ec773448abb82943b39b0ffe3" title="Assembly.setNormals" alt="" coords="400,349,549,376">
<area shape="rect" href="$d5/de3/class_assembly.html#cf9aceb4d2065773dfd3956a49f1ae4d" title="Assembly.setScale" alt="" coords="408,400,541,427">
<area shape="rect" href="$d5/de3/class_assembly.html#85ac6bec91606a142233f91f63ec3e2f" title="Assembly.setSize" alt="" coords="411,451,539,477">
<area shape="rect" href="$d5/de3/class_assembly.html#56f378fe7ea1f382ebf0e74f58a57de5" title="Assembly.setType" alt="" coords="411,501,539,528">
<area shape="rect" href="$d5/de3/class_assembly.html#07da46a086265e97eb381e66ad360f08" title="Assembly.setX" alt="" coords="421,552,528,579">
<area shape="rect" href="$d5/de3/class_assembly.html#7ac9226c8eaad8ff2f8c310b770b09c2" title="Assembly.setY" alt="" coords="420,603,529,629">
<area shape="rect" href="$d5/de3/class_assembly.html#ed7ceedea1df9f844944b62caad23eab" title="Assembly.setZ" alt="" coords="421,653,528,680">
<area shape="rect" href="$d0/dcd/class_material_library.html#4fe45053567fcab72506e29186468038" title="MaterialLibrary.getMaterial" alt="" coords="809,197,983,224">
<area shape="rect" href="$d5/de3/class_assembly.html#86749aeff54e2e938f786724ca9f5d24" title="Assembly.setChildMaterial" alt="" coords="808,147,984,173">
<area shape="rect" href="$d5/de3/class_assembly.html#838e47b4724e3405a08737b691ed5f51" title="Assembly.setName" alt="" coords="828,96,964,123">
<area shape="rect" href="$d5/de3/class_assembly.html#e1d579217f8c210460273ca630a1fed2" title="Assembly.setParent" alt="" coords="1033,45,1172,72">
<area shape="rect" href="$d5/de3/class_assembly.html#aedb42cf43697bf3e556470061014425" title="Assembly.addFace" alt="" coords="612,197,745,224">
<area shape="rect" href="$d5/d2a/class_face.html#9097e3115d342543545a53cbfb62c5cf" title="Face.addVNT" alt="" coords="629,248,728,275">
<area shape="rect" href="$d5/d2a/class_face.html#6d18c76de822dcfc5bffe7255940a4b4" title="Face.size" alt="" coords="640,299,717,325">
<area shape="rect" href="$d0/dc9/class_object_import.html#932700d8dbad52648a7b7eb76850efad" title="ObjectImport.getV" alt="" coords="616,349,741,376">
<area shape="rect" href="$d0/dc9/class_object_import.html#0cc87d0e2c42ddc744de15dd7af19fe7" title="ObjectImport.getVN" alt="" coords="611,400,747,427">
<area shape="rect" href="$d0/dc9/class_object_import.html#9aa6575572062fb49d5edba49dac9620" title="ObjectImport.getVT" alt="" coords="612,451,745,477">
<area shape="rect" href="$d0/dc9/class_object_import.html#4ad1950f806ce274befc4d3ed2d22f8b" title="ObjectImport.minmax" alt="" coords="824,349,968,376">
