<area shape="rect" href="$d5/d5e/_import_file_8cpp.html" title="Y:/PROJECTS/GNR/src/ImportFile.cpp" alt="" coords="233,80,479,107">
<area shape="rect" href="$d9/db5/_object_import_8h.html" title="Y:/PROJECTS/GNR/src/include/ObjectImport.h" alt="" coords="503,80,796,107">
<area shape="rect" href="$dc/db4/_app_8cpp.html" title="Y:/PROJECTS/GNR/src/App.cpp" alt="" coords="5,304,216,331">
<area shape="rect" href="$df/d4a/_oax_import_8h.html" title="Y:/PROJECTS/GNR/src/include/OaxImport.h" alt="" coords="332,155,612,181">
<area shape="rect" href="$dc/d55/_oax_import_8cpp.html" title="Y:/PROJECTS/GNR/src/OaxImport.cpp" alt="" coords="808,229,1056,256">
<area shape="rect" href="$db/d74/_object_import_8cpp.html" title="Y:/PROJECTS/GNR/src/ObjectImport.cpp" alt="" coords="687,155,951,181">
<area shape="rect" href="$df/d4d/_obj_oax_converter_8cpp.html" title="Y:/PROJECTS/GNR/src/ObjOaxConverter.cpp" alt="" coords="975,155,1263,181">
<area shape="rect" href="$df/d60/_opx_import_8h.html" title="Y:/PROJECTS/GNR/src/include/OpxImport.h" alt="" coords="173,229,453,256">
<area shape="rect" href="$d7/d9d/_tree_library_controller_8cpp.html" title="Y:/PROJECTS/GNR/src/TreeLibraryController.cpp" alt="" coords="477,229,784,256">
<area shape="rect" href="$d2/d85/_opx_import_8cpp.html" title="Y:/PROJECTS/GNR/src/OpxImport.cpp" alt="" coords="240,304,488,331">
