<area shape="rect" href="$d7/d64/class_oax_import.html#ec95d53d09a4524982233167581cd34c" title="OaxImport.LoadAssemblyXml" alt="" coords="168,107,360,133">
<area shape="rect" href="$d7/d64/class_oax_import.html#5613721cfa4c4e3e79ca34018a7a1147" title="OaxImport.LoadObj" alt="" coords="197,157,331,184">
<area shape="rect" href="$d7/d64/class_oax_import.html#a33e307bf6de85368cead49ecd600c5a" title="OaxImport.LoadPrimitivesXml" alt="" coords="169,208,359,235">
<area shape="rect" href="$d0/dc9/class_object_import.html#2eaa1424f526af8c8357bc7dd72b96bc" title="ObjectImport.getWrapper" alt="" coords="409,5,575,32">
<area shape="rect" href="$d5/de3/class_assembly.html#d6715a05dd1d5240b8b0e6345fb5bf16" title="Assembly.setPhi" alt="" coords="432,56,552,83">
<area shape="rect" href="$d5/de3/class_assembly.html#3acb7ddc0768b9df3d3d64b3da257502" title="Assembly.setRho" alt="" coords="431,107,553,133">
<area shape="rect" href="$d5/de3/class_assembly.html#e50db1dfa2b5b4a70a282d81575505cd" title="Assembly.setTheta" alt="" coords="425,157,559,184">
<area shape="rect" href="$d5/de3/class_assembly.html#07da46a086265e97eb381e66ad360f08" title="Assembly.setX" alt="" coords="439,208,545,235">
<area shape="rect" href="$d5/de3/class_assembly.html#7ac9226c8eaad8ff2f8c310b770b09c2" title="Assembly.setY" alt="" coords="437,259,547,285">
<area shape="rect" href="$d5/de3/class_assembly.html#ed7ceedea1df9f844944b62caad23eab" title="Assembly.setZ" alt="" coords="439,309,545,336">
