<area shape="rect" href="$d0/dc9/class_object_import.html#2eaa1424f526af8c8357bc7dd72b96bc" title="ObjectImport.getWrapper" alt="" coords="188,5,353,32">
<area shape="rect" href="$d5/de3/class_assembly.html#d6715a05dd1d5240b8b0e6345fb5bf16" title="Assembly.setPhi" alt="" coords="211,56,331,83">
<area shape="rect" href="$d5/de3/class_assembly.html#3acb7ddc0768b9df3d3d64b3da257502" title="Assembly.setRho" alt="" coords="209,107,332,133">
<area shape="rect" href="$d5/de3/class_assembly.html#e50db1dfa2b5b4a70a282d81575505cd" title="Assembly.setTheta" alt="" coords="204,157,337,184">
<area shape="rect" href="$d5/de3/class_assembly.html#07da46a086265e97eb381e66ad360f08" title="Assembly.setX" alt="" coords="217,208,324,235">
<area shape="rect" href="$d5/de3/class_assembly.html#7ac9226c8eaad8ff2f8c310b770b09c2" title="Assembly.setY" alt="" coords="216,259,325,285">
<area shape="rect" href="$d5/de3/class_assembly.html#ed7ceedea1df9f844944b62caad23eab" title="Assembly.setZ" alt="" coords="217,309,324,336">
