<area shape="rect" href="$d3/d14/class_mediator.html#700daebacedd247847bfbbfe0145a6c2" title="Mediator.doSnapMove" alt="" coords="229,5,379,32">
<area shape="rect" href="$d8/d62/class_g_l_notify_event.html#d5b8a284660354258246b4abe71b6c7e" title="GLNotifyEvent.getMouseEvent" alt="" coords="207,56,401,83">
<area shape="rect" href="$d0/d72/class_vertex.html#5052ff1eaa3994c79c8b693884127428" title="Vertex.getX" alt="" coords="260,107,348,133">
<area shape="rect" href="$d0/d72/class_vertex.html#c6e94e1a137dd360f9dce1ccfa6058d7" title="Vertex.getZ" alt="" coords="260,157,348,184">
<area shape="rect" href="$db/d16/class_line_draw_event.html#425554128dae24f9f642c938e430960d" title="LineDrawEvent.setEndPoint" alt="" coords="213,208,395,235">
<area shape="rect" href="$db/d16/class_line_draw_event.html#d818088d72fde92d3d1fcf8e838dd1dc" title="LineDrawEvent.setStartPoint" alt="" coords="211,259,397,285">
<area shape="rect" href="$d0/d72/class_vertex.html#d2c370f9731b0c2f10e97962c1813e64" title="Vertex.setX" alt="" coords="260,309,348,336">
<area shape="rect" href="$d0/d72/class_vertex.html#4f844b660a6ba3d69f5dbf320aae9b79" title="Vertex.setY" alt="" coords="259,360,349,387">
<area shape="rect" href="$d0/d72/class_vertex.html#78a5114dee466cc217883443b9e5f017" title="Vertex.setZ" alt="" coords="260,411,348,437">
