<area shape="rect" href="$d0/d72/class_vertex.html#5052ff1eaa3994c79c8b693884127428" title="Vertex.getX" alt="" coords="271,5,359,32">
<area shape="rect" href="$d0/d72/class_vertex.html#c6e94e1a137dd360f9dce1ccfa6058d7" title="Vertex.getZ" alt="" coords="271,56,359,83">
<area shape="rect" href="$d1/da1/class_create_primitive_event.html#0488ff7852921caec733cbe610b72e13" title="CreatePrimitiveEvent.setAngles" alt="" coords="213,107,416,133">
<area shape="rect" href="$d1/da1/class_create_primitive_event.html#442e5dd3b065595ed5648413c3eef49f" title="CreatePrimitiveEvent.setDimensions" alt="" coords="200,157,429,184">
<area shape="rect" href="$d1/da1/class_create_primitive_event.html#28087ecd842ea748a7e8fc26b27f1bc2" title="CreatePrimitiveEvent.setPosition" alt="" coords="211,208,419,235">
<area shape="rect" href="$d1/da1/class_create_primitive_event.html#b5a93a4c0ccea2862cf3d5d66066e384" title="CreatePrimitiveEvent.setPrimitiveType" alt="" coords="195,259,435,285">
<area shape="rect" href="$d0/d72/class_vertex.html#d2c370f9731b0c2f10e97962c1813e64" title="Vertex.setX" alt="" coords="271,309,359,336">
<area shape="rect" href="$d0/d72/class_vertex.html#4f844b660a6ba3d69f5dbf320aae9b79" title="Vertex.setY" alt="" coords="269,360,360,387">
<area shape="rect" href="$d0/d72/class_vertex.html#78a5114dee466cc217883443b9e5f017" title="Vertex.setZ" alt="" coords="271,411,359,437">
