<area shape="rect" href="$db/dd7/class_obj_oax_converter.html#a68517862240ee716dce5cf0e4b2e7c4" title="ObjOaxConverter.initFrame" alt="" coords="276,208,452,235">
<area shape="rect" href="$db/dd7/class_obj_oax_converter.html#caeb591e1a493a3b68fd4c9f517509a0" title="ObjOaxConverter.Load" alt="" coords="288,259,440,285">
<area shape="rect" href="$db/dd7/class_obj_oax_converter.html#6890e22f56011981a741b87fc3147ac8" title="ObjOaxConverter.fillFrame" alt="" coords="503,208,673,235">
<area shape="rect" href="$d4/d60/class_g_l_canvas_preview.html#8fbd7e7fe0527bb0a9f8cc914c3bb265" title="GLCanvasPreview.draw" alt="" coords="777,56,932,83">
<area shape="rect" href="$de/de1/class_obj_oax_converter_frame.html#98caeeb1cbb3ce8fb58fbfa79892239c" title="ObjOaxConverterFrame.getCanvasPointer" alt="" coords="724,107,985,133">
<area shape="rect" href="$d4/d60/class_g_l_canvas_preview.html#57ca8a37d12901b95bcd3366087ce572" title="GLCanvasPreview.reshape" alt="" coords="768,157,941,184">
<area shape="rect" href="$de/de1/class_obj_oax_converter_frame.html#2cec30a19ce4d20052f2ef1b16c8461c" title="ObjOaxConverterFrame.setAllCategories" alt="" coords="727,208,983,235">
<area shape="rect" href="$d4/d60/class_g_l_canvas_preview.html#ba5804f3d36810430bf1ef791e24893a" title="GLCanvasPreview.setAssembly" alt="" coords="753,259,956,285">
<area shape="rect" href="$de/de1/class_obj_oax_converter_frame.html#fbb70a0bbe48750e6a40126e2c984b96" title="ObjOaxConverterFrame.setAssemblyData" alt="" coords="723,309,987,336">
<area shape="rect" href="$de/de1/class_obj_oax_converter_frame.html#3bfc82fb03ae3e636a2561cad7c78820" title="ObjOaxConverterFrame.setData" alt="" coords="752,360,957,387">
<area shape="rect" href="$d5/de3/class_assembly.html#c9d3e547dd21a926b9f152bd42b01418" title="Assembly.draw" alt="" coords="1099,5,1208,32">
<area shape="rect" href="$d5/de3/class_assembly.html#44f97f5f715faf771cf9eb83db034b62" title="Assembly.getMaximumSize" alt="" coords="1061,56,1245,83">
<area shape="rect" href="$d4/d60/class_g_l_canvas_preview.html#91844a7698dbc06a00fff6a97f2548b1" title="GLCanvasPreview.InitLights" alt="" coords="1064,107,1243,133">
<area shape="rect" href="$de/de1/class_obj_oax_converter_frame.html#05e96039b3081ce6f4ffa9b947d9c46d" title="ObjOaxConverterFrame.max" alt="" coords="1061,335,1245,361">
<area shape="rect" href="$de/de1/class_obj_oax_converter_frame.html#63311802ac8232ef5608edb0d98608c8" title="ObjOaxConverterFrame.updateFrame" alt="" coords="1036,385,1271,412">
