<area shape="rect" href="$db/dd7/class_obj_oax_converter.html#6890e22f56011981a741b87fc3147ac8" title="ObjOaxConverter.fillFrame" alt="" coords="233,208,404,235">
<area shape="rect" href="$d4/d60/class_g_l_canvas_preview.html#8fbd7e7fe0527bb0a9f8cc914c3bb265" title="GLCanvasPreview.draw" alt="" coords="508,56,663,83">
<area shape="rect" href="$de/de1/class_obj_oax_converter_frame.html#98caeeb1cbb3ce8fb58fbfa79892239c" title="ObjOaxConverterFrame.getCanvasPointer" alt="" coords="455,107,716,133">
<area shape="rect" href="$d4/d60/class_g_l_canvas_preview.html#57ca8a37d12901b95bcd3366087ce572" title="GLCanvasPreview.reshape" alt="" coords="499,157,672,184">
<area shape="rect" href="$de/de1/class_obj_oax_converter_frame.html#2cec30a19ce4d20052f2ef1b16c8461c" title="ObjOaxConverterFrame.setAllCategories" alt="" coords="457,208,713,235">
<area shape="rect" href="$d4/d60/class_g_l_canvas_preview.html#ba5804f3d36810430bf1ef791e24893a" title="GLCanvasPreview.setAssembly" alt="" coords="484,259,687,285">
<area shape="rect" href="$de/de1/class_obj_oax_converter_frame.html#fbb70a0bbe48750e6a40126e2c984b96" title="ObjOaxConverterFrame.setAssemblyData" alt="" coords="453,309,717,336">
<area shape="rect" href="$de/de1/class_obj_oax_converter_frame.html#3bfc82fb03ae3e636a2561cad7c78820" title="ObjOaxConverterFrame.setData" alt="" coords="483,360,688,387">
<area shape="rect" href="$d5/de3/class_assembly.html#c9d3e547dd21a926b9f152bd42b01418" title="Assembly.draw" alt="" coords="829,5,939,32">
<area shape="rect" href="$d5/de3/class_assembly.html#44f97f5f715faf771cf9eb83db034b62" title="Assembly.getMaximumSize" alt="" coords="792,56,976,83">
<area shape="rect" href="$d4/d60/class_g_l_canvas_preview.html#91844a7698dbc06a00fff6a97f2548b1" title="GLCanvasPreview.InitLights" alt="" coords="795,107,973,133">
<area shape="rect" href="$de/de1/class_obj_oax_converter_frame.html#05e96039b3081ce6f4ffa9b947d9c46d" title="ObjOaxConverterFrame.max" alt="" coords="792,335,976,361">
<area shape="rect" href="$de/de1/class_obj_oax_converter_frame.html#63311802ac8232ef5608edb0d98608c8" title="ObjOaxConverterFrame.updateFrame" alt="" coords="767,385,1001,412">
