<area shape="rect" href="$d0/dcd/class_material_library.html#532c4081dfc373f96c71df6b74abf4e1" title="MaterialLibrary.getData" alt="" coords="204,107,359,133">
<area shape="rect" href="$d0/dcd/class_material_library.html#5b06fea24fd5c840ba7490043927964c" title="MaterialLibrary.getName" alt="" coords="200,157,363,184">
<area shape="rect" href="$d0/dcd/class_material_library.html#c8532dda59312125dd4d94905f2e93c5" title="MaterialLibrary.parseData" alt="" coords="412,107,580,133">
<area shape="rect" href="$dc/dee/class_material.html#9958f29fe9b703c6f83d1df2e40cccee" title="Material.setAlpha" alt="" coords="641,5,764,32">
<area shape="rect" href="$dc/dee/class_material.html#5b1080c49d37ef9e1437129bc557114f" title="Material.setAmbient" alt="" coords="635,56,771,83">
<area shape="rect" href="$dc/dee/class_material.html#8b9df15486c1511b1fbcb16ecc3d093d" title="Material.setDiffuse" alt="" coords="639,107,767,133">
<area shape="rect" href="$dc/dee/class_material.html#5024e322f0b29f5b4e9152dfb399eb36" title="Material.setShininess" alt="" coords="629,157,776,184">
<area shape="rect" href="$dc/dee/class_material.html#17085fa14459e7b2c32842a739ee1786" title="Material.setSpecular" alt="" coords="633,208,772,235">
<area shape="rect" href="$d9/ddd/class_color.html#752cf6305ef9fcad7a6f41ea99af3484" title="Color.setRGB" alt="" coords="824,107,925,133">
