<area shape="rect" href="$dc/db4/_app_8cpp.html" title="Y:/PROJECTS/GNR/src/App.cpp" alt="" coords="5,229,216,256">
<area shape="rect" href="$df/d4a/_oax_import_8h.html" title="Y:/PROJECTS/GNR/src/include/OaxImport.h" alt="" coords="332,80,612,107">
<area shape="rect" href="$dc/d55/_oax_import_8cpp.html" title="Y:/PROJECTS/GNR/src/OaxImport.cpp" alt="" coords="808,155,1056,181">
<area shape="rect" href="$db/d74/_object_import_8cpp.html" title="Y:/PROJECTS/GNR/src/ObjectImport.cpp" alt="" coords="687,80,951,107">
<area shape="rect" href="$df/d4d/_obj_oax_converter_8cpp.html" title="Y:/PROJECTS/GNR/src/ObjOaxConverter.cpp" alt="" coords="975,80,1263,107">
<area shape="rect" href="$df/d60/_opx_import_8h.html" title="Y:/PROJECTS/GNR/src/include/OpxImport.h" alt="" coords="173,155,453,181">
<area shape="rect" href="$d7/d9d/_tree_library_controller_8cpp.html" title="Y:/PROJECTS/GNR/src/TreeLibraryController.cpp" alt="" coords="477,155,784,181">
<area shape="rect" href="$d2/d85/_opx_import_8cpp.html" title="Y:/PROJECTS/GNR/src/OpxImport.cpp" alt="" coords="240,229,488,256">
