<area shape="rect" href="$da/d43/class_g_l_camera.html" title="GLCamera" alt="" coords="844,352,927,379">
<area shape="rect" href="$d6/db5/class_scene.html" title="Scene" alt="" coords="1127,227,1185,253">
<area shape="rect" href="$d0/d72/class_vertex.html" title="Vertex" alt="" coords="488,352,547,379">
<area shape="rect" title="STL class." alt="" coords="149,548,256,575">
<area shape="rect" href="$da/db9/class_tree_library_controller.html" title="TreeLibraryController" alt="" coords="1087,445,1225,472">
<area shape="rect" href="$d7/d55/class_library.html" title="Library" alt="" coords="856,468,915,495">
<area shape="rect" href="$d5/d8e/class_library_entry.html" title="LibraryEntry" alt="" coords="157,455,248,481">
<area shape="rect" href="$d3/d38/class_library_category.html" title="LibraryCategory" alt="" coords="147,404,259,431">
<area shape="rect" href="$d5/de3/class_assembly.html" title="Assembly" alt="" coords="845,61,925,88">
<area shape="rect" href="$d5/d7b/class_g_l_canvas.html" title="GLCanvas" alt="" coords="477,229,557,256">
<area shape="rect" href="$d7/df1/class_g_l_canvas2_d.html" title="GLCanvas2D" alt="" coords="837,229,933,256">
<area shape="rect" href="$d5/dbf/class_g_l_canvas3_d.html" title="GLCanvas3D" alt="" coords="837,280,933,307">
