<area shape="rect" href="$d5/de3/class_assembly.html#81b768170169fb530d07052578fbfcbc" title="Assembly.addPart" alt="" coords="203,93,331,120">
<area shape="rect" href="$d5/de3/class_assembly.html#058c470dea4bb4219b91f55845d0a1ed" title="Assembly.getParent" alt="" coords="197,144,336,171">
<area shape="rect" href="$d6/db5/class_scene.html#9734d1bd04f724bc375d31915478470a" title="Scene.getRootAssembly" alt="" coords="184,195,349,221">
<area shape="rect" href="$df/db6/class_opx_import.html#d6a563620749753ef831f86f8a3d36e3" title="OpxImport.loadOax" alt="" coords="200,245,333,272">
<area shape="rect" href="$da/d43/class_g_l_camera.html#9de9fa5f939f1465625a3c5fc2f173f5" title="GLCamera.setAngles" alt="" coords="195,296,339,323">
<area shape="rect" href="$d5/de3/class_assembly.html#d6715a05dd1d5240b8b0e6345fb5bf16" title="Assembly.setPhi" alt="" coords="207,397,327,424">
<area shape="rect" href="$d5/de3/class_assembly.html#1f24187a03e00c813beb502730fb591f" title="Assembly.setPhiTheta" alt="" coords="191,448,343,475">
<area shape="rect" href="$da/d43/class_g_l_camera.html#661fafad3a3d2322983cdbe9112f64a8" title="GLCamera.setPosition" alt="" coords="191,347,343,373">
<area shape="rect" href="$d5/de3/class_assembly.html#3acb7ddc0768b9df3d3d64b3da257502" title="Assembly.setRho" alt="" coords="205,499,328,525">
<area shape="rect" href="$d5/de3/class_assembly.html#e50db1dfa2b5b4a70a282d81575505cd" title="Assembly.setTheta" alt="" coords="200,549,333,576">
<area shape="rect" href="$d5/de3/class_assembly.html#56f378fe7ea1f382ebf0e74f58a57de5" title="Assembly.setType" alt="" coords="203,600,331,627">
<area shape="rect" href="$d5/de3/class_assembly.html#29396095e0edb6d35adc1f80f9c1e0a8" title="Assembly.setVisible" alt="" coords="197,651,336,677">
<area shape="rect" href="$d5/de3/class_assembly.html#07da46a086265e97eb381e66ad360f08" title="Assembly.setX" alt="" coords="213,701,320,728">
<area shape="rect" href="$d5/de3/class_assembly.html#21678e96e6476f9428f9c47245819cad" title="Assembly.setXYZ" alt="" coords="205,752,328,779">
<area shape="rect" href="$d5/de3/class_assembly.html#7ac9226c8eaad8ff2f8c310b770b09c2" title="Assembly.setY" alt="" coords="212,803,321,829">
<area shape="rect" href="$d5/de3/class_assembly.html#ed7ceedea1df9f844944b62caad23eab" title="Assembly.setZ" alt="" coords="213,853,320,880">
<area shape="rect" href="$d5/de3/class_assembly.html#e1d579217f8c210460273ca630a1fed2" title="Assembly.setParent" alt="" coords="427,93,565,120">
<area shape="rect" href="$da/db9/class_tree_library_controller.html#e54c061f0de97051719e8c757d9a3fa2" title="TreeLibraryController.addEntry" alt="" coords="399,144,593,171">
<area shape="rect" href="$da/db9/class_tree_library_controller.html#16ee8a0d6261e8f4f1a36dc440e9fcba" title="TreeLibraryController.addCategory" alt="" coords="644,195,860,221">
<area shape="rect" href="$d7/d55/class_library.html#57716ceadd535cdf2cda839956fb2f49" title="Library.addEntry" alt="" coords="695,17,809,44">
<area shape="rect" href="$da/db9/class_tree_library_controller.html#a5412c72591c9b11834cb38828adb02e" title="TreeLibraryController.buildTreeCtrl" alt="" coords="644,93,860,120">
<area shape="rect" href="$da/db0/md5_8h.html#c28f7ef9fc0d548fc5a5e79cca7d8703" title="MD5wxString" alt="" coords="703,144,801,171">
<area shape="rect" href="$d7/d55/class_library.html#98a9ccd121a64ba219dd8565aa475c8b" title="Library.addXmlEntry" alt="" coords="939,5,1075,32">
<area shape="rect" href="$d9/d69/class_tree_library_item_data.html#e78b2089aa650bacbac41f6d3668bf99" title="TreeLibraryItemData.setCat" alt="" coords="917,56,1096,83">
<area shape="rect" href="$d9/d69/class_tree_library_item_data.html#2e527b77a97a46c7057fb695362d13a6" title="TreeLibraryItemData.setName" alt="" coords="911,107,1103,133">
<area shape="rect" href="$da/db0/md5_8h.html#ff6639c4ae4a6e8a58f5d4c9717fa96c" title="MD5String" alt="" coords="965,157,1048,184">
<area shape="rect" href="$d0/dc3/classmd5.html#df224b7d8e24928728f3b2566407b2c4" title="md5.Digest" alt="" coords="1156,81,1244,108">
<area shape="rect" href="$d0/dc3/classmd5.html#5a065283b42c8374b5f937ea087f9096" title="md5.Finalize" alt="" coords="1152,132,1248,159">
<area shape="rect" href="$d0/dc3/classmd5.html#64195e7847737ed0659670fbb308f163" title="md5.Update" alt="" coords="1299,183,1389,209">
<area shape="rect" href="$da/db0/md5_8h.html#99ee20268fb2fe1a3f7adae64b1f4a3f" title="PrintMD5" alt="" coords="1163,233,1237,260">
<area shape="rect" href="$d0/dc3/classmd5.html#dfe81837bda1d0b829a37cc800ca0495" title="md5.Encode" alt="" coords="1297,132,1391,159">
<area shape="rect" href="$d0/dc3/classmd5.html#bbeca754ac265bb35283d10c8af9fefd" title="md5.Transform" alt="" coords="1441,183,1548,209">
<area shape="rect" href="$d0/dc3/classmd5.html#f08b67f8cd77b239e64584061fb1aae9" title="md5.Decode" alt="" coords="1599,81,1692,108">
<area shape="rect" href="$d0/dc3/classmd5.html#bc5788b3478493e4139a7b4414ccc526" title="md5.FF" alt="" coords="1612,132,1679,159">
<area shape="rect" href="$d0/dc3/classmd5.html#c93c527d6820f58a5a1261c0b64cc469" title="md5.GG" alt="" coords="1611,183,1680,209">
<area shape="rect" href="$d0/dc3/classmd5.html#595221446ca66d8524045e657cb87ec7" title="md5.HH" alt="" coords="1612,233,1679,260">
<area shape="rect" href="$d0/dc3/classmd5.html#f5060306461807c31d2f63d64a0547af" title="md5.II" alt="" coords="1617,284,1673,311">
<area shape="rect" href="$d0/dc3/classmd5.html#fe0cf32ec171dc3e97cc7880a8a47aeb" title="md5.F" alt="" coords="1767,107,1825,133">
<area shape="rect" href="$d0/dc3/classmd5.html#41a99ff786be45c6629c420a476f2d90" title="md5.rotate_left" alt="" coords="1743,208,1849,235">
<area shape="rect" href="$d0/dc3/classmd5.html#5243ae06ae6841a94441e75a3e7d7621" title="md5.G" alt="" coords="1767,157,1825,184">
<area shape="rect" href="$d0/dc3/classmd5.html#b95d801280a9bdc2df6aa0d31cf52e0e" title="md5.H" alt="" coords="1767,259,1825,285">
<area shape="rect" href="$d0/dc3/classmd5.html#5d2b6e72af314caac5410e6cb80a39f4" title="md5.I" alt="" coords="1769,309,1823,336">
<area shape="rect" href="$d0/d72/class_vertex.html#4443fbe7be5882e4f662ac874f63f0a8" title="Vertex.normalize" alt="" coords="436,195,556,221">
<area shape="rect" href="$d0/d72/class_vertex.html#40a9d8a482417b54f069af45dd27370c" title="Vertex.rotate" alt="" coords="448,245,544,272">
<area shape="rect" href="$d0/d72/class_vertex.html#d2c370f9731b0c2f10e97962c1813e64" title="Vertex.setX" alt="" coords="452,296,540,323">
<area shape="rect" href="$d0/d72/class_vertex.html#4f844b660a6ba3d69f5dbf320aae9b79" title="Vertex.setY" alt="" coords="451,397,541,424">
<area shape="rect" href="$d0/d72/class_vertex.html#78a5114dee466cc217883443b9e5f017" title="Vertex.setZ" alt="" coords="452,347,540,373">
<area shape="rect" href="$d0/d72/class_vertex.html#194518d7172844246326629b192e9773" title="Vertex.length" alt="" coords="703,245,801,272">
<area shape="rect" href="$d0/d72/class_vertex.html#ec30db203626f77d260e33726a30b5ca" title="Vertex.getY" alt="" coords="451,448,541,475">
