<area shape="rect" href="$df/db6/class_opx_import.html#202bc9e257fd2654906cc2c1588595fa" title="OpxImport.loadXml" alt="" coords="199,436,329,463">
<area shape="rect" href="$d6/db5/class_scene.html#bbf21c78f3e75ea87f49df29e28c9997" title="Scene.refreshTreeAndCanvas" alt="" coords="168,841,360,868">
<area shape="rect" href="$d5/de3/class_assembly.html#81b768170169fb530d07052578fbfcbc" title="Assembly.addPart" alt="" coords="443,31,571,57">
<area shape="rect" href="$d5/de3/class_assembly.html#058c470dea4bb4219b91f55845d0a1ed" title="Assembly.getParent" alt="" coords="437,81,576,108">
<area shape="rect" href="$d6/db5/class_scene.html#9734d1bd04f724bc375d31915478470a" title="Scene.getRootAssembly" alt="" coords="424,132,589,159">
<area shape="rect" href="$df/db6/class_opx_import.html#d6a563620749753ef831f86f8a3d36e3" title="OpxImport.loadOax" alt="" coords="440,183,573,209">
<area shape="rect" href="$da/d43/class_g_l_camera.html#9de9fa5f939f1465625a3c5fc2f173f5" title="GLCamera.setAngles" alt="" coords="435,233,579,260">
<area shape="rect" href="$d5/de3/class_assembly.html#d6715a05dd1d5240b8b0e6345fb5bf16" title="Assembly.setPhi" alt="" coords="447,284,567,311">
<area shape="rect" href="$d5/de3/class_assembly.html#1f24187a03e00c813beb502730fb591f" title="Assembly.setPhiTheta" alt="" coords="431,335,583,361">
<area shape="rect" href="$da/d43/class_g_l_camera.html#661fafad3a3d2322983cdbe9112f64a8" title="GLCamera.setPosition" alt="" coords="431,385,583,412">
<area shape="rect" href="$d5/de3/class_assembly.html#3acb7ddc0768b9df3d3d64b3da257502" title="Assembly.setRho" alt="" coords="445,436,568,463">
<area shape="rect" href="$d5/de3/class_assembly.html#e50db1dfa2b5b4a70a282d81575505cd" title="Assembly.setTheta" alt="" coords="440,487,573,513">
<area shape="rect" href="$d5/de3/class_assembly.html#56f378fe7ea1f382ebf0e74f58a57de5" title="Assembly.setType" alt="" coords="443,537,571,564">
<area shape="rect" href="$d5/de3/class_assembly.html#29396095e0edb6d35adc1f80f9c1e0a8" title="Assembly.setVisible" alt="" coords="437,588,576,615">
<area shape="rect" href="$d5/de3/class_assembly.html#07da46a086265e97eb381e66ad360f08" title="Assembly.setX" alt="" coords="453,639,560,665">
<area shape="rect" href="$d5/de3/class_assembly.html#21678e96e6476f9428f9c47245819cad" title="Assembly.setXYZ" alt="" coords="445,689,568,716">
<area shape="rect" href="$d5/de3/class_assembly.html#7ac9226c8eaad8ff2f8c310b770b09c2" title="Assembly.setY" alt="" coords="452,740,561,767">
<area shape="rect" href="$d5/de3/class_assembly.html#ed7ceedea1df9f844944b62caad23eab" title="Assembly.setZ" alt="" coords="453,791,560,817">
<area shape="rect" href="$d5/de3/class_assembly.html#e1d579217f8c210460273ca630a1fed2" title="Assembly.setParent" alt="" coords="683,31,821,57">
<area shape="rect" href="$da/db9/class_tree_library_controller.html#e54c061f0de97051719e8c757d9a3fa2" title="TreeLibraryController.addEntry" alt="" coords="655,107,849,133">
<area shape="rect" href="$da/db9/class_tree_library_controller.html#16ee8a0d6261e8f4f1a36dc440e9fcba" title="TreeLibraryController.addCategory" alt="" coords="900,5,1116,32">
<area shape="rect" href="$d7/d55/class_library.html#57716ceadd535cdf2cda839956fb2f49" title="Library.addEntry" alt="" coords="951,56,1065,83">
<area shape="rect" href="$da/db9/class_tree_library_controller.html#a5412c72591c9b11834cb38828adb02e" title="TreeLibraryController.buildTreeCtrl" alt="" coords="900,107,1116,133">
<area shape="rect" href="$da/db0/md5_8h.html#c28f7ef9fc0d548fc5a5e79cca7d8703" title="MD5wxString" alt="" coords="959,157,1057,184">
<area shape="rect" href="$d7/d55/class_library.html#98a9ccd121a64ba219dd8565aa475c8b" title="Library.addXmlEntry" alt="" coords="1195,31,1331,57">
<area shape="rect" href="$d9/d69/class_tree_library_item_data.html#e78b2089aa650bacbac41f6d3668bf99" title="TreeLibraryItemData.setCat" alt="" coords="1173,81,1352,108">
<area shape="rect" href="$d9/d69/class_tree_library_item_data.html#2e527b77a97a46c7057fb695362d13a6" title="TreeLibraryItemData.setName" alt="" coords="1167,132,1359,159">
<area shape="rect" href="$da/db0/md5_8h.html#ff6639c4ae4a6e8a58f5d4c9717fa96c" title="MD5String" alt="" coords="1221,183,1304,209">
<area shape="rect" href="$d0/d72/class_vertex.html#4443fbe7be5882e4f662ac874f63f0a8" title="Vertex.normalize" alt="" coords="692,183,812,209">
<area shape="rect" href="$d0/d72/class_vertex.html#40a9d8a482417b54f069af45dd27370c" title="Vertex.rotate" alt="" coords="704,233,800,260">
<area shape="rect" href="$d0/d72/class_vertex.html#d2c370f9731b0c2f10e97962c1813e64" title="Vertex.setX" alt="" coords="708,284,796,311">
<area shape="rect" href="$d0/d72/class_vertex.html#4f844b660a6ba3d69f5dbf320aae9b79" title="Vertex.setY" alt="" coords="707,385,797,412">
<area shape="rect" href="$d0/d72/class_vertex.html#78a5114dee466cc217883443b9e5f017" title="Vertex.setZ" alt="" coords="708,335,796,361">
<area shape="rect" href="$d0/d72/class_vertex.html#194518d7172844246326629b192e9773" title="Vertex.length" alt="" coords="959,208,1057,235">
<area shape="rect" href="$d0/d72/class_vertex.html#ec30db203626f77d260e33726a30b5ca" title="Vertex.getY" alt="" coords="707,436,797,463">
<area shape="rect" href="$d6/db5/class_scene.html#5b81137c9b7c995108175d8a24f822ae" title="Scene.glRefresh" alt="" coords="449,841,564,868">
<area shape="rect" href="$d1/d0e/class_notify_event.html#f51e30f058656f7f19536efc049be923" title="NotifyEvent.setGNREventType" alt="" coords="409,892,604,919">
<area shape="rect" href="$d6/db5/class_scene.html#580685ed1d9c3532b7bdc7490e7fabd6" title="Scene.glRefresh2D" alt="" coords="687,816,817,843">
<area shape="rect" href="$d6/db5/class_scene.html#878e7df9248559e82a5a6ec8195ff536" title="Scene.glRefresh3D" alt="" coords="687,867,817,893">
<area shape="rect" href="$d6/db5/class_scene.html#dea4ebae5d8170217e1a979855c55917" title="Scene.glRefreshCanvas" alt="" coords="929,841,1087,868">
<area shape="rect" href="$d5/de3/class_assembly.html#c9d3e547dd21a926b9f152bd42b01418" title="Assembly.draw" alt="" coords="1208,639,1317,665">
<area shape="rect" href="$d5/d7b/class_g_l_canvas.html#4e773fd347676178e60015ddd22768ad" title="GLCanvas.drawBaseFloor" alt="" coords="1177,689,1348,716">
<area shape="rect" href="$d5/de3/class_assembly.html#af5da3f7a8447c83399e0b58596450e1" title="Assembly.drawShadow" alt="" coords="1185,740,1340,767">
<area shape="rect" href="$d5/d7b/class_g_l_canvas.html#58d78457618b3e3c0120ab9a7fd8addb" title="GLCanvas.endDraw" alt="" coords="1196,791,1329,817">
<area shape="rect" href="$d5/d7b/class_g_l_canvas.html#049a8ed970f34623a8845e19ae42ff5e" title="GLCanvas.endPixelBuffer" alt="" coords="1179,841,1347,868">
<area shape="rect" href="$d5/d7b/class_g_l_canvas.html#0a217a6dac41d7d16cb51bc2880b5e46" title="GLCanvas.initLights" alt="" coords="1195,892,1331,919">
<area shape="rect" href="$d5/d7b/class_g_l_canvas.html#a22fa22319bb80b056e1abf991cad0d7" title="GLCanvas.loadShadowMatrix" alt="" coords="1168,943,1357,969">
<area shape="rect" href="$d5/d7b/class_g_l_canvas.html#68ae53195e0e85373c2914c0f714b1ef" title="GLCanvas.prepareDraw" alt="" coords="1185,993,1340,1020">
<area shape="rect" href="$d5/d7b/class_g_l_canvas.html#c791e43686e1f7139ecccf8019a83db9" title="GLCanvas.preparePixelBuffer" alt="" coords="1168,1044,1357,1071">
