<area shape="rect" href="$d7/d43/_v_n_t_8h.html" title="Y:/PROJECTS/GNR/src/include/VNT.h" alt="" coords="5117,80,5363,107">
<area shape="rect" href="$d5/d69/_primitive_creator_8cpp.html" title="Y:/PROJECTS/GNR/src/PrimitiveCreator.cpp" alt="" coords="5240,379,5520,405">
<area shape="rect" href="$d1/df9/_t_coord_8cpp.html" title="Y:/PROJECTS/GNR/src/TCoord.cpp" alt="" coords="5565,80,5795,107">
<area shape="rect" href="$db/d71/_face_8h.html" title="Y:/PROJECTS/GNR/src/include/Face.h" alt="" coords="4679,155,4927,181">
<area shape="rect" href="$db/d74/_object_import_8cpp.html" title="Y:/PROJECTS/GNR/src/ObjectImport.cpp" alt="" coords="4827,453,5091,480">
<area shape="rect" href="$d4/d8c/_v_n_t_8cpp.html" title="Y:/PROJECTS/GNR/src/VNT.cpp" alt="" coords="5277,155,5491,181">
<area shape="rect" href="$d6/ded/_assembly_8h.html" title="Y:/PROJECTS/GNR/src/include/Assembly.h" alt="" coords="2600,229,2877,256">
<area shape="rect" href="$d1/d82/_primitive_creator_8h.html" title="Y:/PROJECTS/GNR/src/include/PrimitiveCreator.h" alt="" coords="4840,304,5152,331">
<area shape="rect" href="$d9/d60/_face_8cpp.html" title="Y:/PROJECTS/GNR/src/Face.cpp" alt="" coords="4547,229,4765,256">
<area shape="rect" href="$d3/dfc/_assembly_8cpp.html" title="Y:/PROJECTS/GNR/src/Assembly.cpp" alt="" coords="3496,304,3744,331">
<area shape="rect" href="$d5/d67/_assembly_data_frame_8h.html" title="Y:/PROJECTS/GNR/src/include/AssemblyDataFrame.h" alt="" coords="3513,528,3855,555">
<area shape="rect" href="$d1/d5b/_g_l_canvas_8h.html" title="Y:/PROJECTS/GNR/src/include/GLCanvas.h" alt="" coords="1299,304,1579,331">
<area shape="rect" href="$de/d56/_scene_8h.html" title="Y:/PROJECTS/GNR/src/include/Scene.h" alt="" coords="577,528,833,555">
<area shape="rect" href="$d4/d18/_mouse_controller_8h.html" title="Y:/PROJECTS/GNR/src/include/MouseController.h" alt="" coords="76,752,391,779">
<area shape="rect" href="$d0/dbc/_g_l_canvas_preview_8h.html" title="Y:/PROJECTS/GNR/src/include/GLCanvasPreview.h" alt="" coords="1567,379,1889,405">
<area shape="rect" href="$da/dc5/_notify_event_8h.html" title="Y:/PROJECTS/GNR/src/include/NotifyEvent.h" alt="" coords="2199,528,2484,555">
<area shape="rect" href="$d2/dcd/_mediator_8h.html" title="Y:/PROJECTS/GNR/src/include/Mediator.h" alt="" coords="617,603,887,629">
<area shape="rect" href="$d4/da2/_assembly_mediator_8h.html" title="Y:/PROJECTS/GNR/src/include/AssemblyMediator.h" alt="" coords="1287,677,1615,704">
<area shape="rect" href="$d8/d07/_wall_mediator_8h.html" title="Y:/PROJECTS/GNR/src/include/WallMediator.h" alt="" coords="44,677,340,704">
<area shape="rect" href="$d1/d76/_tree_control_event_8h.html" title="Y:/PROJECTS/GNR/src/include/TreeControlEvent.h" alt="" coords="4207,603,4524,629">
<area shape="rect" href="$df/db9/_tree_scene_controller_8h.html" title="Y:/PROJECTS/GNR/src/include/TreeSceneController.h" alt="" coords="229,379,565,405">
<area shape="rect" href="$d0/d3e/_tree_scene_item_data_8h.html" title="Y:/PROJECTS/GNR/src/include/TreeSceneItemData.h" alt="" coords="3156,528,3489,555">
<area shape="rect" href="$d5/d8c/_command_transform_8h.html" title="Y:/PROJECTS/GNR/src/include/CommandTransform.h" alt="" coords="2776,304,3112,331">
<area shape="rect" href="$d9/dd2/_grid_scene_controller_8h.html" title="Y:/PROJECTS/GNR/src/include/GridSceneController.h" alt="" coords="3136,304,3472,331">
<area shape="rect" href="$de/d4a/_import_file_8h.html" title="Y:/PROJECTS/GNR/src/include/ImportFile.h" alt="" coords="4305,304,4583,331">
<area shape="rect" href="$d9/db5/_object_import_8h.html" title="Y:/PROJECTS/GNR/src/include/ObjectImport.h" alt="" coords="4289,379,4583,405">
<area shape="rect" href="$df/d4a/_oax_import_8h.html" title="Y:/PROJECTS/GNR/src/include/OaxImport.h" alt="" coords="4472,453,4752,480">
<area shape="rect" href="$df/d28/_oax_export_8h.html" title="Y:/PROJECTS/GNR/src/include/OaxExport.h" alt="" coords="4649,752,4932,779">
<area shape="rect" href="$d4/dc2/_assembly_data_frame_8cpp.html" title="Y:/PROJECTS/GNR/src/AssemblyDataFrame.cpp" alt="" coords="3495,603,3807,629">
<area shape="rect" href="$d9/d63/_tree_scene_ctrl_8h.html" title="Y:/PROJECTS/GNR/src/include/TreeSceneCtrl.h" alt="" coords="3831,603,4132,629">
<area shape="rect" href="$d9/d11/_app_8h.html" title="Y:/PROJECTS/GNR/src/include/App.h" alt="" coords="1340,827,1583,853">
<area shape="rect" href="$d2/d23/_tree_scene_ctrl_8cpp.html" title="Y:/PROJECTS/GNR/src/TreeSceneCtrl.cpp" alt="" coords="3845,677,4117,704">
<area shape="rect" href="$dc/db4/_app_8cpp.html" title="Y:/PROJECTS/GNR/src/App.cpp" alt="" coords="4456,901,4667,928">
<area shape="rect" href="$d6/d71/_g_l_canvas_8cpp.html" title="Y:/PROJECTS/GNR/src/GLCanvas.cpp" alt="" coords="1063,603,1311,629">
<area shape="rect" href="$dd/df7/_g_l_canvas2_d_8h.html" title="Y:/PROJECTS/GNR/src/include/GLCanvas2D.h" alt="" coords="928,453,1224,480">
<area shape="rect" href="$dc/d47/_g_l_canvas3_d_8h.html" title="Y:/PROJECTS/GNR/src/include/GLCanvas3D.h" alt="" coords="557,453,853,480">
<area shape="rect" href="$d9/d44/_scene_8cpp.html" title="Y:/PROJECTS/GNR/src/Scene.cpp" alt="" coords="3244,603,3471,629">
<area shape="rect" href="$d8/da4/_mouse_controller_8cpp.html" title="Y:/PROJECTS/GNR/src/MouseController.cpp" alt="" coords="92,827,375,853">
<area shape="rect" href="$d6/dc9/_g_l_canvas_preview_8cpp.html" title="Y:/PROJECTS/GNR/src/GLCanvasPreview.cpp" alt="" coords="1400,453,1691,480">
<area shape="rect" href="$d3/d32/_obj_oax_converter_8h.html" title="Y:/PROJECTS/GNR/src/include/ObjOaxConverter.h" alt="" coords="3384,752,3701,779">
<area shape="rect" href="$da/d14/_obj_oax_converter_frame_8h.html" title="Y:/PROJECTS/GNR/src/include/ObjOaxConverterFrame.h" alt="" coords="1969,453,2324,480">
<area shape="rect" href="$de/dcd/_obj_oax_converter_frame_8cpp.html" title="Y:/PROJECTS/GNR/src/ObjOaxConverterFrame.cpp" alt="" coords="1335,603,1657,629">
<area shape="rect" href="$d2/d47/_main_frame_8cpp.html" title="Y:/PROJECTS/GNR/src/MainFrame.cpp" alt="" coords="2639,603,2892,629">
<area shape="rect" href="$d8/dda/_notify_event_8cpp.html" title="Y:/PROJECTS/GNR/src/NotifyEvent.cpp" alt="" coords="2916,603,3169,629">
<area shape="rect" href="$d8/d9d/_tree_panel_library_8cpp.html" title="Y:/PROJECTS/GNR/src/TreePanelLibrary.cpp" alt="" coords="1732,603,2017,629">
<area shape="rect" href="$d6/d89/_tree_panel_my_scene_8cpp.html" title="Y:/PROJECTS/GNR/src/TreePanelMyScene.cpp" alt="" coords="2041,603,2343,629">
<area shape="rect" href="$d2/d55/_undo_redo_8cpp.html" title="Y:/PROJECTS/GNR/src/UndoRedo.cpp" alt="" coords="2367,603,2615,629">
<area shape="rect" href="$d0/d58/_g_l_camera_mediator_8h.html" title="Y:/PROJECTS/GNR/src/include/GLCameraMediator.h" alt="" coords="881,677,1212,704">
<area shape="rect" href="$dd/d36/_mediator_8cpp.html" title="Y:/PROJECTS/GNR/src/Mediator.cpp" alt="" coords="617,677,857,704">
