<area shape="rect" href="$de/d85/_undo_redo_8h.html" title="UndoRedo.h" alt="" coords="509,80,600,107">
<area shape="rect" href="$da/dc5/_notify_event_8h.html" title="NotifyEvent.h" alt="" coords="711,80,807,107">
<area shape="rect" href="$dd/dd8/_enum_8h.html" title="Enum.h" alt="" coords="1193,453,1260,480">
<area shape="rect" href="$d6/d37/_command_8h.html" title="Command.h" alt="" coords="453,155,544,181">
<area shape="rect" href="$d6/ded/_assembly_8h.html" title="Assembly.h" alt="" coords="1009,379,1100,405">
<area shape="rect" href="$da/d14/_obj_oax_converter_frame_8h.html" title="ObjOaxConverterFrame.h" alt="" coords="675,155,843,181">
<area shape="rect" href="$db/d71/_face_8h.html" title="Face.h" alt="" coords="831,453,892,480">
<area shape="rect" href="$d8/dcb/_vertex_8h.html" title="Vertex.h" alt="" coords="640,603,709,629">
<area shape="rect" href="$d3/d09/_material_8h.html" title="Material.h" alt="" coords="916,453,993,480">
<area shape="rect" href="$d7/d43/_v_n_t_8h.html" title="VNT.h" alt="" coords="779,528,835,555">
<area shape="rect" href="$d8/d09/_t_coord_8h.html" title="TCoord.h" alt="" coords="771,603,843,629">
<area shape="rect" href="$d0/d7f/_assembly_data_8h.html" title="AssemblyData.h" alt="" coords="1335,453,1452,480">
<area shape="rect" href="$d0/dbc/_g_l_canvas_preview_8h.html" title="GLCanvasPreview.h" alt="" coords="947,229,1083,256">
<area shape="rect" href="$d2/d46/_global_define_8h.html" title="GlobalDefine.h" alt="" coords="768,229,872,256">
<area shape="rect" href="$d1/d5b/_g_l_canvas_8h.html" title="GLCanvas.h" alt="" coords="927,304,1017,331">
<area shape="rect" href="$d5/de8/_g_l_camera_8h.html" title="GLCamera.h" alt="" coords="573,379,667,405">
