<area shape="rect" href="$df/de4/class_undo_redo.html#cb248ef0312504a4e603420a991c96fa" title="UndoRedo.enqueue" alt="" coords="276,5,409,32">
<area shape="rect" href="$df/de4/class_undo_redo.html#2ef33504b778ec298bac61b17fa2a089" title="UndoRedo.getInstance" alt="" coords="267,56,419,83">
<area shape="rect" href="$d5/de3/class_assembly.html#b4e654c172af4bcae37e719f94acb555" title="Assembly.getPhi" alt="" coords="283,107,403,133">
<area shape="rect" href="$d5/de3/class_assembly.html#34a8d045ba09fa4c42b0d661d1a39ad1" title="Assembly.getRho" alt="" coords="281,157,404,184">
<area shape="rect" href="$d5/de3/class_assembly.html#dd3e75ea0452b38a7be52572b0e68f05" title="Assembly.getTheta" alt="" coords="276,208,409,235">
<area shape="rect" href="$d5/de3/class_assembly.html#b8d061698a200a8ecc1d2a9f69661c07" title="Assembly.getX" alt="" coords="289,259,396,285">
<area shape="rect" href="$d5/de3/class_assembly.html#d219deaf4879084d154265840408a3d5" title="Assembly.getY" alt="" coords="288,309,397,336">
<area shape="rect" href="$d5/de3/class_assembly.html#6218514a20e8d802c89884c8a50a20fd" title="Assembly.getZ" alt="" coords="289,360,396,387">
<area shape="rect" href="$d8/d49/class_command_transform.html#cfb26231739cba955032963bd7c508d2" title="CommandTransform.setAssembly" alt="" coords="235,411,451,437">
<area shape="rect" href="$d8/d49/class_command_transform.html#5df94cf1601fd4519688ae0be54f8fb0" title="CommandTransform.setNewAngles" alt="" coords="231,512,455,539">
<area shape="rect" href="$d8/d49/class_command_transform.html#3392de915d87241bd33a2795517a467f" title="CommandTransform.setNewPosition" alt="" coords="227,563,459,589">
<area shape="rect" href="$d8/d49/class_command_transform.html#749020afff570d1c6b75b31e98791192" title="CommandTransform.setOldAngles" alt="" coords="233,613,452,640">
<area shape="rect" href="$d8/d49/class_command_transform.html#2d645a6b9b4636da6e9d8e9140b88a41" title="CommandTransform.setOldPosition" alt="" coords="229,461,456,488">
<area shape="rect" href="$df/de4/class_undo_redo.html#a91dbeb6848ea0017fe5c0ff3f6d5072" title="UndoRedo.emptyRedoStack" alt="" coords="508,31,692,57">
<area shape="rect" href="$d1/d0e/class_notify_event.html#f51e30f058656f7f19536efc049be923" title="NotifyEvent.setGNREventType" alt="" coords="743,5,937,32">
<area shape="rect" href="$d0/d72/class_vertex.html#5052ff1eaa3994c79c8b693884127428" title="Vertex.getX" alt="" coords="556,487,644,513">
<area shape="rect" href="$d0/d72/class_vertex.html#ec30db203626f77d260e33726a30b5ca" title="Vertex.getY" alt="" coords="555,537,645,564">
<area shape="rect" href="$d0/d72/class_vertex.html#c6e94e1a137dd360f9dce1ccfa6058d7" title="Vertex.getZ" alt="" coords="556,588,644,615">
