<area shape="rect" href="$d5/de3/class_assembly.html#cf5f7fd39644be7e32bce1c6815223e3" title="Assembly.getCenterVertex" alt="" coords="236,5,412,32">
<area shape="rect" href="$d5/de3/class_assembly.html#b4e654c172af4bcae37e719f94acb555" title="Assembly.getPhi" alt="" coords="264,56,384,83">
<area shape="rect" href="$d5/de3/class_assembly.html#34a8d045ba09fa4c42b0d661d1a39ad1" title="Assembly.getRho" alt="" coords="263,107,385,133">
<area shape="rect" href="$d5/de3/class_assembly.html#ac0519cff9c90bba3c362349fe76eed2" title="Assembly.getScaleX" alt="" coords="253,157,395,184">
<area shape="rect" href="$d5/de3/class_assembly.html#8d3a77f94b2cfe82358008b8aad18fab" title="Assembly.getScaleY" alt="" coords="252,208,396,235">
<area shape="rect" href="$d5/de3/class_assembly.html#9b3bff9834170f24fcb5317f3a3df93b" title="Assembly.getScaleZ" alt="" coords="253,259,395,285">
<area shape="rect" href="$d5/de3/class_assembly.html#dd3e75ea0452b38a7be52572b0e68f05" title="Assembly.getTheta" alt="" coords="257,309,391,336">
<area shape="rect" href="$d5/de3/class_assembly.html#b8d061698a200a8ecc1d2a9f69661c07" title="Assembly.getX" alt="" coords="271,360,377,387">
<area shape="rect" href="$d5/de3/class_assembly.html#d219deaf4879084d154265840408a3d5" title="Assembly.getY" alt="" coords="269,411,379,437">
<area shape="rect" href="$d5/de3/class_assembly.html#6218514a20e8d802c89884c8a50a20fd" title="Assembly.getZ" alt="" coords="271,461,377,488">
