<area shape="rect" href="$dc/d1f/_tree_library_controller_8h.html" title="TreeLibraryController.h" alt="" coords="688,155,840,181">
<area shape="rect" href="$d5/de8/_g_l_camera_8h.html" title="GLCamera.h" alt="" coords="2024,304,2117,331">
<area shape="rect" href="$df/d4a/_oax_import_8h.html" title="OaxImport.h" alt="" coords="1044,80,1135,107">
<area shape="rect" href="$de/d56/_scene_8h.html" title="Scene.h" alt="" coords="2107,80,2176,107">
<area shape="rect" href="$db/dfc/_library_8h.html" title="Library.h" alt="" coords="503,229,575,256">
<area shape="rect" href="$d4/d65/_library_category_8h.html" title="LibraryCategory.h" alt="" coords="128,304,251,331">
<area shape="rect" href="$d8/d67/_library_entry_8h.html" title="LibraryEntry.h" alt="" coords="576,304,677,331">
<area shape="rect" href="$d5/da3/_tree_library_ctrl_8h.html" title="TreeLibraryCtrl.h" alt="" coords="707,229,821,256">
<area shape="rect" href="$d8/dcb/_vertex_8h.html" title="Vertex.h" alt="" coords="1805,528,1875,555">
<area shape="rect" href="$d6/ded/_assembly_8h.html" title="Assembly.h" alt="" coords="1668,304,1759,331">
<area shape="rect" href="$d9/db5/_object_import_8h.html" title="ObjectImport.h" alt="" coords="1392,155,1499,181">
<area shape="rect" href="$dd/dd8/_enum_8h.html" title="Enum.h" alt="" coords="1903,379,1969,405">
<area shape="rect" href="$db/d71/_face_8h.html" title="Face.h" alt="" coords="1615,379,1676,405">
<area shape="rect" href="$d3/d09/_material_8h.html" title="Material.h" alt="" coords="1388,379,1465,405">
<area shape="rect" href="$d7/d43/_v_n_t_8h.html" title="VNT.h" alt="" coords="1660,453,1716,480">
<area shape="rect" href="$d8/d09/_t_coord_8h.html" title="TCoord.h" alt="" coords="1660,528,1732,555">
<area shape="rect" href="$de/d4a/_import_file_8h.html" title="ImportFile.h" alt="" coords="1653,229,1741,256">
<area shape="rect" href="$df/d1f/_material_library_8h.html" title="MaterialLibrary.h" alt="" coords="1251,304,1368,331">
<area shape="rect" href="$dd/df7/_g_l_canvas2_d_8h.html" title="GLCanvas2D.h" alt="" coords="2227,155,2333,181">
<area shape="rect" href="$dc/d47/_g_l_canvas3_d_8h.html" title="GLCanvas3D.h" alt="" coords="2357,155,2464,181">
<area shape="rect" href="$d5/d44/_line_draw_event_8h.html" title="LineDrawEvent.h" alt="" coords="2035,155,2152,181">
<area shape="rect" href="$d1/d5b/_g_l_canvas_8h.html" title="GLCanvas.h" alt="" coords="2232,229,2323,256">
