<area shape="rect" href="$df/d1f/_material_library_8h.html" title="MaterialLibrary.h" alt="" coords="173,229,291,256">
<area shape="rect" href="$d9/db5/_object_import_8h.html" title="ObjectImport.h" alt="" coords="463,80,569,107">
<area shape="rect" href="$dd/dd8/_enum_8h.html" title="Enum.h" alt="" coords="859,304,925,331">
<area shape="rect" href="$db/d71/_face_8h.html" title="Face.h" alt="" coords="672,304,733,331">
<area shape="rect" href="$d7/d43/_v_n_t_8h.html" title="VNT.h" alt="" coords="885,379,941,405">
<area shape="rect" href="$d2/d46/_global_define_8h.html" title="GlobalDefine.h" alt="" coords="1051,80,1155,107">
<area shape="rect" href="$d3/d09/_material_8h.html" title="Material.h" alt="" coords="243,304,320,331">
<area shape="rect" href="$d6/ded/_assembly_8h.html" title="Assembly.h" alt="" coords="608,229,699,256">
<area shape="rect" href="$d8/dcb/_vertex_8h.html" title="Vertex.h" alt="" coords="773,453,843,480">
<area shape="rect" href="$de/d4a/_import_file_8h.html" title="ImportFile.h" alt="" coords="628,155,716,181">
<area shape="rect" href="$d8/d09/_t_coord_8h.html" title="TCoord.h" alt="" coords="891,453,963,480">
