<area shape="rect" href="$d4/d53/class_tree_panel_library.html" title="TreePanelLibrary" alt="" coords="1481,272,1599,299">
<area shape="rect" href="$d6/d7e/class_tree_scene_controller.html" title="TreeSceneController" alt="" coords="1471,323,1609,349">
<area shape="rect" href="$df/d01/class_tree_scene_ctrl.html" title="TreeSceneCtrl" alt="" coords="1144,552,1248,579">
<area shape="rect" href="$d0/d89/class_tree_scene_item_data.html" title="TreeSceneItemData" alt="" coords="753,552,889,579">
<area shape="rect" href="$d5/de3/class_assembly.html" title="Assembly" alt="" coords="439,553,519,580">
<area shape="rect" href="$dd/d63/class_assembly_data_frame.html" title="AssemblyDataFrame" alt="" coords="749,501,893,528">
<area shape="rect" href="$d9/d3a/class_mouse_controller.html" title="MouseController" alt="" coords="1483,373,1597,400">
<area shape="rect" href="$d6/db5/class_scene.html" title="Scene" alt="" coords="1167,671,1225,697">
<area shape="rect" href="$df/dbe/class_assembly_mediator.html" title="AssemblyMediator" alt="" coords="757,304,885,331">
<area shape="rect" href="$db/dd7/class_obj_oax_converter.html" title="ObjOaxConverter" alt="" coords="1480,893,1600,920">
<area shape="rect" href="$d4/d60/class_g_l_canvas_preview.html" title="GLCanvasPreview" alt="" coords="760,811,883,837">
<area shape="rect" href="$d7/df1/class_g_l_canvas2_d.html" title="GLCanvas2D" alt="" coords="773,937,869,964">
<area shape="rect" href="$d5/d7b/class_g_l_canvas.html" title="GLCanvas" alt="" coords="439,937,519,964">
<area shape="rect" href="$d5/dbf/class_g_l_canvas3_d.html" title="GLCanvas3D" alt="" coords="773,988,869,1015">
<area shape="rect" href="$da/db9/class_tree_library_controller.html" title="TreeLibraryController" alt="" coords="1471,1173,1609,1200">
<area shape="rect" href="$d7/d55/class_library.html" title="Library" alt="" coords="1167,1173,1225,1200">
<area shape="rect" href="$d5/d8e/class_library_entry.html" title="LibraryEntry" alt="" coords="433,1229,524,1256">
<area shape="rect" title="STL class." alt="" coords="425,1136,532,1163">
<area shape="rect" title="STL class." alt="" coords="147,1347,253,1373">
<area shape="rect" title="STL class." alt="" coords="155,1077,245,1104">
<area shape="rect" href="$d3/d38/class_library_category.html" title="LibraryCategory" alt="" coords="423,1280,535,1307">
<area shape="rect" href="$da/d43/class_g_l_camera.html" title="GLCamera" alt="" coords="437,209,520,236">
<area shape="rect" href="$d3/d90/class_g_l_camera_mediator.html" title="GLCameraMediator" alt="" coords="755,253,888,280">
<area shape="rect" href="$d0/d72/class_vertex.html" title="Vertex" alt="" coords="171,275,229,301">
<area shape="rect" href="$d0/d8e/class_wall_mediator.html" title="WallMediator" alt="" coords="773,69,869,96">
<area shape="rect" href="$d3/d14/class_mediator.html" title="Mediator" alt="" coords="443,144,515,171">
<area shape="rect" href="$d9/d49/class_g_l_camera_mediator2_d.html" title="GLCameraMediator2D" alt="" coords="1121,299,1271,325">
<area shape="rect" href="$d2/dd4/class_g_l_camera_mediator3_d.html" title="GLCameraMediator3D" alt="" coords="1121,248,1271,275">
<area shape="rect" href="$d4/d2a/class_assembly_mediator2_d.html" title="AssemblyMediator2D" alt="" coords="1124,349,1268,376">
<area shape="rect" href="$dc/d77/class_assembly_mediator3_d.html" title="AssemblyMediator3D" alt="" coords="1124,400,1268,427">
<area shape="rect" href="$d2/de4/class_tree_panel_my_scene.html" title="TreePanelMyScene" alt="" coords="1473,1288,1607,1315">
<area shape="rect" href="$d7/da3/class_tree_library_ctrl.html" title="TreeLibraryCtrl" alt="" coords="1488,1339,1592,1365">
<area shape="rect" href="$df/de4/class_undo_redo.html" title="UndoRedo" alt="" coords="1332,1371,1412,1397">
<area shape="rect" href="$d5/d6a/class_command.html" title="Command" alt="" coords="160,1296,240,1323">
<area shape="rect" href="$d0/d8c/struct_assembly_data.html" title="AssemblyData" alt="" coords="768,1039,875,1065">
<area shape="rect" href="$de/de1/class_obj_oax_converter_frame.html" title="ObjOaxConverterFrame" alt="" coords="1119,893,1273,920">
<area shape="rect" href="$df/d88/class_main_frame.html" title="MainFrame" alt="" coords="1497,1389,1583,1416">
