<area shape="rect" href="$df/d4a/_oax_import_8h.html" title="OaxImport.h" alt="" coords="861,80,952,107">
<area shape="rect" href="$d9/db5/_object_import_8h.html" title="ObjectImport.h" alt="" coords="713,155,820,181">
<area shape="rect" href="$d6/ded/_assembly_8h.html" title="Assembly.h" alt="" coords="721,304,812,331">
<area shape="rect" href="$dd/dd8/_enum_8h.html" title="Enum.h" alt="" coords="568,379,635,405">
<area shape="rect" href="$db/d71/_face_8h.html" title="Face.h" alt="" coords="760,379,821,405">
<area shape="rect" href="$d8/dcb/_vertex_8h.html" title="Vertex.h" alt="" coords="903,528,972,555">
<area shape="rect" href="$d3/d09/_material_8h.html" title="Material.h" alt="" coords="240,379,317,405">
<area shape="rect" href="$d7/d43/_v_n_t_8h.html" title="VNT.h" alt="" coords="764,453,820,480">
<area shape="rect" href="$d8/d09/_t_coord_8h.html" title="TCoord.h" alt="" coords="756,528,828,555">
<area shape="rect" href="$de/d4a/_import_file_8h.html" title="ImportFile.h" alt="" coords="723,229,811,256">
<area shape="rect" href="$df/d1f/_material_library_8h.html" title="MaterialLibrary.h" alt="" coords="220,304,337,331">
