<area shape="rect" href="$df/d4a/_oax_import_8h.html" title="OaxImport.h" alt="" coords="1089,80,1180,107">
<area shape="rect" href="$de/d56/_scene_8h.html" title="Scene.h" alt="" coords="433,80,503,107">
<area shape="rect" href="$dc/d1f/_tree_library_controller_8h.html" title="TreeLibraryController.h" alt="" coords="1597,155,1749,181">
<area shape="rect" href="$d8/d28/_tree_library_item_data_8h.html" title="TreeLibraryItemData.h" alt="" coords="2035,229,2181,256">
<area shape="rect" href="$da/db0/md5_8h.html" title="md5.h" alt="" coords="1824,379,1880,405">
<area shape="rect" href="$d6/ded/_assembly_8h.html" title="Assembly.h" alt="" coords="923,304,1013,331">
<area shape="rect" href="$d9/db5/_object_import_8h.html" title="ObjectImport.h" alt="" coords="780,155,887,181">
<area shape="rect" href="$dd/dd8/_enum_8h.html" title="Enum.h" alt="" coords="328,379,395,405">
<area shape="rect" href="$db/d71/_face_8h.html" title="Face.h" alt="" coords="1005,379,1067,405">
<area shape="rect" href="$d8/dcb/_vertex_8h.html" title="Vertex.h" alt="" coords="668,528,737,555">
<area shape="rect" href="$d3/d09/_material_8h.html" title="Material.h" alt="" coords="728,379,805,405">
<area shape="rect" href="$d7/d43/_v_n_t_8h.html" title="VNT.h" alt="" coords="1005,453,1061,480">
<area shape="rect" href="$de/d4a/_import_file_8h.html" title="ImportFile.h" alt="" coords="984,229,1072,256">
<area shape="rect" href="$df/d1f/_material_library_8h.html" title="MaterialLibrary.h" alt="" coords="605,304,723,331">
<area shape="rect" href="$d5/de8/_g_l_camera_8h.html" title="GLCamera.h" alt="" coords="53,304,147,331">
<area shape="rect" href="$dd/df7/_g_l_canvas2_d_8h.html" title="GLCanvas2D.h" alt="" coords="344,155,451,181">
<area shape="rect" href="$dc/d47/_g_l_canvas3_d_8h.html" title="GLCanvas3D.h" alt="" coords="213,155,320,181">
<area shape="rect" href="$d5/d44/_line_draw_event_8h.html" title="LineDrawEvent.h" alt="" coords="72,155,189,181">
<area shape="rect" href="$d1/d5b/_g_l_canvas_8h.html" title="GLCanvas.h" alt="" coords="309,229,400,256">
<area shape="rect" href="$db/dfc/_library_8h.html" title="Library.h" alt="" coords="1648,229,1720,256">
<area shape="rect" href="$d4/d65/_library_category_8h.html" title="LibraryCategory.h" alt="" coords="1723,304,1845,331">
<area shape="rect" href="$d8/d67/_library_entry_8h.html" title="LibraryEntry.h" alt="" coords="1869,304,1971,331">
<area shape="rect" href="$d5/da3/_tree_library_ctrl_8h.html" title="TreeLibraryCtrl.h" alt="" coords="1845,229,1960,256">
