<area shape="rect" href="$d7/d55/class_library.html#5a7420d100434456728f286e57836077" title="Library.openLibrary" alt="" coords="159,31,289,57">
<area shape="rect" href="$d7/d55/class_library.html#6eed11b7cd7e5428619326121bce640f" title="Library.createEmptyLibrary" alt="" coords="340,5,516,32">
<area shape="rect" href="$d7/d55/class_library.html#8b7585422a3183c49282afd047cba1eb" title="Library.LoadXml" alt="" coords="372,56,484,83">
<area shape="rect" href="$d7/d55/class_library.html#d0b99596c5bbcbb4990b3c7148700bf9" title="Library.addCategory" alt="" coords="567,5,703,32">
<area shape="rect" href="$d7/d55/class_library.html#57716ceadd535cdf2cda839956fb2f49" title="Library.addEntry" alt="" coords="577,56,692,83">
<area shape="rect" href="$d7/d55/class_library.html#79ce448708c105f8ce670bcd5dfc030b" title="Library.getParentId" alt="" coords="569,107,700,133">
<area shape="rect" href="$d7/d55/class_library.html#98a9ccd121a64ba219dd8565aa475c8b" title="Library.addXmlEntry" alt="" coords="753,56,889,83">
