<area shape="rect" href="$d7/da3/class_tree_library_ctrl.html#052fbd7aba9377ab9a037546144e0c70" title="TreeLibraryCtrl.OnDelete" alt="" coords="524,107,687,133">
<area shape="rect" href="$d7/da3/class_tree_library_ctrl.html#ee661caa6ad2e615cd30405d000a4bba" title="TreeLibraryCtrl.OnExport" alt="" coords="524,259,687,285">
<area shape="rect" href="$d7/da3/class_tree_library_ctrl.html#5caba81169a6d0e8dc3defa2aa18b548" title="TreeLibraryCtrl.OnItemActivated" alt="" coords="249,157,452,184">
<area shape="rect" href="$d7/da3/class_tree_library_ctrl.html#3a312d221755bd31f8b7487a024e2cad" title="TreeLibraryCtrl.OnPaste" alt="" coords="525,208,685,235">
<area shape="rect" href="$d7/da3/class_tree_library_ctrl.html#d9f72da99c78bee9e87c5add14db52a9" title="TreeLibraryCtrl.OnItemMenu" alt="" coords="513,5,697,32">
<area shape="rect" href="$d7/da3/class_tree_library_ctrl.html#1a113bae30541bf40c7dc748d0a712a6" title="TreeLibraryCtrl.OnMenuRename" alt="" coords="503,157,708,184">
<area shape="rect" href="$d7/da3/class_tree_library_ctrl.html#5f3c66b2ad05956261bec23d6db4771b" title="TreeLibraryCtrl.OnNewCategory" alt="" coords="504,309,707,336">
<area shape="rect" href="$d9/d69/class_tree_library_item_data.html#e37f3ad847a75230d94f5ec049ee8d53" title="TreeLibraryItemData.getCat" alt="" coords="769,63,948,89">
<area shape="rect" href="$d9/d69/class_tree_library_item_data.html#6e40e3a48610d807bb3ae8bc176ac1f8" title="TreeLibraryItemData.getName" alt="" coords="763,252,955,279">
<area shape="rect" href="$df/d02/class_tree_control_event.html#d2b49ac7f6b4405e32e7bd3700da2e06" title="TreeControlEvent.setCat" alt="" coords="779,139,939,165">
<area shape="rect" href="$df/d02/class_tree_control_event.html#60977a6d0c4dcf7e42c1d7df7b112826" title="TreeControlEvent.setEventType" alt="" coords="759,201,959,228">
<area shape="rect" href="$d7/da3/class_tree_library_ctrl.html#565fbd8eb7fa949789bee27ee8a7a1f4" title="TreeLibraryCtrl.showMenu" alt="" coords="773,5,944,32">
<area shape="rect" href="$df/d02/class_tree_control_event.html#73960b8855c3b2087cd6b665472d0228" title="TreeControlEvent.setNewName" alt="" coords="759,309,959,336">
