<area shape="rect" href="$d6/ded/_assembly_8h.html" title="Assembly.h" alt="" coords="253,229,344,256">
<area shape="rect" href="$d5/de8/_g_l_camera_8h.html" title="GLCamera.h" alt="" coords="563,229,656,256">
<area shape="rect" href="$dd/df7/_g_l_canvas2_d_8h.html" title="GLCanvas2D.h" alt="" coords="465,80,572,107">
<area shape="rect" href="$dc/d47/_g_l_canvas3_d_8h.html" title="GLCanvas3D.h" alt="" coords="335,80,441,107">
<area shape="rect" href="$d5/d44/_line_draw_event_8h.html" title="LineDrawEvent.h" alt="" coords="647,80,764,107">
<area shape="rect" href="$dd/dd8/_enum_8h.html" title="Enum.h" alt="" coords="503,304,569,331">
<area shape="rect" href="$db/d71/_face_8h.html" title="Face.h" alt="" coords="156,304,217,331">
<area shape="rect" href="$d8/dcb/_vertex_8h.html" title="Vertex.h" alt="" coords="452,453,521,480">
<area shape="rect" href="$d3/d09/_material_8h.html" title="Material.h" alt="" coords="261,304,339,331">
<area shape="rect" href="$d7/d43/_v_n_t_8h.html" title="VNT.h" alt="" coords="159,379,215,405">
<area shape="rect" href="$d8/d09/_t_coord_8h.html" title="TCoord.h" alt="" coords="151,453,223,480">
<area shape="rect" href="$d1/d5b/_g_l_canvas_8h.html" title="GLCanvas.h" alt="" coords="432,155,523,181">
